Archive member included to satisfy reference by file (symbol)

/opt/gcc-arm-none-eabi-8-2018-q4-major/bin/../lib/gcc/arm-none-eabi/8.2.1/../../../../arm-none-eabi/lib/thumb/v6-m/nofp/libc_nano.a(lib_a-assert.o)
                              build/mbrtu.o (__assert_func)
/opt/gcc-arm-none-eabi-8-2018-q4-major/bin/../lib/gcc/arm-none-eabi/8.2.1/../../../../arm-none-eabi/lib/thumb/v6-m/nofp/libc_nano.a(lib_a-exit.o)
                              /opt/gcc-arm-none-eabi-8-2018-q4-major/bin/../lib/gcc/arm-none-eabi/8.2.1/../../../../arm-none-eabi/lib/thumb/v6-m/nofp/crt0.o (exit)
/opt/gcc-arm-none-eabi-8-2018-q4-major/bin/../lib/gcc/arm-none-eabi/8.2.1/../../../../arm-none-eabi/lib/thumb/v6-m/nofp/libc_nano.a(lib_a-fprintf.o)
                              /opt/gcc-arm-none-eabi-8-2018-q4-major/bin/../lib/gcc/arm-none-eabi/8.2.1/../../../../arm-none-eabi/lib/thumb/v6-m/nofp/libc_nano.a(lib_a-assert.o) (fiprintf)
/opt/gcc-arm-none-eabi-8-2018-q4-major/bin/../lib/gcc/arm-none-eabi/8.2.1/../../../../arm-none-eabi/lib/thumb/v6-m/nofp/libc_nano.a(lib_a-impure.o)
                              /opt/gcc-arm-none-eabi-8-2018-q4-major/bin/../lib/gcc/arm-none-eabi/8.2.1/../../../../arm-none-eabi/lib/thumb/v6-m/nofp/libc_nano.a(lib_a-exit.o) (_global_impure_ptr)
/opt/gcc-arm-none-eabi-8-2018-q4-major/bin/../lib/gcc/arm-none-eabi/8.2.1/../../../../arm-none-eabi/lib/thumb/v6-m/nofp/libc_nano.a(lib_a-init.o)
                              /opt/gcc-arm-none-eabi-8-2018-q4-major/bin/../lib/gcc/arm-none-eabi/8.2.1/../../../../arm-none-eabi/lib/thumb/v6-m/nofp/crt0.o (__libc_init_array)
/opt/gcc-arm-none-eabi-8-2018-q4-major/bin/../lib/gcc/arm-none-eabi/8.2.1/../../../../arm-none-eabi/lib/thumb/v6-m/nofp/libc_nano.a(lib_a-memset.o)
                              /opt/gcc-arm-none-eabi-8-2018-q4-major/bin/../lib/gcc/arm-none-eabi/8.2.1/../../../../arm-none-eabi/lib/thumb/v6-m/nofp/crt0.o (memset)
/opt/gcc-arm-none-eabi-8-2018-q4-major/bin/../lib/gcc/arm-none-eabi/8.2.1/../../../../arm-none-eabi/lib/thumb/v6-m/nofp/libc_nano.a(lib_a-nano-vfprintf.o)
                              /opt/gcc-arm-none-eabi-8-2018-q4-major/bin/../lib/gcc/arm-none-eabi/8.2.1/../../../../arm-none-eabi/lib/thumb/v6-m/nofp/libc_nano.a(lib_a-fprintf.o) (_vfprintf_r)
/opt/gcc-arm-none-eabi-8-2018-q4-major/bin/../lib/gcc/arm-none-eabi/8.2.1/../../../../arm-none-eabi/lib/thumb/v6-m/nofp/libc_nano.a(lib_a-nano-vfprintf_i.o)
                              /opt/gcc-arm-none-eabi-8-2018-q4-major/bin/../lib/gcc/arm-none-eabi/8.2.1/../../../../arm-none-eabi/lib/thumb/v6-m/nofp/libc_nano.a(lib_a-nano-vfprintf.o) (_printf_i)
/opt/gcc-arm-none-eabi-8-2018-q4-major/bin/../lib/gcc/arm-none-eabi/8.2.1/../../../../arm-none-eabi/lib/thumb/v6-m/nofp/libc_nano.a(lib_a-wbuf.o)
                              /opt/gcc-arm-none-eabi-8-2018-q4-major/bin/../lib/gcc/arm-none-eabi/8.2.1/../../../../arm-none-eabi/lib/thumb/v6-m/nofp/libc_nano.a(lib_a-nano-vfprintf.o) (__swbuf_r)
/opt/gcc-arm-none-eabi-8-2018-q4-major/bin/../lib/gcc/arm-none-eabi/8.2.1/../../../../arm-none-eabi/lib/thumb/v6-m/nofp/libc_nano.a(lib_a-wsetup.o)
                              /opt/gcc-arm-none-eabi-8-2018-q4-major/bin/../lib/gcc/arm-none-eabi/8.2.1/../../../../arm-none-eabi/lib/thumb/v6-m/nofp/libc_nano.a(lib_a-nano-vfprintf.o) (__swsetup_r)
/opt/gcc-arm-none-eabi-8-2018-q4-major/bin/../lib/gcc/arm-none-eabi/8.2.1/../../../../arm-none-eabi/lib/thumb/v6-m/nofp/libc_nano.a(lib_a-abort.o)
                              /opt/gcc-arm-none-eabi-8-2018-q4-major/bin/../lib/gcc/arm-none-eabi/8.2.1/../../../../arm-none-eabi/lib/thumb/v6-m/nofp/libc_nano.a(lib_a-assert.o) (abort)
/opt/gcc-arm-none-eabi-8-2018-q4-major/bin/../lib/gcc/arm-none-eabi/8.2.1/../../../../arm-none-eabi/lib/thumb/v6-m/nofp/libc_nano.a(lib_a-fflush.o)
                              /opt/gcc-arm-none-eabi-8-2018-q4-major/bin/../lib/gcc/arm-none-eabi/8.2.1/../../../../arm-none-eabi/lib/thumb/v6-m/nofp/libc_nano.a(lib_a-wbuf.o) (_fflush_r)
/opt/gcc-arm-none-eabi-8-2018-q4-major/bin/../lib/gcc/arm-none-eabi/8.2.1/../../../../arm-none-eabi/lib/thumb/v6-m/nofp/libc_nano.a(lib_a-findfp.o)
                              /opt/gcc-arm-none-eabi-8-2018-q4-major/bin/../lib/gcc/arm-none-eabi/8.2.1/../../../../arm-none-eabi/lib/thumb/v6-m/nofp/libc_nano.a(lib_a-nano-vfprintf.o) (__sinit)
/opt/gcc-arm-none-eabi-8-2018-q4-major/bin/../lib/gcc/arm-none-eabi/8.2.1/../../../../arm-none-eabi/lib/thumb/v6-m/nofp/libc_nano.a(lib_a-fvwrite.o)
                              /opt/gcc-arm-none-eabi-8-2018-q4-major/bin/../lib/gcc/arm-none-eabi/8.2.1/../../../../arm-none-eabi/lib/thumb/v6-m/nofp/libc_nano.a(lib_a-nano-vfprintf.o) (__sfvwrite_r)
/opt/gcc-arm-none-eabi-8-2018-q4-major/bin/../lib/gcc/arm-none-eabi/8.2.1/../../../../arm-none-eabi/lib/thumb/v6-m/nofp/libc_nano.a(lib_a-fwalk.o)
                              /opt/gcc-arm-none-eabi-8-2018-q4-major/bin/../lib/gcc/arm-none-eabi/8.2.1/../../../../arm-none-eabi/lib/thumb/v6-m/nofp/libc_nano.a(lib_a-findfp.o) (_fwalk)
[...]
Memory Configuration

Name             Origin             Length             Attributes
RAM              0x0000000020000000 0x0000000000001800 xrw
FLASH            0x0000000008000000 0x0000000000008000 xr
*default*        0x0000000000000000 0xffffffffffffffff

Linker script and memory map

LOAD /opt/gcc-arm-none-eabi-8-2018-q4-major/bin/../lib/gcc/arm-none-eabi/8.2.1/thumb/v6-m/nofp/crti.o
LOAD /opt/gcc-arm-none-eabi-8-2018-q4-major/bin/../lib/gcc/arm-none-eabi/8.2.1/thumb/v6-m/nofp/crtbegin.o
LOAD /opt/gcc-arm-none-eabi-8-2018-q4-major/bin/../lib/gcc/arm-none-eabi/8.2.1/../../../../arm-none-eabi/lib/thumb/v6-m/nofp/crt0.o
LOAD build/main.o
LOAD build/stm32f0xx_it.o
LOAD build/stm32f0xx_hal_msp.o
LOAD build/stm32f0xx_hal_tim.o
LOAD build/stm32f0xx_hal_tim_ex.o
LOAD build/stm32f0xx_hal_uart.o
LOAD build/stm32f0xx_hal_uart_ex.o
LOAD build/stm32f0xx_hal_rcc.o
LOAD build/stm32f0xx_hal_rcc_ex.o
LOAD build/stm32f0xx_hal.o
LOAD build/stm32f0xx_hal_i2c.o
LOAD build/stm32f0xx_hal_i2c_ex.o
LOAD build/stm32f0xx_hal_gpio.o
LOAD build/stm32f0xx_hal_dma.o
LOAD build/stm32f0xx_hal_cortex.o
LOAD build/stm32f0xx_hal_pwr.o
LOAD build/stm32f0xx_hal_pwr_ex.o
LOAD build/stm32f0xx_hal_flash.o
LOAD build/stm32f0xx_hal_flash_ex.o
LOAD build/mb.o
LOAD build/mbrtu.o
LOAD build/mbcrc.o
LOAD build/portevent.o
LOAD build/porttimer.o
LOAD build/portserial.o
LOAD build/mbfunccoils.o
LOAD build/mbfuncdiag.o
LOAD build/mbfuncdisc.o
LOAD build/mbfuncholding.o
LOAD build/mbfuncinput.o
LOAD build/mbfuncother.o
LOAD build/mbutils.o
LOAD build/system_stm32f0xx.o
LOAD build/startup_stm32f070x6.o
LOAD /opt/gcc-arm-none-eabi-8-2018-q4-major/bin/../lib/gcc/arm-none-eabi/8.2.1/../../../../arm-none-eabi/lib/thumb/v6-m/nofp/libc_nano.a
LOAD /opt/gcc-arm-none-eabi-8-2018-q4-major/bin/../lib/gcc/arm-none-eabi/8.2.1/../../../../arm-none-eabi/lib/thumb/v6-m/nofp/libm.a
LOAD /opt/gcc-arm-none-eabi-8-2018-q4-major/bin/../lib/gcc/arm-none-eabi/8.2.1/../../../../arm-none-eabi/lib/thumb/v6-m/nofp/libnosys.a
START GROUP
LOAD /opt/gcc-arm-none-eabi-8-2018-q4-major/bin/../lib/gcc/arm-none-eabi/8.2.1/thumb/v6-m/nofp/libgcc.a
LOAD /opt/gcc-arm-none-eabi-8-2018-q4-major/bin/../lib/gcc/arm-none-eabi/8.2.1/../../../../arm-none-eabi/lib/thumb/v6-m/nofp/libc_nano.a
END GROUP
START GROUP
LOAD /opt/gcc-arm-none-eabi-8-2018-q4-major/bin/../lib/gcc/arm-none-eabi/8.2.1/thumb/v6-m/nofp/libgcc.a
LOAD /opt/gcc-arm-none-eabi-8-2018-q4-major/bin/../lib/gcc/arm-none-eabi/8.2.1/../../../../arm-none-eabi/lib/thumb/v6-m/nofp/libc_nano.a
END GROUP
LOAD /opt/gcc-arm-none-eabi-8-2018-q4-major/bin/../lib/gcc/arm-none-eabi/8.2.1/thumb/v6-m/nofp/crtend.o
LOAD /opt/gcc-arm-none-eabi-8-2018-q4-major/bin/../lib/gcc/arm-none-eabi/8.2.1/thumb/v6-m/nofp/crtn.o
                0x0000000020001800                _estack = 0x20001800
                0x0000000000000200                _Min_Heap_Size = 0x200
                0x0000000000000400                _Min_Stack_Size = 0x400

.isr_vector     0x0000000008000000       0xc0
                0x0000000008000000                . = ALIGN (0x4)
 *(.isr_vector)
 .isr_vector    0x0000000008000000       0xc0 build/startup_stm32f070x6.o
                0x0000000008000000                g_pfnVectors
                0x00000000080000c0                . = ALIGN (0x4)

.text           0x00000000080000c0     0x3120
                0x00000000080000c0                . = ALIGN (0x4)
 *(.text)
 .text          0x00000000080000c0       0x48 /opt/gcc-arm-none-eabi-8-2018-q4-major/bin/../lib/gcc/arm-none-eabi/8.2.1/thumb/v6-m/nofp/crtbegin.o
 .text          0x0000000008000108      0x114 /opt/gcc-arm-none-eabi-8-2018-q4-major/bin/../lib/gcc/arm-none-eabi/8.2.1/thumb/v6-m/nofp/libgcc.a(_udivsi3.o)
                0x0000000008000108                __udivsi3
                0x0000000008000108                __aeabi_uidiv
                0x0000000008000214                __aeabi_uidivmod
 .text          0x000000000800021c        0x4 /opt/gcc-arm-none-eabi-8-2018-q4-major/bin/../lib/gcc/arm-none-eabi/8.2.1/thumb/v6-m/nofp/libgcc.a(_dvmd_tls.o)
                0x000000000800021c                __aeabi_ldiv0
                0x000000000800021c                __aeabi_idiv0
 *(.text*)
 .text.MX_GPIO_Init
                0x0000000008000220       0x64 build/main.o
 .text.MX_USART1_UART_Init
                0x0000000008000284       0x30 build/main.o
 .text.MX_USART2_UART_Init
                0x00000000080002b4       0x34 build/main.o
 .text.MX_TIM14_Init
                0x00000000080002e8       0x24 build/main.o
 .text.SystemClock_Config
                0x000000000800030c       0x56 build/main.o
                0x000000000800030c                SystemClock_Config
 .text.main     0x0000000008000362       0x48 build/main.o
                0x0000000008000362                main
 .text.NMI_Handler
                0x00000000080003aa        0x2 build/stm32f0xx_it.o
                0x00000000080003aa                NMI_Handler
 .text.HardFault_Handler
                0x00000000080003ac        0x2 build/stm32f0xx_it.o
                0x00000000080003ac                HardFault_Handler
 .text.SVC_Handler
                0x00000000080003ae        0x2 build/stm32f0xx_it.o
                0x00000000080003ae                SVC_Handler
 .text.PendSV_Handler
                0x00000000080003b0        0x2 build/stm32f0xx_it.o
                0x00000000080003b0                PendSV_Handler
 .text.SysTick_Handler
                0x00000000080003b2        0x8 build/stm32f0xx_it.o
                0x00000000080003b2                SysTick_Handler
 *fill*         0x00000000080003ba        0x2 
 .text.TIM14_IRQHandler
                0x00000000080003bc       0x10 build/stm32f0xx_it.o
                0x00000000080003bc                TIM14_IRQHandler
 .text.USART1_IRQHandler
                0x00000000080003cc       0x10 build/stm32f0xx_it.o
                0x00000000080003cc                USART1_IRQHandler
 .text.USART2_IRQHandler
                0x00000000080003dc       0x20 build/stm32f0xx_it.o
                0x00000000080003dc                USART2_IRQHandler
 .text.HAL_MspInit
                0x00000000080003fc       0x30 build/stm32f0xx_hal_msp.o
                0x00000000080003fc                HAL_MspInit
 .text.HAL_TIM_Base_MspInit
                0x000000000800042c       0x40 build/stm32f0xx_hal_msp.o
                0x000000000800042c                HAL_TIM_Base_MspInit
 .text.HAL_UART_MspInit
                0x000000000800046c       0xd0 build/stm32f0xx_hal_msp.o
                0x000000000800046c                HAL_UART_MspInit
 .text.HAL_TIM_Base_Start_IT
                0x000000000800053c       0x16 build/stm32f0xx_hal_tim.o
                0x000000000800053c                HAL_TIM_Base_Start_IT
 *fill*         0x0000000008000552        0x2 
 .text.HAL_TIM_Base_Stop_IT
                0x0000000008000554       0x30 build/stm32f0xx_hal_tim.o
                0x0000000008000554                HAL_TIM_Base_Stop_IT
 .text.HAL_TIM_PeriodElapsedCallback
                0x0000000008000584        0x2 build/stm32f0xx_hal_tim.o
                0x0000000008000584                HAL_TIM_PeriodElapsedCallback
 .text.HAL_TIM_OC_DelayElapsedCallback
                0x0000000008000586        0x2 build/stm32f0xx_hal_tim.o
                0x0000000008000586                HAL_TIM_OC_DelayElapsedCallback
 .text.HAL_TIM_IC_CaptureCallback
                0x0000000008000588        0x2 build/stm32f0xx_hal_tim.o
                0x0000000008000588                HAL_TIM_IC_CaptureCallback
 .text.HAL_TIM_PWM_PulseFinishedCallback
                0x000000000800058a        0x2 build/stm32f0xx_hal_tim.o
                0x000000000800058a                HAL_TIM_PWM_PulseFinishedCallback
 .text.HAL_TIM_TriggerCallback
                0x000000000800058c        0x2 build/stm32f0xx_hal_tim.o
                0x000000000800058c                HAL_TIM_TriggerCallback
 .text.HAL_TIM_IRQHandler
                0x000000000800058e      0x15a build/stm32f0xx_hal_tim.o
                0x000000000800058e                HAL_TIM_IRQHandler
 .text.TIM_Base_SetConfig
                0x00000000080006e8       0x84 build/stm32f0xx_hal_tim.o
                0x00000000080006e8                TIM_Base_SetConfig
 .text.HAL_TIM_Base_Init
                0x000000000800076c       0x34 build/stm32f0xx_hal_tim.o
                0x000000000800076c                HAL_TIM_Base_Init
 .text.HAL_TIMEx_CommutationCallback
                0x00000000080007a0        0x2 build/stm32f0xx_hal_tim_ex.o
                0x00000000080007a0                HAL_TIMEx_CommutationCallback
 .text.HAL_TIMEx_BreakCallback
                0x00000000080007a2        0x2 build/stm32f0xx_hal_tim_ex.o
                0x00000000080007a2                HAL_TIMEx_BreakCallback
 .text.UART_EndRxTransfer
                0x00000000080007a4       0x24 build/stm32f0xx_hal_uart.o
 .text.HAL_UART_TxCpltCallback
                0x00000000080007c8        0x2 build/stm32f0xx_hal_uart.o
                0x00000000080007c8                HAL_UART_TxCpltCallback
 .text.HAL_UART_RxCpltCallback
                0x00000000080007ca        0x2 build/stm32f0xx_hal_uart.o
                0x00000000080007ca                HAL_UART_RxCpltCallback
 .text.HAL_UART_ErrorCallback
                0x00000000080007cc        0x2 build/stm32f0xx_hal_uart.o
                0x00000000080007cc                HAL_UART_ErrorCallback
 .text.UART_DMAAbortOnError
                0x00000000080007ce       0x14 build/stm32f0xx_hal_uart.o
 *fill*         0x00000000080007e2        0x2 
 .text.UART_SetConfig
                0x00000000080007e4      0x1c4 build/stm32f0xx_hal_uart.o
                0x00000000080007e4                UART_SetConfig
 .text.UART_AdvFeatureConfig
                0x00000000080009a8       0xe0 build/stm32f0xx_hal_uart.o
                0x00000000080009a8                UART_AdvFeatureConfig
 .text.UART_CheckIdleState
                0x0000000008000a88       0x16 build/stm32f0xx_hal_uart.o
                0x0000000008000a88                UART_CheckIdleState
 *fill*         0x0000000008000a9e        0x2 
 .text.HAL_UART_Init
                0x0000000008000aa0       0x70 build/stm32f0xx_hal_uart.o
                0x0000000008000aa0                HAL_UART_Init
 .text.UART_Transmit_IT
                0x0000000008000b10       0x6c build/stm32f0xx_hal_uart.o
                0x0000000008000b10                UART_Transmit_IT
 .text.UART_EndTransmit_IT
                0x0000000008000b7c       0x1a build/stm32f0xx_hal_uart.o
                0x0000000008000b7c                UART_EndTransmit_IT
 *fill*         0x0000000008000b96        0x2 
 .text.UART_Receive_IT
                0x0000000008000b98       0x88 build/stm32f0xx_hal_uart.o
                0x0000000008000b98                UART_Receive_IT
 .text.HAL_UART_IRQHandler
                0x0000000008000c20      0x128 build/stm32f0xx_hal_uart.o
                0x0000000008000c20                HAL_UART_IRQHandler
 .text.HAL_RS485Ex_Init
                0x0000000008000d48       0x94 build/stm32f0xx_hal_uart_ex.o
                0x0000000008000d48                HAL_RS485Ex_Init
 .text.HAL_RCC_OscConfig
                0x0000000008000ddc      0x46c build/stm32f0xx_hal_rcc.o
                0x0000000008000ddc                HAL_RCC_OscConfig
 .text.HAL_RCC_GetSysClockFreq
                0x0000000008001248       0x74 build/stm32f0xx_hal_rcc.o
                0x0000000008001248                HAL_RCC_GetSysClockFreq
 .text.HAL_RCC_ClockConfig
                0x00000000080012bc      0x158 build/stm32f0xx_hal_rcc.o
                0x00000000080012bc                HAL_RCC_ClockConfig
 .text.HAL_RCC_GetHCLKFreq
                0x0000000008001414        0xc build/stm32f0xx_hal_rcc.o
                0x0000000008001414                HAL_RCC_GetHCLKFreq
 .text.HAL_RCC_GetPCLK1Freq
                0x0000000008001420       0x20 build/stm32f0xx_hal_rcc.o
                0x0000000008001420                HAL_RCC_GetPCLK1Freq
 .text.HAL_RCCEx_PeriphCLKConfig
                0x0000000008001440      0x12c build/stm32f0xx_hal_rcc_ex.o
                0x0000000008001440                HAL_RCCEx_PeriphCLKConfig
 .text.HAL_InitTick
                0x000000000800156c       0x24 build/stm32f0xx_hal.o
                0x000000000800156c                HAL_InitTick
 .text.HAL_Init
                0x0000000008001590       0x20 build/stm32f0xx_hal.o
                0x0000000008001590                HAL_Init
 .text.HAL_IncTick
                0x00000000080015b0       0x10 build/stm32f0xx_hal.o
                0x00000000080015b0                HAL_IncTick
 .text.HAL_GetTick
                0x00000000080015c0        0xc build/stm32f0xx_hal.o
                0x00000000080015c0                HAL_GetTick
 .text.HAL_GPIO_Init
                0x00000000080015cc      0x18c build/stm32f0xx_hal_gpio.o
                0x00000000080015cc                HAL_GPIO_Init
 .text.HAL_GPIO_WritePin
                0x0000000008001758        0xc build/stm32f0xx_hal_gpio.o
                0x0000000008001758                HAL_GPIO_WritePin
 .text.HAL_DMA_Abort_IT
                0x0000000008001764       0x4a build/stm32f0xx_hal_dma.o
                0x0000000008001764                HAL_DMA_Abort_IT
 *fill*         0x00000000080017ae        0x2 
 .text.HAL_NVIC_SetPriority
                0x00000000080017b0       0x64 build/stm32f0xx_hal_cortex.o
                0x00000000080017b0                HAL_NVIC_SetPriority
 .text.HAL_NVIC_EnableIRQ
                0x0000000008001814       0x14 build/stm32f0xx_hal_cortex.o
                0x0000000008001814                HAL_NVIC_EnableIRQ
 .text.HAL_SYSTICK_Config
                0x0000000008001828       0x38 build/stm32f0xx_hal_cortex.o
                0x0000000008001828                HAL_SYSTICK_Config
 .text.eMBInit  0x0000000008001860       0xb8 build/mb.o
                0x0000000008001860                eMBInit
 .text.eMBEnable
                0x0000000008001918       0x28 build/mb.o
                0x0000000008001918                eMBEnable
 .text.eMBPoll  0x0000000008001940      0x108 build/mb.o
                0x0000000008001940                eMBPoll
 .text.eMBRTUInit
                0x0000000008001a48       0x44 build/mbrtu.o
                0x0000000008001a48                eMBRTUInit
 .text.eMBRTUStart
                0x0000000008001a8c       0x20 build/mbrtu.o
                0x0000000008001a8c                eMBRTUStart
 .text.eMBRTUStop
                0x0000000008001aac       0x14 build/mbrtu.o
                0x0000000008001aac                eMBRTUStop
 .text.eMBRTUReceive
                0x0000000008001ac0       0x6c build/mbrtu.o
                0x0000000008001ac0                eMBRTUReceive
 .text.eMBRTUSend
                0x0000000008001b2c       0x78 build/mbrtu.o
                0x0000000008001b2c                eMBRTUSend
 .text.xMBRTUReceiveFSM
                0x0000000008001ba4       0xb4 build/mbrtu.o
                0x0000000008001ba4                xMBRTUReceiveFSM
 .text.xMBRTUTransmitFSM
                0x0000000008001c58       0x98 build/mbrtu.o
                0x0000000008001c58                xMBRTUTransmitFSM
 .text.xMBRTUTimerT35Expired
                0x0000000008001cf0       0x7c build/mbrtu.o
                0x0000000008001cf0                xMBRTUTimerT35Expired
 .text.usMBCRC16
                0x0000000008001d6c       0x34 build/mbcrc.o
                0x0000000008001d6c                usMBCRC16
 .text.xMBPortEventInit
                0x0000000008001da0       0x10 build/portevent.o
                0x0000000008001da0                xMBPortEventInit
 .text.xMBPortEventPost
                0x0000000008001db0       0x18 build/portevent.o
                0x0000000008001db0                xMBPortEventPost
 .text.xMBPortEventGet
                0x0000000008001dc8       0x24 build/portevent.o
                0x0000000008001dc8                xMBPortEventGet
 .text.xMBPortTimersInit
                0x0000000008001dec       0x40 build/porttimer.o
                0x0000000008001dec                xMBPortTimersInit
 .text.vMBPortTimersEnable
                0x0000000008001e2c       0x20 build/porttimer.o
                0x0000000008001e2c                vMBPortTimersEnable
 .text.vMBPortTimersDisable
                0x0000000008001e4c       0x10 build/porttimer.o
                0x0000000008001e4c                vMBPortTimersDisable
 .text.vMBPortSerialEnable
                0x0000000008001e5c       0x6c build/portserial.o
                0x0000000008001e5c                vMBPortSerialEnable
 .text.xMBPortSerialInit
                0x0000000008001ec8       0xbc build/portserial.o
                0x0000000008001ec8                xMBPortSerialInit
 .text.xMBPortSerialPutByte
                0x0000000008001f84       0x10 build/portserial.o
                0x0000000008001f84                xMBPortSerialPutByte
 .text.xMBPortSerialGetByte
                0x0000000008001f94       0x10 build/portserial.o
                0x0000000008001f94                xMBPortSerialGetByte
 .text.UART_IRQ_Handler
                0x0000000008001fa4       0x5c build/portserial.o
                0x0000000008001fa4                UART_IRQ_Handler
 .text.SystemInit
                0x0000000008002000       0x68 build/system_stm32f0xx.o
                0x0000000008002000                SystemInit
 .text.Reset_Handler
                0x0000000008002068       0x80 build/startup_stm32f070x6.o
                0x0000000008002068                Reset_Handler
 .text.Default_Handler
                0x00000000080020e8        0x2 build/startup_stm32f070x6.o
                0x00000000080020e8                TIM1_CC_IRQHandler
                0x00000000080020e8                I2C1_IRQHandler
                0x00000000080020e8                SPI1_IRQHandler
                0x00000000080020e8                EXTI2_3_IRQHandler
                0x00000000080020e8                ADC1_IRQHandler
                0x00000000080020e8                TIM17_IRQHandler
                0x00000000080020e8                RTC_IRQHandler
                0x00000000080020e8                TIM16_IRQHandler
                0x00000000080020e8                TIM3_IRQHandler
                0x00000000080020e8                EXTI4_15_IRQHandler
                0x00000000080020e8                RCC_IRQHandler
                0x00000000080020e8                DMA1_Channel1_IRQHandler
                0x00000000080020e8                Default_Handler
                0x00000000080020e8                DMA1_Channel4_5_IRQHandler
                0x00000000080020e8                EXTI0_1_IRQHandler
                0x00000000080020e8                USB_IRQHandler
                0x00000000080020e8                WWDG_IRQHandler
                0x00000000080020e8                DMA1_Channel2_3_IRQHandler
                0x00000000080020e8                FLASH_IRQHandler
                0x00000000080020e8                TIM1_BRK_UP_TRG_COM_IRQHandler
 *fill*         0x00000000080020ea        0x2 
 .text.__assert_func
                0x00000000080020ec       0x3c /opt/gcc-arm-none-eabi-8-2018-q4-major/bin/../lib/gcc/arm-none-eabi/8.2.1/../../../../arm-none-eabi/lib/thumb/v6-m/nofp/libc_nano.a(lib_a-assert.o)
                0x00000000080020ec                __assert_func
 .text.fprintf  0x0000000008002128       0x20 /opt/gcc-arm-none-eabi-8-2018-q4-major/bin/../lib/gcc/arm-none-eabi/8.2.1/../../../../arm-none-eabi/lib/thumb/v6-m/nofp/libc_nano.a(lib_a-fprintf.o)
                0x0000000008002128                fprintf
                0x0000000008002128                fiprintf
 .text.__libc_init_array
                0x0000000008002148       0x48 /opt/gcc-arm-none-eabi-8-2018-q4-major/bin/../lib/gcc/arm-none-eabi/8.2.1/../../../../arm-none-eabi/lib/thumb/v6-m/nofp/libc_nano.a(lib_a-init.o)
                0x0000000008002148                __libc_init_array
 .text.memset   0x0000000008002190       0x10 /opt/gcc-arm-none-eabi-8-2018-q4-major/bin/../lib/gcc/arm-none-eabi/8.2.1/../../../../arm-none-eabi/lib/thumb/v6-m/nofp/libc_nano.a(lib_a-memset.o)
                0x0000000008002190                memset
 .text.__sfputc_r
                0x00000000080021a0       0x2a /opt/gcc-arm-none-eabi-8-2018-q4-major/bin/../lib/gcc/arm-none-eabi/8.2.1/../../../../arm-none-eabi/lib/thumb/v6-m/nofp/libc_nano.a(lib_a-nano-vfprintf.o)
 .text.__sfputs_r
                0x00000000080021ca       0x24 /opt/gcc-arm-none-eabi-8-2018-q4-major/bin/../lib/gcc/arm-none-eabi/8.2.1/../../../../arm-none-eabi/lib/thumb/v6-m/nofp/libc_nano.a(lib_a-nano-vfprintf.o)
                0x00000000080021ca                __sfputs_r
 *fill*         0x00000000080021ee        0x2 
 .text._vfprintf_r
                0x00000000080021f0      0x26c /opt/gcc-arm-none-eabi-8-2018-q4-major/bin/../lib/gcc/arm-none-eabi/8.2.1/../../../../arm-none-eabi/lib/thumb/v6-m/nofp/libc_nano.a(lib_a-nano-vfprintf.o)
                0x00000000080021f0                _vfiprintf_r
                0x00000000080021f0                _vfprintf_r
 .text._printf_common
                0x000000000800245c       0xda /opt/gcc-arm-none-eabi-8-2018-q4-major/bin/../lib/gcc/arm-none-eabi/8.2.1/../../../../arm-none-eabi/lib/thumb/v6-m/nofp/libc_nano.a(lib_a-nano-vfprintf_i.o)
                0x000000000800245c                _printf_common
 *fill*         0x0000000008002536        0x2 
 .text._printf_i
                0x0000000008002538      0x214 /opt/gcc-arm-none-eabi-8-2018-q4-major/bin/../lib/gcc/arm-none-eabi/8.2.1/../../../../arm-none-eabi/lib/thumb/v6-m/nofp/libc_nano.a(lib_a-nano-vfprintf_i.o)
                0x0000000008002538                _printf_i
 .text.__swbuf_r
                0x000000000800274c       0xac /opt/gcc-arm-none-eabi-8-2018-q4-major/bin/../lib/gcc/arm-none-eabi/8.2.1/../../../../arm-none-eabi/lib/thumb/v6-m/nofp/libc_nano.a(lib_a-wbuf.o)
                0x000000000800274c                __swbuf_r
 .text.__swsetup_r
                0x00000000080027f8       0xec /opt/gcc-arm-none-eabi-8-2018-q4-major/bin/../lib/gcc/arm-none-eabi/8.2.1/../../../../arm-none-eabi/lib/thumb/v6-m/nofp/libc_nano.a(lib_a-wsetup.o)
                0x00000000080027f8                __swsetup_r
 .text.abort    0x00000000080028e4        0xe /opt/gcc-arm-none-eabi-8-2018-q4-major/bin/../lib/gcc/arm-none-eabi/8.2.1/../../../../arm-none-eabi/lib/thumb/v6-m/nofp/libc_nano.a(lib_a-abort.o)
                0x00000000080028e4                abort
 *fill*         0x00000000080028f2        0x2 
 .text.__sflush_r
                0x00000000080028f4      0x114 /opt/gcc-arm-none-eabi-8-2018-q4-major/bin/../lib/gcc/arm-none-eabi/8.2.1/../../../../arm-none-eabi/lib/thumb/v6-m/nofp/libc_nano.a(lib_a-fflush.o)
                0x00000000080028f4                __sflush_r
 .text._fflush_r
                0x0000000008002a08       0x80 /opt/gcc-arm-none-eabi-8-2018-q4-major/bin/../lib/gcc/arm-none-eabi/8.2.1/../../../../arm-none-eabi/lib/thumb/v6-m/nofp/libc_nano.a(lib_a-fflush.o)
                0x0000000008002a08                _fflush_r
 .text.std      0x0000000008002a88       0x48 /opt/gcc-arm-none-eabi-8-2018-q4-major/bin/../lib/gcc/arm-none-eabi/8.2.1/../../../../arm-none-eabi/lib/thumb/v6-m/nofp/libc_nano.a(lib_a-findfp.o)
 .text._cleanup_r
                0x0000000008002ad0       0x10 /opt/gcc-arm-none-eabi-8-2018-q4-major/bin/../lib/gcc/arm-none-eabi/8.2.1/../../../../arm-none-eabi/lib/thumb/v6-m/nofp/libc_nano.a(lib_a-findfp.o)
                0x0000000008002ad0                _cleanup_r
 .text.__sfmoreglue
                0x0000000008002ae0       0x2c /opt/gcc-arm-none-eabi-8-2018-q4-major/bin/../lib/gcc/arm-none-eabi/8.2.1/../../../../arm-none-eabi/lib/thumb/v6-m/nofp/libc_nano.a(lib_a-findfp.o)
                0x0000000008002ae0                __sfmoreglue
 .text.__sfp_lock_acquire
                0x0000000008002b0c       0x10 /opt/gcc-arm-none-eabi-8-2018-q4-major/bin/../lib/gcc/arm-none-eabi/8.2.1/../../../../arm-none-eabi/lib/thumb/v6-m/nofp/libc_nano.a(lib_a-findfp.o)
                0x0000000008002b0c                __sfp_lock_acquire
 .text.__sfp_lock_release
                0x0000000008002b1c       0x10 /opt/gcc-arm-none-eabi-8-2018-q4-major/bin/../lib/gcc/arm-none-eabi/8.2.1/../../../../arm-none-eabi/lib/thumb/v6-m/nofp/libc_nano.a(lib_a-findfp.o)
                0x0000000008002b1c                __sfp_lock_release
 .text.__sinit_lock_acquire
                0x0000000008002b2c       0x10 /opt/gcc-arm-none-eabi-8-2018-q4-major/bin/../lib/gcc/arm-none-eabi/8.2.1/../../../../arm-none-eabi/lib/thumb/v6-m/nofp/libc_nano.a(lib_a-findfp.o)
                0x0000000008002b2c                __sinit_lock_acquire
 .text.__sinit_lock_release
                0x0000000008002b3c       0x10 /opt/gcc-arm-none-eabi-8-2018-q4-major/bin/../lib/gcc/arm-none-eabi/8.2.1/../../../../arm-none-eabi/lib/thumb/v6-m/nofp/libc_nano.a(lib_a-findfp.o)
                0x0000000008002b3c                __sinit_lock_release
 .text.__sinit  0x0000000008002b4c       0x70 /opt/gcc-arm-none-eabi-8-2018-q4-major/bin/../lib/gcc/arm-none-eabi/8.2.1/../../../../arm-none-eabi/lib/thumb/v6-m/nofp/libc_nano.a(lib_a-findfp.o)
                0x0000000008002b4c                __sinit
 .text.__sfp    0x0000000008002bbc       0x90 /opt/gcc-arm-none-eabi-8-2018-q4-major/bin/../lib/gcc/arm-none-eabi/8.2.1/../../../../arm-none-eabi/lib/thumb/v6-m/nofp/libc_nano.a(lib_a-findfp.o)
                0x0000000008002bbc                __sfp
 .text._fwalk_reent
                0x0000000008002c4c       0x42 /opt/gcc-arm-none-eabi-8-2018-q4-major/bin/../lib/gcc/arm-none-eabi/8.2.1/../../../../arm-none-eabi/lib/thumb/v6-m/nofp/libc_nano.a(lib_a-fwalk.o)
                0x0000000008002c4c                _fwalk_reent
 .text.__retarget_lock_init_recursive
                0x0000000008002c8e        0x2 /opt/gcc-arm-none-eabi-8-2018-q4-major/bin/../lib/gcc/arm-none-eabi/8.2.1/../../../../arm-none-eabi/lib/thumb/v6-m/nofp/libc_nano.a(lib_a-lock.o)
                0x0000000008002c8e                __retarget_lock_init_recursive
 .text.__retarget_lock_acquire_recursive
                0x0000000008002c90        0x2 /opt/gcc-arm-none-eabi-8-2018-q4-major/bin/../lib/gcc/arm-none-eabi/8.2.1/../../../../arm-none-eabi/lib/thumb/v6-m/nofp/libc_nano.a(lib_a-lock.o)
                0x0000000008002c90                __retarget_lock_acquire_recursive
 .text.__retarget_lock_release_recursive
                0x0000000008002c92        0x2 /opt/gcc-arm-none-eabi-8-2018-q4-major/bin/../lib/gcc/arm-none-eabi/8.2.1/../../../../arm-none-eabi/lib/thumb/v6-m/nofp/libc_nano.a(lib_a-lock.o)
                0x0000000008002c92                __retarget_lock_release_recursive
 .text.__swhatbuf_r
                0x0000000008002c94       0x50 /opt/gcc-arm-none-eabi-8-2018-q4-major/bin/../lib/gcc/arm-none-eabi/8.2.1/../../../../arm-none-eabi/lib/thumb/v6-m/nofp/libc_nano.a(lib_a-makebuf.o)
                0x0000000008002c94                __swhatbuf_r
 .text.__smakebuf_r
                0x0000000008002ce4       0x88 /opt/gcc-arm-none-eabi-8-2018-q4-major/bin/../lib/gcc/arm-none-eabi/8.2.1/../../../../arm-none-eabi/lib/thumb/v6-m/nofp/libc_nano.a(lib_a-makebuf.o)
                0x0000000008002ce4                __smakebuf_r
 .text.memchr   0x0000000008002d6c       0x16 /opt/gcc-arm-none-eabi-8-2018-q4-major/bin/../lib/gcc/arm-none-eabi/8.2.1/../../../../arm-none-eabi/lib/thumb/v6-m/nofp/libc_nano.a(lib_a-memchr-stub.o)
                0x0000000008002d6c                memchr
 *fill*         0x0000000008002d82        0x2 
 .text._free_r  0x0000000008002d84       0x94 /opt/gcc-arm-none-eabi-8-2018-q4-major/bin/../lib/gcc/arm-none-eabi/8.2.1/../../../../arm-none-eabi/lib/thumb/v6-m/nofp/libc_nano.a(lib_a-nano-freer.o)
                0x0000000008002d84                _free_r
 .text._malloc_r
                0x0000000008002e18       0xbc /opt/gcc-arm-none-eabi-8-2018-q4-major/bin/../lib/gcc/arm-none-eabi/8.2.1/../../../../arm-none-eabi/lib/thumb/v6-m/nofp/libc_nano.a(lib_a-nano-mallocr.o)
                0x0000000008002e18                _malloc_r
 .text._sbrk_r  0x0000000008002ed4       0x24 /opt/gcc-arm-none-eabi-8-2018-q4-major/bin/../lib/gcc/arm-none-eabi/8.2.1/../../../../arm-none-eabi/lib/thumb/v6-m/nofp/libc_nano.a(lib_a-sbrkr.o)
                0x0000000008002ed4                _sbrk_r
 .text._raise_r
                0x0000000008002ef8       0x54 /opt/gcc-arm-none-eabi-8-2018-q4-major/bin/../lib/gcc/arm-none-eabi/8.2.1/../../../../arm-none-eabi/lib/thumb/v6-m/nofp/libc_nano.a(lib_a-signal.o)
                0x0000000008002ef8                _raise_r
 .text.raise    0x0000000008002f4c       0x14 /opt/gcc-arm-none-eabi-8-2018-q4-major/bin/../lib/gcc/arm-none-eabi/8.2.1/../../../../arm-none-eabi/lib/thumb/v6-m/nofp/libc_nano.a(lib_a-signal.o)
                0x0000000008002f4c                raise
 .text._kill_r  0x0000000008002f60       0x24 /opt/gcc-arm-none-eabi-8-2018-q4-major/bin/../lib/gcc/arm-none-eabi/8.2.1/../../../../arm-none-eabi/lib/thumb/v6-m/nofp/libc_nano.a(lib_a-signalr.o)
                0x0000000008002f60                _kill_r
 .text._getpid_r
                0x0000000008002f84        0x8 /opt/gcc-arm-none-eabi-8-2018-q4-major/bin/../lib/gcc/arm-none-eabi/8.2.1/../../../../arm-none-eabi/lib/thumb/v6-m/nofp/libc_nano.a(lib_a-signalr.o)
                0x0000000008002f84                _getpid_r
 .text.__sread  0x0000000008002f8c       0x28 /opt/gcc-arm-none-eabi-8-2018-q4-major/bin/../lib/gcc/arm-none-eabi/8.2.1/../../../../arm-none-eabi/lib/thumb/v6-m/nofp/libc_nano.a(lib_a-stdio.o)
                0x0000000008002f8c                __sread
 .text.__swrite
                0x0000000008002fb4       0x38 /opt/gcc-arm-none-eabi-8-2018-q4-major/bin/../lib/gcc/arm-none-eabi/8.2.1/../../../../arm-none-eabi/lib/thumb/v6-m/nofp/libc_nano.a(lib_a-stdio.o)
                0x0000000008002fb4                __swrite
 .text.__sseek  0x0000000008002fec       0x2c /opt/gcc-arm-none-eabi-8-2018-q4-major/bin/../lib/gcc/arm-none-eabi/8.2.1/../../../../arm-none-eabi/lib/thumb/v6-m/nofp/libc_nano.a(lib_a-stdio.o)
                0x0000000008002fec                __sseek
 .text.__sclose
                0x0000000008003018        0xc /opt/gcc-arm-none-eabi-8-2018-q4-major/bin/../lib/gcc/arm-none-eabi/8.2.1/../../../../arm-none-eabi/lib/thumb/v6-m/nofp/libc_nano.a(lib_a-stdio.o)
                0x0000000008003018                __sclose
 .text._write_r
                0x0000000008003024       0x28 /opt/gcc-arm-none-eabi-8-2018-q4-major/bin/../lib/gcc/arm-none-eabi/8.2.1/../../../../arm-none-eabi/lib/thumb/v6-m/nofp/libc_nano.a(lib_a-writer.o)
                0x0000000008003024                _write_r
 .text._close_r
                0x000000000800304c       0x24 /opt/gcc-arm-none-eabi-8-2018-q4-major/bin/../lib/gcc/arm-none-eabi/8.2.1/../../../../arm-none-eabi/lib/thumb/v6-m/nofp/libc_nano.a(lib_a-closer.o)
                0x000000000800304c                _close_r
 .text._fstat_r
                0x0000000008003070       0x24 /opt/gcc-arm-none-eabi-8-2018-q4-major/bin/../lib/gcc/arm-none-eabi/8.2.1/../../../../arm-none-eabi/lib/thumb/v6-m/nofp/libc_nano.a(lib_a-fstatr.o)
                0x0000000008003070                _fstat_r
 .text._isatty_r
                0x0000000008003094       0x24 /opt/gcc-arm-none-eabi-8-2018-q4-major/bin/../lib/gcc/arm-none-eabi/8.2.1/../../../../arm-none-eabi/lib/thumb/v6-m/nofp/libc_nano.a(lib_a-isattyr.o)
                0x0000000008003094                _isatty_r
 .text._lseek_r
                0x00000000080030b8       0x28 /opt/gcc-arm-none-eabi-8-2018-q4-major/bin/../lib/gcc/arm-none-eabi/8.2.1/../../../../arm-none-eabi/lib/thumb/v6-m/nofp/libc_nano.a(lib_a-lseekr.o)
                0x00000000080030b8                _lseek_r
 .text.__malloc_lock
                0x00000000080030e0       0x10 /opt/gcc-arm-none-eabi-8-2018-q4-major/bin/../lib/gcc/arm-none-eabi/8.2.1/../../../../arm-none-eabi/lib/thumb/v6-m/nofp/libc_nano.a(lib_a-mlock.o)
                0x00000000080030e0                __malloc_lock
 .text.__malloc_unlock
                0x00000000080030f0       0x10 /opt/gcc-arm-none-eabi-8-2018-q4-major/bin/../lib/gcc/arm-none-eabi/8.2.1/../../../../arm-none-eabi/lib/thumb/v6-m/nofp/libc_nano.a(lib_a-mlock.o)
                0x00000000080030f0                __malloc_unlock
 .text._read_r  0x0000000008003100       0x28 /opt/gcc-arm-none-eabi-8-2018-q4-major/bin/../lib/gcc/arm-none-eabi/8.2.1/../../../../arm-none-eabi/lib/thumb/v6-m/nofp/libc_nano.a(lib_a-readr.o)
                0x0000000008003100                _read_r
 .text._close   0x0000000008003128       0x10 /opt/gcc-arm-none-eabi-8-2018-q4-major/bin/../lib/gcc/arm-none-eabi/8.2.1/../../../../arm-none-eabi/lib/thumb/v6-m/nofp/libnosys.a(close.o)
                0x0000000008003128                _close
 .text._fstat   0x0000000008003138       0x10 /opt/gcc-arm-none-eabi-8-2018-q4-major/bin/../lib/gcc/arm-none-eabi/8.2.1/../../../../arm-none-eabi/lib/thumb/v6-m/nofp/libnosys.a(fstat.o)
                0x0000000008003138                _fstat
 .text._getpid  0x0000000008003148       0x10 /opt/gcc-arm-none-eabi-8-2018-q4-major/bin/../lib/gcc/arm-none-eabi/8.2.1/../../../../arm-none-eabi/lib/thumb/v6-m/nofp/libnosys.a(getpid.o)
                0x0000000008003148                _getpid
 .text._isatty  0x0000000008003158       0x10 /opt/gcc-arm-none-eabi-8-2018-q4-major/bin/../lib/gcc/arm-none-eabi/8.2.1/../../../../arm-none-eabi/lib/thumb/v6-m/nofp/libnosys.a(isatty.o)
                0x0000000008003158                _isatty
 .text._kill    0x0000000008003168       0x10 /opt/gcc-arm-none-eabi-8-2018-q4-major/bin/../lib/gcc/arm-none-eabi/8.2.1/../../../../arm-none-eabi/lib/thumb/v6-m/nofp/libnosys.a(kill.o)
                0x0000000008003168                _kill
 .text._lseek   0x0000000008003178       0x10 /opt/gcc-arm-none-eabi-8-2018-q4-major/bin/../lib/gcc/arm-none-eabi/8.2.1/../../../../arm-none-eabi/lib/thumb/v6-m/nofp/libnosys.a(lseek.o)
                0x0000000008003178                _lseek
 .text._read    0x0000000008003188       0x10 /opt/gcc-arm-none-eabi-8-2018-q4-major/bin/../lib/gcc/arm-none-eabi/8.2.1/../../../../arm-none-eabi/lib/thumb/v6-m/nofp/libnosys.a(read.o)
                0x0000000008003188                _read
 .text._sbrk    0x0000000008003198       0x1c /opt/gcc-arm-none-eabi-8-2018-q4-major/bin/../lib/gcc/arm-none-eabi/8.2.1/../../../../arm-none-eabi/lib/thumb/v6-m/nofp/libnosys.a(sbrk.o)
                0x0000000008003198                _sbrk
 .text._write   0x00000000080031b4       0x10 /opt/gcc-arm-none-eabi-8-2018-q4-major/bin/../lib/gcc/arm-none-eabi/8.2.1/../../../../arm-none-eabi/lib/thumb/v6-m/nofp/libnosys.a(write.o)
                0x00000000080031b4                _write
 .text._exit    0x00000000080031c4        0x4 /opt/gcc-arm-none-eabi-8-2018-q4-major/bin/../lib/gcc/arm-none-eabi/8.2.1/../../../../arm-none-eabi/lib/thumb/v6-m/nofp/libnosys.a(_exit.o)
                0x00000000080031c4                _exit
 *(.glue_7)
 .glue_7        0x00000000080031c8        0x0 linker stubs
 *(.glue_7t)
 .glue_7t       0x00000000080031c8        0x0 linker stubs
 *(.eh_frame)
 .eh_frame      0x00000000080031c8        0x0 /opt/gcc-arm-none-eabi-8-2018-q4-major/bin/../lib/gcc/arm-none-eabi/8.2.1/thumb/v6-m/nofp/crtbegin.o
 *(.init)
 .init          0x00000000080031c8        0x4 /opt/gcc-arm-none-eabi-8-2018-q4-major/bin/../lib/gcc/arm-none-eabi/8.2.1/thumb/v6-m/nofp/crti.o
                0x00000000080031c8                _init
 .init          0x00000000080031cc        0x8 /opt/gcc-arm-none-eabi-8-2018-q4-major/bin/../lib/gcc/arm-none-eabi/8.2.1/thumb/v6-m/nofp/crtn.o
 *(.fini)
 .fini          0x00000000080031d4        0x4 /opt/gcc-arm-none-eabi-8-2018-q4-major/bin/../lib/gcc/arm-none-eabi/8.2.1/thumb/v6-m/nofp/crti.o
                0x00000000080031d4                _fini
 .fini          0x00000000080031d8        0x8 /opt/gcc-arm-none-eabi-8-2018-q4-major/bin/../lib/gcc/arm-none-eabi/8.2.1/thumb/v6-m/nofp/crtn.o
                0x00000000080031e0                . = ALIGN (0x4)
                0x00000000080031e0                _etext = .

.vfp11_veneer   0x00000000080031e0        0x0
 .vfp11_veneer  0x00000000080031e0        0x0 linker stubs

.v4_bx          0x00000000080031e0        0x0
 .v4_bx         0x00000000080031e0        0x0 linker stubs

.iplt           0x00000000080031e0        0x0
 .iplt          0x00000000080031e0        0x0 /opt/gcc-arm-none-eabi-8-2018-q4-major/bin/../lib/gcc/arm-none-eabi/8.2.1/thumb/v6-m/nofp/crtbegin.o

.rodata         0x00000000080031e0      0x434
                0x00000000080031e0                . = ALIGN (0x4)
 *(.rodata)
 .rodata        0x00000000080031e0       0x20 build/stm32f0xx_hal_rcc.o
 *(.rodata*)
 .rodata.__func__.7908
                0x0000000008003200        0xe build/mbrtu.o
 *fill*         0x000000000800320e        0x2 
 .rodata.__func__.7921
                0x0000000008003210       0x11 build/mbrtu.o
 *fill*         0x0000000008003221        0x3 
 .rodata.__func__.7931
                0x0000000008003224       0x12 build/mbrtu.o
 *fill*         0x0000000008003236        0x2 
 .rodata.__func__.7944
                0x0000000008003238       0x16 build/mbrtu.o
 *fill*         0x000000000800324e        0x2 
 .rodata.eMBRTUReceive.str1.4
                0x0000000008003250       0x3b build/mbrtu.o
 *fill*         0x000000000800328b        0x1 
 .rodata.xMBRTUReceiveFSM.str1.4
                0x000000000800328c       0x1b build/mbrtu.o
 *fill*         0x00000000080032a7        0x1 
 .rodata.xMBRTUTimerT35Expired.str1.4
                0x00000000080032a8       0x63 build/mbrtu.o
 *fill*         0x000000000800330b        0x1 
 .rodata.xMBRTUTransmitFSM.str1.4
                0x000000000800330c       0x1c build/mbrtu.o
                                         0x1b (size before relaxing)
 .rodata.aucCRCHi
                0x0000000008003328      0x100 build/mbcrc.o
 .rodata.aucCRCLo
                0x0000000008003428      0x100 build/mbcrc.o
 .rodata.AHBPrescTable
                0x0000000008003528       0x10 build/system_stm32f0xx.o
                0x0000000008003528                AHBPrescTable
 .rodata.APBPrescTable
                0x0000000008003538        0x8 build/system_stm32f0xx.o
                0x0000000008003538                APBPrescTable
 .rodata.__assert_func.str1.1
                0x0000000008003540       0x3c /opt/gcc-arm-none-eabi-8-2018-q4-major/bin/../lib/gcc/arm-none-eabi/8.2.1/../../../../arm-none-eabi/lib/thumb/v6-m/nofp/libc_nano.a(lib_a-assert.o)
                                         0x3d (size before relaxing)
 .rodata._global_impure_ptr
                0x000000000800357c        0x4 /opt/gcc-arm-none-eabi-8-2018-q4-major/bin/../lib/gcc/arm-none-eabi/8.2.1/../../../../arm-none-eabi/lib/thumb/v6-m/nofp/libc_nano.a(lib_a-impure.o)
                0x000000000800357c                _global_impure_ptr
 .rodata._vfprintf_r.str1.1
                0x0000000008003580       0x11 /opt/gcc-arm-none-eabi-8-2018-q4-major/bin/../lib/gcc/arm-none-eabi/8.2.1/../../../../arm-none-eabi/lib/thumb/v6-m/nofp/libc_nano.a(lib_a-nano-vfprintf.o)
 .rodata._printf_i.str1.1
                0x0000000008003591       0x22 /opt/gcc-arm-none-eabi-8-2018-q4-major/bin/../lib/gcc/arm-none-eabi/8.2.1/../../../../arm-none-eabi/lib/thumb/v6-m/nofp/libc_nano.a(lib_a-nano-vfprintf_i.o)
 *fill*         0x00000000080035b3        0x1 
 .rodata.__sf_fake_stderr
                0x00000000080035b4       0x20 /opt/gcc-arm-none-eabi-8-2018-q4-major/bin/../lib/gcc/arm-none-eabi/8.2.1/../../../../arm-none-eabi/lib/thumb/v6-m/nofp/libc_nano.a(lib_a-findfp.o)
                0x00000000080035b4                __sf_fake_stderr
 .rodata.__sf_fake_stdin
                0x00000000080035d4       0x20 /opt/gcc-arm-none-eabi-8-2018-q4-major/bin/../lib/gcc/arm-none-eabi/8.2.1/../../../../arm-none-eabi/lib/thumb/v6-m/nofp/libc_nano.a(lib_a-findfp.o)
                0x00000000080035d4                __sf_fake_stdin
 .rodata.__sf_fake_stdout
                0x00000000080035f4       0x20 /opt/gcc-arm-none-eabi-8-2018-q4-major/bin/../lib/gcc/arm-none-eabi/8.2.1/../../../../arm-none-eabi/lib/thumb/v6-m/nofp/libc_nano.a(lib_a-findfp.o)
                0x00000000080035f4                __sf_fake_stdout
                0x0000000008003614                . = ALIGN (0x4)

.rel.dyn        0x0000000008003614        0x0
 .rel.iplt      0x0000000008003614        0x0 /opt/gcc-arm-none-eabi-8-2018-q4-major/bin/../lib/gcc/arm-none-eabi/8.2.1/thumb/v6-m/nofp/crtbegin.o

.ARM.extab
 *(.ARM.extab* .gnu.linkonce.armextab.*)

.ARM            0x0000000008003614        0x0
                0x0000000008003614                __exidx_start = .
 *(.ARM.exidx*)
                0x0000000008003614                __exidx_end = .

.preinit_array  0x0000000008003614        0x0
                0x0000000008003614                PROVIDE (__preinit_array_start = .)
 *(.preinit_array*)
                0x0000000008003614                PROVIDE (__preinit_array_end = .)

.init_array     0x0000000008003614        0x4
                0x0000000008003614                PROVIDE (__init_array_start = .)
 *(SORT_BY_NAME(.init_array.*))
 *(.init_array*)
 .init_array    0x0000000008003614        0x4 /opt/gcc-arm-none-eabi-8-2018-q4-major/bin/../lib/gcc/arm-none-eabi/8.2.1/thumb/v6-m/nofp/crtbegin.o
                0x0000000008003618                PROVIDE (__init_array_end = .)

.fini_array     0x0000000008003618        0x4
                [!provide]                        PROVIDE (__fini_array_start = .)
 *(SORT_BY_NAME(.fini_array.*))
 *(.fini_array*)
 .fini_array    0x0000000008003618        0x4 /opt/gcc-arm-none-eabi-8-2018-q4-major/bin/../lib/gcc/arm-none-eabi/8.2.1/thumb/v6-m/nofp/crtbegin.o
                [!provide]                        PROVIDE (__fini_array_end = .)
                0x000000000800361c                _sidata = LOADADDR (.data)

.data           0x0000000020000000       0x6c load address 0x000000000800361c
                0x0000000020000000                . = ALIGN (0x4)
                0x0000000020000000                _sdata = .
 *(.data)
 *(.data*)
 .data.eMBState
                0x0000000020000000        0x1 build/mb.o
 *fill*         0x0000000020000001        0x3 
 .data.SystemCoreClock
                0x0000000020000004        0x4 build/system_stm32f0xx.o
                0x0000000020000004                SystemCoreClock
 .data._impure_ptr
                0x0000000020000008        0x4 /opt/gcc-arm-none-eabi-8-2018-q4-major/bin/../lib/gcc/arm-none-eabi/8.2.1/../../../../arm-none-eabi/lib/thumb/v6-m/nofp/libc_nano.a(lib_a-impure.o)
                0x0000000020000008                _impure_ptr
 .data.impure_data
                0x000000002000000c       0x60 /opt/gcc-arm-none-eabi-8-2018-q4-major/bin/../lib/gcc/arm-none-eabi/8.2.1/../../../../arm-none-eabi/lib/thumb/v6-m/nofp/libc_nano.a(lib_a-impure.o)
                0x000000002000006c                . = ALIGN (0x4)
                0x000000002000006c                _edata = .

.igot.plt       0x000000002000006c        0x0 load address 0x0000000008003688
 .igot.plt      0x000000002000006c        0x0 /opt/gcc-arm-none-eabi-8-2018-q4-major/bin/../lib/gcc/arm-none-eabi/8.2.1/thumb/v6-m/nofp/crtbegin.o
                0x000000002000006c                . = ALIGN (0x4)

.bss            0x000000002000006c      0x3dc load address 0x0000000008003688
                0x000000002000006c                _sbss = .
                0x000000002000006c                __bss_start__ = _sbss
 *(.bss)
 .bss           0x000000002000006c       0x1c /opt/gcc-arm-none-eabi-8-2018-q4-major/bin/../lib/gcc/arm-none-eabi/8.2.1/thumb/v6-m/nofp/crtbegin.o
 *(.bss*)
 .bss.eException.7936
                0x0000000020000088        0x1 build/mb.o
 *fill*         0x0000000020000089        0x3 
 .bss.peMBFrameReceiveCur
                0x000000002000008c        0x4 build/mb.o
 .bss.peMBFrameSendCur
                0x0000000020000090        0x4 build/mb.o
 .bss.pvMBFrameCloseCur
                0x0000000020000094        0x4 build/mb.o
 .bss.pvMBFrameStartCur
                0x0000000020000098        0x4 build/mb.o
 .bss.pvMBFrameStopCur
                0x000000002000009c        0x4 build/mb.o
 .bss.ucFunctionCode.7934
                0x00000000200000a0        0x1 build/mb.o
 .bss.ucMBAddress
                0x00000000200000a1        0x1 build/mb.o
 *fill*         0x00000000200000a2        0x2 
 .bss.ucMBFrame.7932
                0x00000000200000a4        0x4 build/mb.o
 .bss.ucRcvAddress.7933
                0x00000000200000a8        0x1 build/mb.o
 *fill*         0x00000000200000a9        0x1 
 .bss.usLength.7935
                0x00000000200000aa        0x2 build/mb.o
 .bss.xFuncHandlers
                0x00000000200000ac       0x80 build/mb.o
 .bss.eRcvState
                0x000000002000012c        0x1 build/mbrtu.o
 .bss.eSndState
                0x000000002000012d        0x1 build/mbrtu.o
 *fill*         0x000000002000012e        0x2 
 .bss.pucSndBufferCur
                0x0000000020000130        0x4 build/mbrtu.o
 .bss.usRcvBufferPos
                0x0000000020000134        0x2 build/mbrtu.o
 .bss.usSndBufferCount
                0x0000000020000136        0x2 build/mbrtu.o
 .bss.eQueuedEvent
                0x0000000020000138        0x1 build/portevent.o
 .bss.xEventInQueue
                0x0000000020000139        0x1 build/portevent.o
 .bss.counter   0x000000002000013a        0x2 build/porttimer.o
 .bss.htim14    0x000000002000013c       0x40 build/porttimer.o
 .bss.timeout   0x000000002000017c        0x2 build/porttimer.o
 .bss.DE_Pin    0x000000002000017e        0x2 build/portserial.o
 .bss.DE_Port   0x0000000020000180        0x4 build/portserial.o
 .bss.huart     0x0000000020000184       0x70 build/portserial.o
 .bss.__malloc_free_list
                0x00000000200001f4        0x4 /opt/gcc-arm-none-eabi-8-2018-q4-major/bin/../lib/gcc/arm-none-eabi/8.2.1/../../../../arm-none-eabi/lib/thumb/v6-m/nofp/libc_nano.a(lib_a-nano-mallocr.o)
                0x00000000200001f4                __malloc_free_list
 .bss.__malloc_sbrk_start
                0x00000000200001f8        0x4 /opt/gcc-arm-none-eabi-8-2018-q4-major/bin/../lib/gcc/arm-none-eabi/8.2.1/../../../../arm-none-eabi/lib/thumb/v6-m/nofp/libc_nano.a(lib_a-nano-mallocr.o)
                0x00000000200001f8                __malloc_sbrk_start
 .bss.heap_end.4194
                0x00000000200001fc        0x4 /opt/gcc-arm-none-eabi-8-2018-q4-major/bin/../lib/gcc/arm-none-eabi/8.2.1/../../../../arm-none-eabi/lib/thumb/v6-m/nofp/libnosys.a(sbrk.o)
 *(COMMON)
 COMMON         0x0000000020000200      0x120 build/main.o
                0x0000000020000200                huart1
                0x0000000020000270                huart2
                0x00000000200002e0                htim14
 COMMON         0x0000000020000320        0x4 build/stm32f0xx_hal.o
                0x0000000020000320                uwTick
 COMMON         0x0000000020000324       0x14 build/mb.o
                0x0000000020000324                pxMBFrameCBTransmitterEmpty
                0x0000000020000328                pxMBPortCBTimerExpired
                0x000000002000032c                pxMBFrameCBByteReceived
                0x0000000020000330                pxMBFrameCBTransmitFSMCur
                0x0000000020000334                pxMBFrameCBReceiveFSMCur
 COMMON         0x0000000020000338      0x100 build/mbrtu.o
                0x0000000020000338                ucRTUBuf
 COMMON         0x0000000020000438        0x9 /opt/gcc-arm-none-eabi-8-2018-q4-major/bin/../lib/gcc/arm-none-eabi/8.2.1/../../../../arm-none-eabi/lib/thumb/v6-m/nofp/libc_nano.a(lib_a-lock.o)
                0x0000000020000438                __lock___atexit_recursive_mutex
                0x0000000020000439                __lock___arc4random_mutex
                0x000000002000043a                __lock___env_recursive_mutex
                0x000000002000043b                __lock___sinit_recursive_mutex
                0x000000002000043c                __lock___malloc_recursive_mutex
                0x000000002000043d                __lock___at_quick_exit_mutex
                0x000000002000043e                __lock___dd_hash_mutex
                0x000000002000043f                __lock___tz_mutex
                0x0000000020000440                __lock___sfp_recursive_mutex
 *fill*         0x0000000020000441        0x3 
 COMMON         0x0000000020000444        0x4 /opt/gcc-arm-none-eabi-8-2018-q4-major/bin/../lib/gcc/arm-none-eabi/8.2.1/../../../../arm-none-eabi/lib/thumb/v6-m/nofp/libc_nano.a(lib_a-reent.o)
                0x0000000020000444                errno
                0x0000000020000448                . = ALIGN (0x4)
                0x0000000020000448                _ebss = .
                0x0000000020000448                __bss_end__ = _ebss

._user_heap_stack
                0x0000000020000448      0x600 load address 0x0000000008003688
                0x0000000020000448                . = ALIGN (0x8)
                0x0000000020000448                PROVIDE (end = .)
                [!provide]                        PROVIDE (_end = .)
                0x0000000020000648                . = (. + _Min_Heap_Size)
 *fill*         0x0000000020000448      0x200 
                0x0000000020000a48                . = (. + _Min_Stack_Size)
 *fill*         0x0000000020000648      0x400 
                0x0000000020000a48                . = ALIGN (0x8)

/DISCARD/
 libc.a(*)
 libm.a(*)
 libgcc.a(*)

.ARM.attributes
                0x0000000000000000       0x28
 *(.ARM.attributes)
 .ARM.attributes
                0x0000000000000000       0x1e /opt/gcc-arm-none-eabi-8-2018-q4-major/bin/../lib/gcc/arm-none-eabi/8.2.1/thumb/v6-m/nofp/crti.o
 .ARM.attributes
                0x000000000000001e       0x2c /opt/gcc-arm-none-eabi-8-2018-q4-major/bin/../lib/gcc/arm-none-eabi/8.2.1/thumb/v6-m/nofp/crtbegin.o
 .ARM.attributes
                0x000000000000004a       0x2c build/main.o
 .ARM.attributes
                0x0000000000000076       0x2c build/stm32f0xx_it.o
 .ARM.attributes
                0x00000000000000a2       0x2c build/stm32f0xx_hal_msp.o
 .ARM.attributes
                0x00000000000000ce       0x2c build/stm32f0xx_hal_tim.o
 .ARM.attributes
                0x00000000000000fa       0x2c build/stm32f0xx_hal_tim_ex.o
 .ARM.attributes
                0x0000000000000126       0x2c build/stm32f0xx_hal_uart.o
 .ARM.attributes
                0x0000000000000152       0x2c build/stm32f0xx_hal_uart_ex.o
 .ARM.attributes
                0x000000000000017e       0x2c build/stm32f0xx_hal_rcc.o
 .ARM.attributes
                0x00000000000001aa       0x2c build/stm32f0xx_hal_rcc_ex.o
 .ARM.attributes
                0x00000000000001d6       0x2c build/stm32f0xx_hal.o
 .ARM.attributes
                0x0000000000000202       0x2c build/stm32f0xx_hal_gpio.o
 .ARM.attributes
                0x000000000000022e       0x2c build/stm32f0xx_hal_dma.o
 .ARM.attributes
                0x000000000000025a       0x2c build/stm32f0xx_hal_cortex.o
 .ARM.attributes
                0x0000000000000286       0x2c build/mb.o
 .ARM.attributes
                0x00000000000002b2       0x2c build/mbrtu.o
 .ARM.attributes
                0x00000000000002de       0x2c build/mbcrc.o
 .ARM.attributes
                0x000000000000030a       0x2c build/portevent.o
 .ARM.attributes
                0x0000000000000336       0x2c build/porttimer.o
 .ARM.attributes
                0x0000000000000362       0x2c build/portserial.o
 .ARM.attributes
                0x000000000000038e       0x2c build/system_stm32f0xx.o
 .ARM.attributes
                0x00000000000003ba       0x21 build/startup_stm32f070x6.o
 .ARM.attributes
                0x00000000000003db       0x2c /opt/gcc-arm-none-eabi-8-2018-q4-major/bin/../lib/gcc/arm-none-eabi/8.2.1/../../../../arm-none-eabi/lib/thumb/v6-m/nofp/libc_nano.a(lib_a-assert.o)
 .ARM.attributes
                0x0000000000000407       0x2c /opt/gcc-arm-none-eabi-8-2018-q4-major/bin/../lib/gcc/arm-none-eabi/8.2.1/../../../../arm-none-eabi/lib/thumb/v6-m/nofp/libc_nano.a(lib_a-fprintf.o)
 .ARM.attributes
                0x0000000000000433       0x2c /opt/gcc-arm-none-eabi-8-2018-q4-major/bin/../lib/gcc/arm-none-eabi/8.2.1/../../../../arm-none-eabi/lib/thumb/v6-m/nofp/libc_nano.a(lib_a-impure.o)
 .ARM.attributes
                0x000000000000045f       0x2c /opt/gcc-arm-none-eabi-8-2018-q4-major/bin/../lib/gcc/arm-none-eabi/8.2.1/../../../../arm-none-eabi/lib/thumb/v6-m/nofp/libc_nano.a(lib_a-init.o)
 .ARM.attributes
                0x000000000000048b       0x2c /opt/gcc-arm-none-eabi-8-2018-q4-major/bin/../lib/gcc/arm-none-eabi/8.2.1/../../../../arm-none-eabi/lib/thumb/v6-m/nofp/libc_nano.a(lib_a-memset.o)
 .ARM.attributes
                0x00000000000004b7       0x2c /opt/gcc-arm-none-eabi-8-2018-q4-major/bin/../lib/gcc/arm-none-eabi/8.2.1/../../../../arm-none-eabi/lib/thumb/v6-m/nofp/libc_nano.a(lib_a-nano-vfprintf.o)
 .ARM.attributes
                0x00000000000004e3       0x2c /opt/gcc-arm-none-eabi-8-2018-q4-major/bin/../lib/gcc/arm-none-eabi/8.2.1/../../../../arm-none-eabi/lib/thumb/v6-m/nofp/libc_nano.a(lib_a-nano-vfprintf_i.o)
 .ARM.attributes
                0x000000000000050f       0x2c /opt/gcc-arm-none-eabi-8-2018-q4-major/bin/../lib/gcc/arm-none-eabi/8.2.1/../../../../arm-none-eabi/lib/thumb/v6-m/nofp/libc_nano.a(lib_a-wbuf.o)
 .ARM.attributes
                0x000000000000053b       0x2c /opt/gcc-arm-none-eabi-8-2018-q4-major/bin/../lib/gcc/arm-none-eabi/8.2.1/../../../../arm-none-eabi/lib/thumb/v6-m/nofp/libc_nano.a(lib_a-wsetup.o)
 .ARM.attributes
                0x0000000000000567       0x2c /opt/gcc-arm-none-eabi-8-2018-q4-major/bin/../lib/gcc/arm-none-eabi/8.2.1/../../../../arm-none-eabi/lib/thumb/v6-m/nofp/libc_nano.a(lib_a-abort.o)
 .ARM.attributes
                0x0000000000000593       0x2c /opt/gcc-arm-none-eabi-8-2018-q4-major/bin/../lib/gcc/arm-none-eabi/8.2.1/../../../../arm-none-eabi/lib/thumb/v6-m/nofp/libc_nano.a(lib_a-fflush.o)
 .ARM.attributes
                0x00000000000005bf       0x2c /opt/gcc-arm-none-eabi-8-2018-q4-major/bin/../lib/gcc/arm-none-eabi/8.2.1/../../../../arm-none-eabi/lib/thumb/v6-m/nofp/libc_nano.a(lib_a-findfp.o)
 .ARM.attributes
                0x00000000000005eb       0x2c /opt/gcc-arm-none-eabi-8-2018-q4-major/bin/../lib/gcc/arm-none-eabi/8.2.1/../../../../arm-none-eabi/lib/thumb/v6-m/nofp/libc_nano.a(lib_a-fwalk.o)
 .ARM.attributes
                0x0000000000000617       0x2c /opt/gcc-arm-none-eabi-8-2018-q4-major/bin/../lib/gcc/arm-none-eabi/8.2.1/../../../../arm-none-eabi/lib/thumb/v6-m/nofp/libc_nano.a(lib_a-lock.o)
 .ARM.attributes
                0x0000000000000643       0x2c /opt/gcc-arm-none-eabi-8-2018-q4-major/bin/../lib/gcc/arm-none-eabi/8.2.1/../../../../arm-none-eabi/lib/thumb/v6-m/nofp/libc_nano.a(lib_a-makebuf.o)
 .ARM.attributes
                0x000000000000066f       0x2c /opt/gcc-arm-none-eabi-8-2018-q4-major/bin/../lib/gcc/arm-none-eabi/8.2.1/../../../../arm-none-eabi/lib/thumb/v6-m/nofp/libc_nano.a(lib_a-memchr-stub.o)
 .ARM.attributes
                0x000000000000069b       0x2c /opt/gcc-arm-none-eabi-8-2018-q4-major/bin/../lib/gcc/arm-none-eabi/8.2.1/../../../../arm-none-eabi/lib/thumb/v6-m/nofp/libc_nano.a(lib_a-nano-freer.o)
 .ARM.attributes
                0x00000000000006c7       0x2c /opt/gcc-arm-none-eabi-8-2018-q4-major/bin/../lib/gcc/arm-none-eabi/8.2.1/../../../../arm-none-eabi/lib/thumb/v6-m/nofp/libc_nano.a(lib_a-nano-mallocr.o)
 .ARM.attributes
                0x00000000000006f3       0x2c /opt/gcc-arm-none-eabi-8-2018-q4-major/bin/../lib/gcc/arm-none-eabi/8.2.1/../../../../arm-none-eabi/lib/thumb/v6-m/nofp/libc_nano.a(lib_a-sbrkr.o)
 .ARM.attributes
                0x000000000000071f       0x2c /opt/gcc-arm-none-eabi-8-2018-q4-major/bin/../lib/gcc/arm-none-eabi/8.2.1/../../../../arm-none-eabi/lib/thumb/v6-m/nofp/libc_nano.a(lib_a-signal.o)
 .ARM.attributes
                0x000000000000074b       0x2c /opt/gcc-arm-none-eabi-8-2018-q4-major/bin/../lib/gcc/arm-none-eabi/8.2.1/../../../../arm-none-eabi/lib/thumb/v6-m/nofp/libc_nano.a(lib_a-signalr.o)
 .ARM.attributes
                0x0000000000000777       0x2c /opt/gcc-arm-none-eabi-8-2018-q4-major/bin/../lib/gcc/arm-none-eabi/8.2.1/../../../../arm-none-eabi/lib/thumb/v6-m/nofp/libc_nano.a(lib_a-stdio.o)
 .ARM.attributes
                0x00000000000007a3       0x2c /opt/gcc-arm-none-eabi-8-2018-q4-major/bin/../lib/gcc/arm-none-eabi/8.2.1/../../../../arm-none-eabi/lib/thumb/v6-m/nofp/libc_nano.a(lib_a-writer.o)
 .ARM.attributes
                0x00000000000007cf       0x2c /opt/gcc-arm-none-eabi-8-2018-q4-major/bin/../lib/gcc/arm-none-eabi/8.2.1/../../../../arm-none-eabi/lib/thumb/v6-m/nofp/libc_nano.a(lib_a-closer.o)
 .ARM.attributes
                0x00000000000007fb       0x2c /opt/gcc-arm-none-eabi-8-2018-q4-major/bin/../lib/gcc/arm-none-eabi/8.2.1/../../../../arm-none-eabi/lib/thumb/v6-m/nofp/libc_nano.a(lib_a-fstatr.o)
 .ARM.attributes
                0x0000000000000827       0x2c /opt/gcc-arm-none-eabi-8-2018-q4-major/bin/../lib/gcc/arm-none-eabi/8.2.1/../../../../arm-none-eabi/lib/thumb/v6-m/nofp/libc_nano.a(lib_a-isattyr.o)
 .ARM.attributes
                0x0000000000000853       0x2c /opt/gcc-arm-none-eabi-8-2018-q4-major/bin/../lib/gcc/arm-none-eabi/8.2.1/../../../../arm-none-eabi/lib/thumb/v6-m/nofp/libc_nano.a(lib_a-lseekr.o)
 .ARM.attributes
                0x000000000000087f       0x2c /opt/gcc-arm-none-eabi-8-2018-q4-major/bin/../lib/gcc/arm-none-eabi/8.2.1/../../../../arm-none-eabi/lib/thumb/v6-m/nofp/libc_nano.a(lib_a-mlock.o)
 .ARM.attributes
                0x00000000000008ab       0x2c /opt/gcc-arm-none-eabi-8-2018-q4-major/bin/../lib/gcc/arm-none-eabi/8.2.1/../../../../arm-none-eabi/lib/thumb/v6-m/nofp/libc_nano.a(lib_a-readr.o)
 .ARM.attributes
                0x00000000000008d7       0x2c /opt/gcc-arm-none-eabi-8-2018-q4-major/bin/../lib/gcc/arm-none-eabi/8.2.1/../../../../arm-none-eabi/lib/thumb/v6-m/nofp/libc_nano.a(lib_a-reent.o)
 .ARM.attributes
                0x0000000000000903       0x2c /opt/gcc-arm-none-eabi-8-2018-q4-major/bin/../lib/gcc/arm-none-eabi/8.2.1/../../../../arm-none-eabi/lib/thumb/v6-m/nofp/libnosys.a(close.o)
 .ARM.attributes
                0x000000000000092f       0x2c /opt/gcc-arm-none-eabi-8-2018-q4-major/bin/../lib/gcc/arm-none-eabi/8.2.1/../../../../arm-none-eabi/lib/thumb/v6-m/nofp/libnosys.a(fstat.o)
 .ARM.attributes
                0x000000000000095b       0x2c /opt/gcc-arm-none-eabi-8-2018-q4-major/bin/../lib/gcc/arm-none-eabi/8.2.1/../../../../arm-none-eabi/lib/thumb/v6-m/nofp/libnosys.a(getpid.o)
 .ARM.attributes
                0x0000000000000987       0x2c /opt/gcc-arm-none-eabi-8-2018-q4-major/bin/../lib/gcc/arm-none-eabi/8.2.1/../../../../arm-none-eabi/lib/thumb/v6-m/nofp/libnosys.a(isatty.o)
 .ARM.attributes
                0x00000000000009b3       0x2c /opt/gcc-arm-none-eabi-8-2018-q4-major/bin/../lib/gcc/arm-none-eabi/8.2.1/../../../../arm-none-eabi/lib/thumb/v6-m/nofp/libnosys.a(kill.o)
 .ARM.attributes
                0x00000000000009df       0x2c /opt/gcc-arm-none-eabi-8-2018-q4-major/bin/../lib/gcc/arm-none-eabi/8.2.1/../../../../arm-none-eabi/lib/thumb/v6-m/nofp/libnosys.a(lseek.o)
 .ARM.attributes
                0x0000000000000a0b       0x2c /opt/gcc-arm-none-eabi-8-2018-q4-major/bin/../lib/gcc/arm-none-eabi/8.2.1/../../../../arm-none-eabi/lib/thumb/v6-m/nofp/libnosys.a(read.o)
 .ARM.attributes
                0x0000000000000a37       0x2c /opt/gcc-arm-none-eabi-8-2018-q4-major/bin/../lib/gcc/arm-none-eabi/8.2.1/../../../../arm-none-eabi/lib/thumb/v6-m/nofp/libnosys.a(sbrk.o)
 .ARM.attributes
                0x0000000000000a63       0x2c /opt/gcc-arm-none-eabi-8-2018-q4-major/bin/../lib/gcc/arm-none-eabi/8.2.1/../../../../arm-none-eabi/lib/thumb/v6-m/nofp/libnosys.a(write.o)
 .ARM.attributes
                0x0000000000000a8f       0x2c /opt/gcc-arm-none-eabi-8-2018-q4-major/bin/../lib/gcc/arm-none-eabi/8.2.1/../../../../arm-none-eabi/lib/thumb/v6-m/nofp/libnosys.a(_exit.o)
 .ARM.attributes
                0x0000000000000abb       0x1e /opt/gcc-arm-none-eabi-8-2018-q4-major/bin/../lib/gcc/arm-none-eabi/8.2.1/thumb/v6-m/nofp/libgcc.a(_udivsi3.o)
 .ARM.attributes
                0x0000000000000ad9       0x1e /opt/gcc-arm-none-eabi-8-2018-q4-major/bin/../lib/gcc/arm-none-eabi/8.2.1/thumb/v6-m/nofp/libgcc.a(_dvmd_tls.o)
 .ARM.attributes
                0x0000000000000af7       0x1e /opt/gcc-arm-none-eabi-8-2018-q4-major/bin/../lib/gcc/arm-none-eabi/8.2.1/thumb/v6-m/nofp/crtn.o
OUTPUT(build/ust.elf elf32-littlearm)

.debug_info     0x0000000000000000    0x1bb63
 .debug_info    0x0000000000000000     0x1cd3 build/main.o
 .debug_info    0x0000000000001cd3     0x14cb build/stm32f0xx_it.o
 .debug_info    0x000000000000319e     0x1988 build/stm32f0xx_hal_msp.o
 .debug_info    0x0000000000004b26     0x4050 build/stm32f0xx_hal_tim.o
 .debug_info    0x0000000000008b76     0x1f51 build/stm32f0xx_hal_tim_ex.o
 .debug_info    0x000000000000aac7     0x25a2 build/stm32f0xx_hal_uart.o
 .debug_info    0x000000000000d069     0x1225 build/stm32f0xx_hal_uart_ex.o
 .debug_info    0x000000000000e28e     0x1407 build/stm32f0xx_hal_rcc.o
 .debug_info    0x000000000000f695      0xe46 build/stm32f0xx_hal_rcc_ex.o
 .debug_info    0x00000000000104db     0x10a6 build/stm32f0xx_hal.o
 .debug_info    0x0000000000011581     0x10bf build/stm32f0xx_hal_gpio.o
 .debug_info    0x0000000000012640     0x12f8 build/stm32f0xx_hal_dma.o
 .debug_info    0x0000000000013938     0x127b build/stm32f0xx_hal_cortex.o
 .debug_info    0x0000000000014bb3     0x119d build/mb.o
 .debug_info    0x0000000000015d50     0x1361 build/mbrtu.o
 .debug_info    0x00000000000170b1      0xb7a build/mbcrc.o
 .debug_info    0x0000000000017c2b      0xbb5 build/portevent.o
 .debug_info    0x00000000000187e0     0x12d5 build/porttimer.o
 .debug_info    0x0000000000019ab5     0x145d build/portserial.o
 .debug_info    0x000000000001af12      0xc2f build/system_stm32f0xx.o
 .debug_info    0x000000000001bb41       0x22 build/startup_stm32f070x6.o

.debug_abbrev   0x0000000000000000     0x3927
 .debug_abbrev  0x0000000000000000      0x31f build/main.o
 .debug_abbrev  0x000000000000031f      0x25e build/stm32f0xx_it.o
 .debug_abbrev  0x000000000000057d      0x298 build/stm32f0xx_hal_msp.o
 .debug_abbrev  0x0000000000000815      0x360 build/stm32f0xx_hal_tim.o
 .debug_abbrev  0x0000000000000b75      0x346 build/stm32f0xx_hal_tim_ex.o
 .debug_abbrev  0x0000000000000ebb      0x328 build/stm32f0xx_hal_uart.o
 .debug_abbrev  0x00000000000011e3      0x279 build/stm32f0xx_hal_uart_ex.o
 .debug_abbrev  0x000000000000145c      0x32a build/stm32f0xx_hal_rcc.o
 .debug_abbrev  0x0000000000001786      0x2cd build/stm32f0xx_hal_rcc_ex.o
 .debug_abbrev  0x0000000000001a53      0x320 build/stm32f0xx_hal.o
 .debug_abbrev  0x0000000000001d73      0x30a build/stm32f0xx_hal_gpio.o
 .debug_abbrev  0x000000000000207d      0x316 build/stm32f0xx_hal_dma.o
 .debug_abbrev  0x0000000000002393      0x395 build/stm32f0xx_hal_cortex.o
 .debug_abbrev  0x0000000000002728      0x336 build/mb.o
 .debug_abbrev  0x0000000000002a5e      0x31f build/mbrtu.o
 .debug_abbrev  0x0000000000002d7d      0x1ec build/mbcrc.o
 .debug_abbrev  0x0000000000002f69      0x22d build/portevent.o
 .debug_abbrev  0x0000000000003196      0x29d build/porttimer.o
 .debug_abbrev  0x0000000000003433      0x2c8 build/portserial.o
 .debug_abbrev  0x00000000000036fb      0x21a build/system_stm32f0xx.o
 .debug_abbrev  0x0000000000003915       0x12 build/startup_stm32f070x6.o

.debug_loc      0x0000000000000000     0xb7f1
 .debug_loc     0x0000000000000000       0xe5 build/main.o
 .debug_loc     0x00000000000000e5       0x80 build/stm32f0xx_it.o
 .debug_loc     0x0000000000000165      0x1da build/stm32f0xx_hal_msp.o
 .debug_loc     0x000000000000033f     0x4a44 build/stm32f0xx_hal_tim.o
 .debug_loc     0x0000000000004d83     0x173c build/stm32f0xx_hal_tim_ex.o
 .debug_loc     0x00000000000064bf     0x1e89 build/stm32f0xx_hal_uart.o
 .debug_loc     0x0000000000008348      0x261 build/stm32f0xx_hal_uart_ex.o
 .debug_loc     0x00000000000085a9      0x6ac build/stm32f0xx_hal_rcc.o
 .debug_loc     0x0000000000008c55      0x63d build/stm32f0xx_hal_rcc_ex.o
 .debug_loc     0x0000000000009292      0x118 build/stm32f0xx_hal.o
 .debug_loc     0x00000000000093aa      0x418 build/stm32f0xx_hal_gpio.o
 .debug_loc     0x00000000000097c2      0xa8d build/stm32f0xx_hal_dma.o
 .debug_loc     0x000000000000a24f      0x449 build/stm32f0xx_hal_cortex.o
 .debug_loc     0x000000000000a698      0x484 build/mb.o
 .debug_loc     0x000000000000ab1c      0x570 build/mbrtu.o
 .debug_loc     0x000000000000b08c       0xea build/mbcrc.o
 .debug_loc     0x000000000000b176       0x89 build/portevent.o
 .debug_loc     0x000000000000b1ff       0xc5 build/porttimer.o
 .debug_loc     0x000000000000b2c4      0x3c3 build/portserial.o
 .debug_loc     0x000000000000b687      0x16a build/system_stm32f0xx.o

.debug_aranges  0x0000000000000000      0xc30
 .debug_aranges
                0x0000000000000000       0x50 build/main.o
 .debug_aranges
                0x0000000000000050       0x58 build/stm32f0xx_it.o
 .debug_aranges
                0x00000000000000a8       0x40 build/stm32f0xx_hal_msp.o
 .debug_aranges
                0x00000000000000e8      0x378 build/stm32f0xx_hal_tim.o
 .debug_aranges
                0x0000000000000460      0x140 build/stm32f0xx_hal_tim_ex.o
 .debug_aranges
                0x00000000000005a0      0x1d8 build/stm32f0xx_hal_uart.o
 .debug_aranges
                0x0000000000000778       0x28 build/stm32f0xx_hal_uart_ex.o
 .debug_aranges
                0x00000000000007a0       0x80 build/stm32f0xx_hal_rcc.o
 .debug_aranges
                0x0000000000000820       0x30 build/stm32f0xx_hal_rcc_ex.o
 .debug_aranges
                0x0000000000000850       0xb8 build/stm32f0xx_hal.o
 .debug_aranges
                0x0000000000000908       0x58 build/stm32f0xx_hal_gpio.o
 .debug_aranges
                0x0000000000000960       0x88 build/stm32f0xx_hal_dma.o
 .debug_aranges
                0x00000000000009e8       0x78 build/stm32f0xx_hal_cortex.o
 .debug_aranges
                0x0000000000000a60       0x48 build/mb.o
 .debug_aranges
                0x0000000000000aa8       0x58 build/mbrtu.o
 .debug_aranges
                0x0000000000000b00       0x20 build/mbcrc.o
 .debug_aranges
                0x0000000000000b20       0x30 build/portevent.o
 .debug_aranges
                0x0000000000000b50       0x40 build/porttimer.o
 .debug_aranges
                0x0000000000000b90       0x50 build/portserial.o
 .debug_aranges
                0x0000000000000be0       0x28 build/system_stm32f0xx.o
 .debug_aranges
                0x0000000000000c08       0x28 build/startup_stm32f070x6.o

.debug_ranges   0x0000000000000000      0xb60
 .debug_ranges  0x0000000000000000       0x40 build/main.o
 .debug_ranges  0x0000000000000040       0x48 build/stm32f0xx_it.o
 .debug_ranges  0x0000000000000088       0x30 build/stm32f0xx_hal_msp.o
 .debug_ranges  0x00000000000000b8      0x368 build/stm32f0xx_hal_tim.o
 .debug_ranges  0x0000000000000420      0x130 build/stm32f0xx_hal_tim_ex.o
 .debug_ranges  0x0000000000000550      0x1c8 build/stm32f0xx_hal_uart.o
 .debug_ranges  0x0000000000000718       0x18 build/stm32f0xx_hal_uart_ex.o
 .debug_ranges  0x0000000000000730       0x88 build/stm32f0xx_hal_rcc.o
 .debug_ranges  0x00000000000007b8       0x38 build/stm32f0xx_hal_rcc_ex.o
 .debug_ranges  0x00000000000007f0       0xa8 build/stm32f0xx_hal.o
 .debug_ranges  0x0000000000000898       0x48 build/stm32f0xx_hal_gpio.o
 .debug_ranges  0x00000000000008e0       0x78 build/stm32f0xx_hal_dma.o
 .debug_ranges  0x0000000000000958       0xb0 build/stm32f0xx_hal_cortex.o
 .debug_ranges  0x0000000000000a08       0x38 build/mb.o
 .debug_ranges  0x0000000000000a40       0x48 build/mbrtu.o
 .debug_ranges  0x0000000000000a88       0x10 build/mbcrc.o
 .debug_ranges  0x0000000000000a98       0x20 build/portevent.o
 .debug_ranges  0x0000000000000ab8       0x30 build/porttimer.o
 .debug_ranges  0x0000000000000ae8       0x40 build/portserial.o
 .debug_ranges  0x0000000000000b28       0x18 build/system_stm32f0xx.o
 .debug_ranges  0x0000000000000b40       0x20 build/startup_stm32f070x6.o

.debug_line     0x0000000000000000     0xaf60
 .debug_line    0x0000000000000000      0x533 build/main.o
 .debug_line    0x0000000000000533      0x311 build/stm32f0xx_it.o
 .debug_line    0x0000000000000844      0x3d3 build/stm32f0xx_hal_msp.o
 .debug_line    0x0000000000000c17     0x2fcf build/stm32f0xx_hal_tim.o
 .debug_line    0x0000000000003be6      0xfe0 build/stm32f0xx_hal_tim_ex.o
 .debug_line    0x0000000000004bc6     0x1bbf build/stm32f0xx_hal_uart.o
 .debug_line    0x0000000000006785      0x2f9 build/stm32f0xx_hal_uart_ex.o
 .debug_line    0x0000000000006a7e      0xabe build/stm32f0xx_hal_rcc.o
 .debug_line    0x000000000000753c      0x5a6 build/stm32f0xx_hal_rcc_ex.o
 .debug_line    0x0000000000007ae2      0x4a5 build/stm32f0xx_hal.o
 .debug_line    0x0000000000007f87      0x590 build/stm32f0xx_hal_gpio.o
 .debug_line    0x0000000000008517      0x9c6 build/stm32f0xx_hal_dma.o
 .debug_line    0x0000000000008edd      0x516 build/stm32f0xx_hal_cortex.o
 .debug_line    0x00000000000093f3      0x5d7 build/mb.o
 .debug_line    0x00000000000099ca      0x5fa build/mbrtu.o
 .debug_line    0x0000000000009fc4      0x20a build/mbcrc.o
 .debug_line    0x000000000000a1ce      0x245 build/portevent.o
 .debug_line    0x000000000000a413      0x356 build/porttimer.o
 .debug_line    0x000000000000a769      0x4a7 build/portserial.o
 .debug_line    0x000000000000ac10      0x2c6 build/system_stm32f0xx.o
 .debug_line    0x000000000000aed6       0x8a build/startup_stm32f070x6.o

.debug_str      0x0000000000000000     0x3c75
 .debug_str     0x0000000000000000     0x1102 build/main.o
                                       0x11dd (size before relaxing)
 .debug_str     0x0000000000001102       0xd5 build/stm32f0xx_it.o
                                        0xcb9 (size before relaxing)
 .debug_str     0x00000000000011d7       0xa8 build/stm32f0xx_hal_msp.o
                                        0xee8 (size before relaxing)
 .debug_str     0x000000000000127f      0xd78 build/stm32f0xx_hal_tim.o
                                       0x1787 (size before relaxing)
 .debug_str     0x0000000000001ff7      0x50a build/stm32f0xx_hal_tim_ex.o
                                        0xff9 (size before relaxing)
 .debug_str     0x0000000000002501      0x615 build/stm32f0xx_hal_uart.o
                                       0x115a (size before relaxing)
 .debug_str     0x0000000000002b16       0x8c build/stm32f0xx_hal_uart_ex.o
                                        0xb27 (size before relaxing)
 .debug_str     0x0000000000002ba2      0x1aa build/stm32f0xx_hal_rcc.o
                                        0x9e5 (size before relaxing)
 .debug_str     0x0000000000002d4c       0xb3 build/stm32f0xx_hal_rcc_ex.o
                                        0x7dd (size before relaxing)
 .debug_str     0x0000000000002dff      0x1af build/stm32f0xx_hal.o
                                        0x9bf (size before relaxing)
 .debug_str     0x0000000000002fae      0x10e build/stm32f0xx_hal_gpio.o
                                        0x80c (size before relaxing)
 .debug_str     0x00000000000030bc      0x214 build/stm32f0xx_hal_dma.o
                                        0xa1b (size before relaxing)
 .debug_str     0x00000000000032d0      0x1ba build/stm32f0xx_hal_cortex.o
                                        0x9c7 (size before relaxing)
 .debug_str     0x000000000000348a      0x3f6 build/mb.o
                                        0xa6c (size before relaxing)
 .debug_str     0x0000000000003880      0x243 build/mbrtu.o
                                        0x98c (size before relaxing)
 .debug_str     0x0000000000003ac3       0x32 build/mbcrc.o
                                        0x5fe (size before relaxing)
 .debug_str     0x0000000000003af5       0x42 build/portevent.o
                                        0x694 (size before relaxing)
 .debug_str     0x0000000000003b37       0x64 build/porttimer.o
                                        0xb29 (size before relaxing)
 .debug_str     0x0000000000003b9b       0x7d build/portserial.o
                                        0xc1d (size before relaxing)
 .debug_str     0x0000000000003c18       0x38 build/system_stm32f0xx.o
                                        0x632 (size before relaxing)
 .debug_str     0x0000000000003c50       0x25 build/startup_stm32f070x6.o
                                         0x3c (size before relaxing)

.comment        0x0000000000000000       0x75
 .comment       0x0000000000000000       0x75 build/main.o
                                         0x76 (size before relaxing)
 .comment       0x0000000000000075       0x76 build/stm32f0xx_it.o
 .comment       0x0000000000000075       0x76 build/stm32f0xx_hal_msp.o
 .comment       0x0000000000000075       0x76 build/stm32f0xx_hal_tim.o
 .comment       0x0000000000000075       0x76 build/stm32f0xx_hal_tim_ex.o
 .comment       0x0000000000000075       0x76 build/stm32f0xx_hal_uart.o
 .comment       0x0000000000000075       0x76 build/stm32f0xx_hal_uart_ex.o
 .comment       0x0000000000000075       0x76 build/stm32f0xx_hal_rcc.o
 .comment       0x0000000000000075       0x76 build/stm32f0xx_hal_rcc_ex.o
 .comment       0x0000000000000075       0x76 build/stm32f0xx_hal.o
 .comment       0x0000000000000075       0x76 build/stm32f0xx_hal_gpio.o
 .comment       0x0000000000000075       0x76 build/stm32f0xx_hal_dma.o
 .comment       0x0000000000000075       0x76 build/stm32f0xx_hal_cortex.o
 .comment       0x0000000000000075       0x76 build/mb.o
 .comment       0x0000000000000075       0x76 build/mbrtu.o
 .comment       0x0000000000000075       0x76 build/mbcrc.o
 .comment       0x0000000000000075       0x76 build/portevent.o
 .comment       0x0000000000000075       0x76 build/porttimer.o
 .comment       0x0000000000000075       0x76 build/portserial.o
 .comment       0x0000000000000075       0x76 build/system_stm32f0xx.o

.debug_frame    0x0000000000000000     0x2c0c
 .debug_frame   0x0000000000000000       0xcc build/main.o
 .debug_frame   0x00000000000000cc       0xc0 build/stm32f0xx_it.o
 .debug_frame   0x000000000000018c       0x94 build/stm32f0xx_hal_msp.o
 .debug_frame   0x0000000000000220      0xae8 build/stm32f0xx_hal_tim.o
 .debug_frame   0x0000000000000d08      0x3f8 build/stm32f0xx_hal_tim_ex.o
 .debug_frame   0x0000000000001100      0x584 build/stm32f0xx_hal_uart.o
 .debug_frame   0x0000000000001684       0x58 build/stm32f0xx_hal_uart_ex.o
 .debug_frame   0x00000000000016dc      0x14c build/stm32f0xx_hal_rcc.o
 .debug_frame   0x0000000000001828       0x60 build/stm32f0xx_hal_rcc_ex.o
 .debug_frame   0x0000000000001888      0x184 build/stm32f0xx_hal.o
 .debug_frame   0x0000000000001a0c       0xdc build/stm32f0xx_hal_gpio.o
 .debug_frame   0x0000000000001ae8      0x198 build/stm32f0xx_hal_dma.o
 .debug_frame   0x0000000000001c80       0xec build/stm32f0xx_hal_cortex.o
 .debug_frame   0x0000000000001d6c       0xbc build/mb.o
 .debug_frame   0x0000000000001e28       0xf4 build/mbrtu.o
 .debug_frame   0x0000000000001f1c       0x2c build/mbcrc.o
 .debug_frame   0x0000000000001f48       0x40 build/portevent.o
 .debug_frame   0x0000000000001f88       0xa0 build/porttimer.o
 .debug_frame   0x0000000000002028       0xc0 build/portserial.o
 .debug_frame   0x00000000000020e8       0x3c build/system_stm32f0xx.o
 .debug_frame   0x0000000000002124       0x44 /opt/gcc-arm-none-eabi-8-2018-q4-major/bin/../lib/gcc/arm-none-eabi/8.2.1/../../../../arm-none-eabi/lib/thumb/v6-m/nofp/libc_nano.a(lib_a-assert.o)
 .debug_frame   0x0000000000002168       0x4c /opt/gcc-arm-none-eabi-8-2018-q4-major/bin/../lib/gcc/arm-none-eabi/8.2.1/../../../../arm-none-eabi/lib/thumb/v6-m/nofp/libc_nano.a(lib_a-fprintf.o)
 .debug_frame   0x00000000000021b4       0x2c /opt/gcc-arm-none-eabi-8-2018-q4-major/bin/../lib/gcc/arm-none-eabi/8.2.1/../../../../arm-none-eabi/lib/thumb/v6-m/nofp/libc_nano.a(lib_a-init.o)
 .debug_frame   0x00000000000021e0       0x20 /opt/gcc-arm-none-eabi-8-2018-q4-major/bin/../lib/gcc/arm-none-eabi/8.2.1/../../../../arm-none-eabi/lib/thumb/v6-m/nofp/libc_nano.a(lib_a-memset.o)
 .debug_frame   0x0000000000002200       0x9c /opt/gcc-arm-none-eabi-8-2018-q4-major/bin/../lib/gcc/arm-none-eabi/8.2.1/../../../../arm-none-eabi/lib/thumb/v6-m/nofp/libc_nano.a(lib_a-nano-vfprintf.o)
 .debug_frame   0x000000000000229c       0x54 /opt/gcc-arm-none-eabi-8-2018-q4-major/bin/../lib/gcc/arm-none-eabi/8.2.1/../../../../arm-none-eabi/lib/thumb/v6-m/nofp/libc_nano.a(lib_a-nano-vfprintf_i.o)
 .debug_frame   0x00000000000022f0       0x48 /opt/gcc-arm-none-eabi-8-2018-q4-major/bin/../lib/gcc/arm-none-eabi/8.2.1/../../../../arm-none-eabi/lib/thumb/v6-m/nofp/libc_nano.a(lib_a-wbuf.o)
 .debug_frame   0x0000000000002338       0x2c /opt/gcc-arm-none-eabi-8-2018-q4-major/bin/../lib/gcc/arm-none-eabi/8.2.1/../../../../arm-none-eabi/lib/thumb/v6-m/nofp/libc_nano.a(lib_a-wsetup.o)
 .debug_frame   0x0000000000002364       0x28 /opt/gcc-arm-none-eabi-8-2018-q4-major/bin/../lib/gcc/arm-none-eabi/8.2.1/../../../../arm-none-eabi/lib/thumb/v6-m/nofp/libc_nano.a(lib_a-abort.o)
 .debug_frame   0x000000000000238c       0x68 /opt/gcc-arm-none-eabi-8-2018-q4-major/bin/../lib/gcc/arm-none-eabi/8.2.1/../../../../arm-none-eabi/lib/thumb/v6-m/nofp/libc_nano.a(lib_a-fflush.o)
 .debug_frame   0x00000000000023f4      0x170 /opt/gcc-arm-none-eabi-8-2018-q4-major/bin/../lib/gcc/arm-none-eabi/8.2.1/../../../../arm-none-eabi/lib/thumb/v6-m/nofp/libc_nano.a(lib_a-findfp.o)
 .debug_frame   0x0000000000002564       0x58 /opt/gcc-arm-none-eabi-8-2018-q4-major/bin/../lib/gcc/arm-none-eabi/8.2.1/../../../../arm-none-eabi/lib/thumb/v6-m/nofp/libc_nano.a(lib_a-fwalk.o)
 .debug_frame   0x00000000000025bc       0xb0 /opt/gcc-arm-none-eabi-8-2018-q4-major/bin/../lib/gcc/arm-none-eabi/8.2.1/../../../../arm-none-eabi/lib/thumb/v6-m/nofp/libc_nano.a(lib_a-lock.o)
 .debug_frame   0x000000000000266c       0x54 /opt/gcc-arm-none-eabi-8-2018-q4-major/bin/../lib/gcc/arm-none-eabi/8.2.1/../../../../arm-none-eabi/lib/thumb/v6-m/nofp/libc_nano.a(lib_a-makebuf.o)
 .debug_frame   0x00000000000026c0       0x20 /opt/gcc-arm-none-eabi-8-2018-q4-major/bin/../lib/gcc/arm-none-eabi/8.2.1/../../../../arm-none-eabi/lib/thumb/v6-m/nofp/libc_nano.a(lib_a-memchr-stub.o)
 .debug_frame   0x00000000000026e0       0x2c /opt/gcc-arm-none-eabi-8-2018-q4-major/bin/../lib/gcc/arm-none-eabi/8.2.1/../../../../arm-none-eabi/lib/thumb/v6-m/nofp/libc_nano.a(lib_a-nano-freer.o)
 .debug_frame   0x000000000000270c       0x30 /opt/gcc-arm-none-eabi-8-2018-q4-major/bin/../lib/gcc/arm-none-eabi/8.2.1/../../../../arm-none-eabi/lib/thumb/v6-m/nofp/libc_nano.a(lib_a-nano-mallocr.o)
 .debug_frame   0x000000000000273c       0x2c /opt/gcc-arm-none-eabi-8-2018-q4-major/bin/../lib/gcc/arm-none-eabi/8.2.1/../../../../arm-none-eabi/lib/thumb/v6-m/nofp/libc_nano.a(lib_a-sbrkr.o)
 .debug_frame   0x0000000000002768       0xe0 /opt/gcc-arm-none-eabi-8-2018-q4-major/bin/../lib/gcc/arm-none-eabi/8.2.1/../../../../arm-none-eabi/lib/thumb/v6-m/nofp/libc_nano.a(lib_a-signal.o)
 .debug_frame   0x0000000000002848       0x44 /opt/gcc-arm-none-eabi-8-2018-q4-major/bin/../lib/gcc/arm-none-eabi/8.2.1/../../../../arm-none-eabi/lib/thumb/v6-m/nofp/libc_nano.a(lib_a-signalr.o)
 .debug_frame   0x000000000000288c       0x90 /opt/gcc-arm-none-eabi-8-2018-q4-major/bin/../lib/gcc/arm-none-eabi/8.2.1/../../../../arm-none-eabi/lib/thumb/v6-m/nofp/libc_nano.a(lib_a-stdio.o)
 .debug_frame   0x000000000000291c       0x2c /opt/gcc-arm-none-eabi-8-2018-q4-major/bin/../lib/gcc/arm-none-eabi/8.2.1/../../../../arm-none-eabi/lib/thumb/v6-m/nofp/libc_nano.a(lib_a-writer.o)
 .debug_frame   0x0000000000002948       0x2c /opt/gcc-arm-none-eabi-8-2018-q4-major/bin/../lib/gcc/arm-none-eabi/8.2.1/../../../../arm-none-eabi/lib/thumb/v6-m/nofp/libc_nano.a(lib_a-closer.o)
 .debug_frame   0x0000000000002974       0x2c /opt/gcc-arm-none-eabi-8-2018-q4-major/bin/../lib/gcc/arm-none-eabi/8.2.1/../../../../arm-none-eabi/lib/thumb/v6-m/nofp/libc_nano.a(lib_a-fstatr.o)
 .debug_frame   0x00000000000029a0       0x2c /opt/gcc-arm-none-eabi-8-2018-q4-major/bin/../lib/gcc/arm-none-eabi/8.2.1/../../../../arm-none-eabi/lib/thumb/v6-m/nofp/libc_nano.a(lib_a-isattyr.o)
 .debug_frame   0x00000000000029cc       0x2c /opt/gcc-arm-none-eabi-8-2018-q4-major/bin/../lib/gcc/arm-none-eabi/8.2.1/../../../../arm-none-eabi/lib/thumb/v6-m/nofp/libc_nano.a(lib_a-lseekr.o)
 .debug_frame   0x00000000000029f8       0x40 /opt/gcc-arm-none-eabi-8-2018-q4-major/bin/../lib/gcc/arm-none-eabi/8.2.1/../../../../arm-none-eabi/lib/thumb/v6-m/nofp/libc_nano.a(lib_a-mlock.o)
 .debug_frame   0x0000000000002a38       0x2c /opt/gcc-arm-none-eabi-8-2018-q4-major/bin/../lib/gcc/arm-none-eabi/8.2.1/../../../../arm-none-eabi/lib/thumb/v6-m/nofp/libc_nano.a(lib_a-readr.o)
 .debug_frame   0x0000000000002a64       0x48 /opt/gcc-arm-none-eabi-8-2018-q4-major/bin/../lib/gcc/arm-none-eabi/8.2.1/../../../../arm-none-eabi/lib/thumb/v6-m/nofp/libc_nano.a(lib_a-reent.o)
 .debug_frame   0x0000000000002aac       0x20 /opt/gcc-arm-none-eabi-8-2018-q4-major/bin/../lib/gcc/arm-none-eabi/8.2.1/../../../../arm-none-eabi/lib/thumb/v6-m/nofp/libnosys.a(close.o)
 .debug_frame   0x0000000000002acc       0x20 /opt/gcc-arm-none-eabi-8-2018-q4-major/bin/../lib/gcc/arm-none-eabi/8.2.1/../../../../arm-none-eabi/lib/thumb/v6-m/nofp/libnosys.a(fstat.o)
 .debug_frame   0x0000000000002aec       0x20 /opt/gcc-arm-none-eabi-8-2018-q4-major/bin/../lib/gcc/arm-none-eabi/8.2.1/../../../../arm-none-eabi/lib/thumb/v6-m/nofp/libnosys.a(getpid.o)
 .debug_frame   0x0000000000002b0c       0x20 /opt/gcc-arm-none-eabi-8-2018-q4-major/bin/../lib/gcc/arm-none-eabi/8.2.1/../../../../arm-none-eabi/lib/thumb/v6-m/nofp/libnosys.a(isatty.o)
 .debug_frame   0x0000000000002b2c       0x20 /opt/gcc-arm-none-eabi-8-2018-q4-major/bin/../lib/gcc/arm-none-eabi/8.2.1/../../../../arm-none-eabi/lib/thumb/v6-m/nofp/libnosys.a(kill.o)
 .debug_frame   0x0000000000002b4c       0x20 /opt/gcc-arm-none-eabi-8-2018-q4-major/bin/../lib/gcc/arm-none-eabi/8.2.1/../../../../arm-none-eabi/lib/thumb/v6-m/nofp/libnosys.a(lseek.o)
 .debug_frame   0x0000000000002b6c       0x20 /opt/gcc-arm-none-eabi-8-2018-q4-major/bin/../lib/gcc/arm-none-eabi/8.2.1/../../../../arm-none-eabi/lib/thumb/v6-m/nofp/libnosys.a(read.o)
 .debug_frame   0x0000000000002b8c       0x20 /opt/gcc-arm-none-eabi-8-2018-q4-major/bin/../lib/gcc/arm-none-eabi/8.2.1/../../../../arm-none-eabi/lib/thumb/v6-m/nofp/libnosys.a(sbrk.o)
 .debug_frame   0x0000000000002bac       0x20 /opt/gcc-arm-none-eabi-8-2018-q4-major/bin/../lib/gcc/arm-none-eabi/8.2.1/../../../../arm-none-eabi/lib/thumb/v6-m/nofp/libnosys.a(write.o)
 .debug_frame   0x0000000000002bcc       0x20 /opt/gcc-arm-none-eabi-8-2018-q4-major/bin/../lib/gcc/arm-none-eabi/8.2.1/../../../../arm-none-eabi/lib/thumb/v6-m/nofp/libnosys.a(_exit.o)
 .debug_frame   0x0000000000002bec       0x20 /opt/gcc-arm-none-eabi-8-2018-q4-major/bin/../lib/gcc/arm-none-eabi/8.2.1/thumb/v6-m/nofp/libgcc.a(_udivsi3.o)

.stab           0x0000000000000000       0xcc
 .stab          0x0000000000000000       0x24 /opt/gcc-arm-none-eabi-8-2018-q4-major/bin/../lib/gcc/arm-none-eabi/8.2.1/../../../../arm-none-eabi/lib/thumb/v6-m/nofp/libnosys.a(close.o)
 .stab          0x0000000000000024       0x18 /opt/gcc-arm-none-eabi-8-2018-q4-major/bin/../lib/gcc/arm-none-eabi/8.2.1/../../../../arm-none-eabi/lib/thumb/v6-m/nofp/libnosys.a(fstat.o)
                                         0x24 (size before relaxing)
 .stab          0x000000000000003c       0x18 /opt/gcc-arm-none-eabi-8-2018-q4-major/bin/../lib/gcc/arm-none-eabi/8.2.1/../../../../arm-none-eabi/lib/thumb/v6-m/nofp/libnosys.a(getpid.o)
                                         0x24 (size before relaxing)
 .stab          0x0000000000000054       0x18 /opt/gcc-arm-none-eabi-8-2018-q4-major/bin/../lib/gcc/arm-none-eabi/8.2.1/../../../../arm-none-eabi/lib/thumb/v6-m/nofp/libnosys.a(isatty.o)
                                         0x24 (size before relaxing)
 .stab          0x000000000000006c       0x18 /opt/gcc-arm-none-eabi-8-2018-q4-major/bin/../lib/gcc/arm-none-eabi/8.2.1/../../../../arm-none-eabi/lib/thumb/v6-m/nofp/libnosys.a(kill.o)
                                         0x24 (size before relaxing)
 .stab          0x0000000000000084       0x18 /opt/gcc-arm-none-eabi-8-2018-q4-major/bin/../lib/gcc/arm-none-eabi/8.2.1/../../../../arm-none-eabi/lib/thumb/v6-m/nofp/libnosys.a(lseek.o)
                                         0x24 (size before relaxing)
 .stab          0x000000000000009c       0x18 /opt/gcc-arm-none-eabi-8-2018-q4-major/bin/../lib/gcc/arm-none-eabi/8.2.1/../../../../arm-none-eabi/lib/thumb/v6-m/nofp/libnosys.a(read.o)
                                         0x24 (size before relaxing)
 .stab          0x00000000000000b4       0x18 /opt/gcc-arm-none-eabi-8-2018-q4-major/bin/../lib/gcc/arm-none-eabi/8.2.1/../../../../arm-none-eabi/lib/thumb/v6-m/nofp/libnosys.a(write.o)
                                         0x24 (size before relaxing)

.stabstr        0x0000000000000000      0x1b9
 .stabstr       0x0000000000000000      0x1b9 /opt/gcc-arm-none-eabi-8-2018-q4-major/bin/../lib/gcc/arm-none-eabi/8.2.1/../../../../arm-none-eabi/lib/thumb/v6-m/nofp/libnosys.a(close.o)

Cross Reference Table

Symbol                                            File
ADC1_IRQHandler                                   build/startup_stm32f070x6.o
AHBPrescTable                                     build/system_stm32f0xx.o
                                                  build/stm32f0xx_hal_rcc.o
APBPrescTable                                     build/system_stm32f0xx.o
                                                  build/stm32f0xx_hal_rcc.o
DMA1_Channel1_IRQHandler                          build/startup_stm32f070x6.o
DMA1_Channel2_3_IRQHandler                        build/startup_stm32f070x6.o
DMA1_Channel4_5_IRQHandler                        build/startup_stm32f070x6.o
Default_Handler                                   build/startup_stm32f070x6.o
EXTI0_1_IRQHandler                                build/startup_stm32f070x6.o
EXTI2_3_IRQHandler                                build/startup_stm32f070x6.o
EXTI4_15_IRQHandler                               build/startup_stm32f070x6.o
Error_Handler                                     build/main.o
FLASH_IRQHandler                                  build/startup_stm32f070x6.o
FLASH_PageErase                                   build/stm32f0xx_hal_flash_ex.o
                                                  build/stm32f0xx_hal_flash.o
FLASH_WaitForLastOperation                        build/stm32f0xx_hal_flash.o
                                                  build/stm32f0xx_hal_flash_ex.o
HAL_DBGMCU_DisableDBGStandbyMode                  build/stm32f0xx_hal.o
HAL_DBGMCU_DisableDBGStopMode                     build/stm32f0xx_hal.o
HAL_DBGMCU_EnableDBGStandbyMode                   build/stm32f0xx_hal.o
HAL_DBGMCU_EnableDBGStopMode                      build/stm32f0xx_hal.o
HAL_DMA_Abort                                     build/stm32f0xx_hal_dma.o
                                                  build/stm32f0xx_hal_uart.o
                                                  build/stm32f0xx_hal_tim.o
HAL_DMA_Abort_IT                                  build/stm32f0xx_hal_dma.o
                                                  build/stm32f0xx_hal_i2c.o
                                                  build/stm32f0xx_hal_uart.o
HAL_DMA_DeInit                                    build/stm32f0xx_hal_dma.o
HAL_DMA_GetError                                  build/stm32f0xx_hal_dma.o
HAL_DMA_GetState                                  build/stm32f0xx_hal_dma.o
HAL_DMA_IRQHandler                                build/stm32f0xx_hal_dma.o
HAL_DMA_Init                                      build/stm32f0xx_hal_dma.o
HAL_DMA_PollForTransfer                           build/stm32f0xx_hal_dma.o
HAL_DMA_RegisterCallback                          build/stm32f0xx_hal_dma.o
HAL_DMA_Start                                     build/stm32f0xx_hal_dma.o
HAL_DMA_Start_IT                                  build/stm32f0xx_hal_dma.o
                                                  build/stm32f0xx_hal_i2c.o
                                                  build/stm32f0xx_hal_uart.o
                                                  build/stm32f0xx_hal_tim_ex.o
                                                  build/stm32f0xx_hal_tim.o
HAL_DMA_UnRegisterCallback                        build/stm32f0xx_hal_dma.o
HAL_DeInit                                        build/stm32f0xx_hal.o
HAL_Delay                                         build/stm32f0xx_hal.o
HAL_FLASHEx_Erase                                 build/stm32f0xx_hal_flash_ex.o
HAL_FLASHEx_Erase_IT                              build/stm32f0xx_hal_flash_ex.o
HAL_FLASHEx_OBErase                               build/stm32f0xx_hal_flash_ex.o
HAL_FLASHEx_OBGetConfig                           build/stm32f0xx_hal_flash_ex.o
HAL_FLASHEx_OBGetUserData                         build/stm32f0xx_hal_flash_ex.o
HAL_FLASHEx_OBProgram                             build/stm32f0xx_hal_flash_ex.o
HAL_FLASH_EndOfOperationCallback                  build/stm32f0xx_hal_flash.o
HAL_FLASH_GetError                                build/stm32f0xx_hal_flash.o
HAL_FLASH_IRQHandler                              build/stm32f0xx_hal_flash.o
HAL_FLASH_Lock                                    build/stm32f0xx_hal_flash.o
HAL_FLASH_OB_Launch                               build/stm32f0xx_hal_flash.o
HAL_FLASH_OB_Lock                                 build/stm32f0xx_hal_flash.o
HAL_FLASH_OB_Unlock                               build/stm32f0xx_hal_flash.o
HAL_FLASH_OperationErrorCallback                  build/stm32f0xx_hal_flash.o
HAL_FLASH_Program                                 build/stm32f0xx_hal_flash.o
HAL_FLASH_Program_IT                              build/stm32f0xx_hal_flash.o
HAL_FLASH_Unlock                                  build/stm32f0xx_hal_flash.o
HAL_GPIO_DeInit                                   build/stm32f0xx_hal_gpio.o
                                                  build/stm32f0xx_hal_msp.o
HAL_GPIO_EXTI_Callback                            build/stm32f0xx_hal_gpio.o
HAL_GPIO_EXTI_IRQHandler                          build/stm32f0xx_hal_gpio.o
HAL_GPIO_Init                                     build/stm32f0xx_hal_gpio.o
                                                  build/stm32f0xx_hal_rcc.o
                                                  build/stm32f0xx_hal_msp.o
                                                  build/main.o
HAL_GPIO_LockPin                                  build/stm32f0xx_hal_gpio.o
HAL_GPIO_ReadPin                                  build/stm32f0xx_hal_gpio.o
HAL_GPIO_TogglePin                                build/stm32f0xx_hal_gpio.o
HAL_GPIO_WritePin                                 build/stm32f0xx_hal_gpio.o
                                                  build/portserial.o
                                                  build/porttimer.o
                                                  build/main.o
HAL_GetDEVID                                      build/stm32f0xx_hal.o
HAL_GetHalVersion                                 build/stm32f0xx_hal.o
HAL_GetREVID                                      build/stm32f0xx_hal.o
HAL_GetTick                                       build/stm32f0xx_hal.o
                                                  build/stm32f0xx_hal_flash.o
                                                  build/stm32f0xx_hal_dma.o
                                                  build/stm32f0xx_hal_i2c.o
                                                  build/stm32f0xx_hal_rcc_ex.o
                                                  build/stm32f0xx_hal_rcc.o
                                                  build/stm32f0xx_hal_uart.o
HAL_GetUIDw0                                      build/stm32f0xx_hal.o
HAL_GetUIDw1                                      build/stm32f0xx_hal.o
HAL_GetUIDw2                                      build/stm32f0xx_hal.o
HAL_HalfDuplex_EnableReceiver                     build/stm32f0xx_hal_uart.o
HAL_HalfDuplex_EnableTransmitter                  build/stm32f0xx_hal_uart.o
HAL_HalfDuplex_Init                               build/stm32f0xx_hal_uart.o
HAL_I2CEx_ConfigAnalogFilter                      build/stm32f0xx_hal_i2c_ex.o
HAL_I2CEx_ConfigDigitalFilter                     build/stm32f0xx_hal_i2c_ex.o
HAL_I2CEx_DisableFastModePlus                     build/stm32f0xx_hal_i2c_ex.o
HAL_I2CEx_EnableFastModePlus                      build/stm32f0xx_hal_i2c_ex.o
HAL_I2C_AbortCpltCallback                         build/stm32f0xx_hal_i2c.o
HAL_I2C_AddrCallback                              build/stm32f0xx_hal_i2c.o
HAL_I2C_DeInit                                    build/stm32f0xx_hal_i2c.o
HAL_I2C_DisableListen_IT                          build/stm32f0xx_hal_i2c.o
HAL_I2C_ER_IRQHandler                             build/stm32f0xx_hal_i2c.o
HAL_I2C_EV_IRQHandler                             build/stm32f0xx_hal_i2c.o
HAL_I2C_EnableListen_IT                           build/stm32f0xx_hal_i2c.o
HAL_I2C_ErrorCallback                             build/stm32f0xx_hal_i2c.o
HAL_I2C_GetError                                  build/stm32f0xx_hal_i2c.o
HAL_I2C_GetMode                                   build/stm32f0xx_hal_i2c.o
HAL_I2C_GetState                                  build/stm32f0xx_hal_i2c.o
HAL_I2C_Init                                      build/stm32f0xx_hal_i2c.o
HAL_I2C_IsDeviceReady                             build/stm32f0xx_hal_i2c.o
HAL_I2C_ListenCpltCallback                        build/stm32f0xx_hal_i2c.o
HAL_I2C_MasterRxCpltCallback                      build/stm32f0xx_hal_i2c.o
HAL_I2C_MasterTxCpltCallback                      build/stm32f0xx_hal_i2c.o
HAL_I2C_Master_Abort_IT                           build/stm32f0xx_hal_i2c.o
HAL_I2C_Master_Receive                            build/stm32f0xx_hal_i2c.o
HAL_I2C_Master_Receive_DMA                        build/stm32f0xx_hal_i2c.o
HAL_I2C_Master_Receive_IT                         build/stm32f0xx_hal_i2c.o
HAL_I2C_Master_Sequential_Receive_IT              build/stm32f0xx_hal_i2c.o
HAL_I2C_Master_Sequential_Transmit_IT             build/stm32f0xx_hal_i2c.o
HAL_I2C_Master_Transmit                           build/stm32f0xx_hal_i2c.o
HAL_I2C_Master_Transmit_DMA                       build/stm32f0xx_hal_i2c.o
HAL_I2C_Master_Transmit_IT                        build/stm32f0xx_hal_i2c.o