Archive member included to satisfy reference by file (symbol)

/opt/gcc-arm-none-eabi-8-2018-q4-major/bin/../lib/gcc/arm-none-eabi/8.2.1/../../../../arm-none-eabi/lib/thumb/v6-m/nofp/libc_nano.a(lib_a-exit.o)
                              /opt/gcc-arm-none-eabi-8-2018-q4-major/bin/../lib/gcc/arm-none-eabi/8.2.1/../../../../arm-none-eabi/lib/thumb/v6-m/nofp/crt0.o (exit)
/opt/gcc-arm-none-eabi-8-2018-q4-major/bin/../lib/gcc/arm-none-eabi/8.2.1/../../../../arm-none-eabi/lib/thumb/v6-m/nofp/libc_nano.a(lib_a-impure.o)
                              /opt/gcc-arm-none-eabi-8-2018-q4-major/bin/../lib/gcc/arm-none-eabi/8.2.1/../../../../arm-none-eabi/lib/thumb/v6-m/nofp/libc_nano.a(lib_a-exit.o) (_global_impure_ptr)
/opt/gcc-arm-none-eabi-8-2018-q4-major/bin/../lib/gcc/arm-none-eabi/8.2.1/../../../../arm-none-eabi/lib/thumb/v6-m/nofp/libc_nano.a(lib_a-init.o)
                              /opt/gcc-arm-none-eabi-8-2018-q4-major/bin/../lib/gcc/arm-none-eabi/8.2.1/../../../../arm-none-eabi/lib/thumb/v6-m/nofp/crt0.o (__libc_init_array)
/opt/gcc-arm-none-eabi-8-2018-q4-major/bin/../lib/gcc/arm-none-eabi/8.2.1/../../../../arm-none-eabi/lib/thumb/v6-m/nofp/libc_nano.a(lib_a-memset.o)
                              /opt/gcc-arm-none-eabi-8-2018-q4-major/bin/../lib/gcc/arm-none-eabi/8.2.1/../../../../arm-none-eabi/lib/thumb/v6-m/nofp/crt0.o (memset)
/opt/gcc-arm-none-eabi-8-2018-q4-major/bin/../lib/gcc/arm-none-eabi/8.2.1/../../../../arm-none-eabi/lib/thumb/v6-m/nofp/libnosys.a(_exit.o)
                              /opt/gcc-arm-none-eabi-8-2018-q4-major/bin/../lib/gcc/arm-none-eabi/8.2.1/../../../../arm-none-eabi/lib/thumb/v6-m/nofp/libc_nano.a(lib_a-exit.o) (_exit)
/opt/gcc-arm-none-eabi-8-2018-q4-major/bin/../lib/gcc/arm-none-eabi/8.2.1/thumb/v6-m/nofp/libgcc.a(_udivsi3.o)
                              build/stm32f0xx_hal_uart.o (__aeabi_uidiv)
/opt/gcc-arm-none-eabi-8-2018-q4-major/bin/../lib/gcc/arm-none-eabi/8.2.1/thumb/v6-m/nofp/libgcc.a(_dvmd_tls.o)
                              /opt/gcc-arm-none-eabi-8-2018-q4-major/bin/../lib/gcc/arm-none-eabi/8.2.1/thumb/v6-m/nofp/libgcc.a(_udivsi3.o) (__aeabi_idiv0)

Allocating common symbols
Common symbol       size              file

pxMBFrameCBTransmitterEmpty
                    0x4               build/mb.o
pxMBPortCBTimerExpired
                    0x4               build/mb.o
uwTick              0x4               build/stm32f0xx_hal.o
pFlash              0x20              build/stm32f0xx_hal_flash.o
pxMBFrameCBByteReceived
                    0x4               build/mb.o
huart1              0x70              build/main.o
pxMBFrameCBTransmitFSMCur
                    0x4               build/mb.o
pxMBFrameCBReceiveFSMCur
                    0x4               build/mb.o
huart2              0x70              build/main.o
htim14              0x40              build/main.o

Discarded input sections

 .text          0x0000000000000000        0x0 /opt/gcc-arm-none-eabi-8-2018-q4-major/bin/../lib/gcc/arm-none-eabi/8.2.1/thumb/v6-m/nofp/crti.o
 .data          0x0000000000000000        0x0 /opt/gcc-arm-none-eabi-8-2018-q4-major/bin/../lib/gcc/arm-none-eabi/8.2.1/thumb/v6-m/nofp/crti.o
 .bss           0x0000000000000000        0x0 /opt/gcc-arm-none-eabi-8-2018-q4-major/bin/../lib/gcc/arm-none-eabi/8.2.1/thumb/v6-m/nofp/crti.o
 .data          0x0000000000000000        0x4 /opt/gcc-arm-none-eabi-8-2018-q4-major/bin/../lib/gcc/arm-none-eabi/8.2.1/thumb/v6-m/nofp/crtbegin.o
 .text          0x0000000000000000       0x78 /opt/gcc-arm-none-eabi-8-2018-q4-major/bin/../lib/gcc/arm-none-eabi/8.2.1/../../../../arm-none-eabi/lib/thumb/v6-m/nofp/crt0.o
 .data          0x0000000000000000        0x0 /opt/gcc-arm-none-eabi-8-2018-q4-major/bin/../lib/gcc/arm-none-eabi/8.2.1/../../../../arm-none-eabi/lib/thumb/v6-m/nofp/crt0.o
 .bss           0x0000000000000000        0x0 /opt/gcc-arm-none-eabi-8-2018-q4-major/bin/../lib/gcc/arm-none-eabi/8.2.1/../../../../arm-none-eabi/lib/thumb/v6-m/nofp/crt0.o
 .ARM.extab     0x0000000000000000        0x0 /opt/gcc-arm-none-eabi-8-2018-q4-major/bin/../lib/gcc/arm-none-eabi/8.2.1/../../../../arm-none-eabi/lib/thumb/v6-m/nofp/crt0.o
 .ARM.exidx     0x0000000000000000        0x8 /opt/gcc-arm-none-eabi-8-2018-q4-major/bin/../lib/gcc/arm-none-eabi/8.2.1/../../../../arm-none-eabi/lib/thumb/v6-m/nofp/crt0.o
 .ARM.attributes
                0x0000000000000000       0x1b /opt/gcc-arm-none-eabi-8-2018-q4-major/bin/../lib/gcc/arm-none-eabi/8.2.1/../../../../arm-none-eabi/lib/thumb/v6-m/nofp/crt0.o
 .text          0x0000000000000000        0x0 build/main.o
 .data          0x0000000000000000        0x0 build/main.o
 .bss           0x0000000000000000        0x0 build/main.o
 .text.Error_Handler
                0x0000000000000000        0x2 build/main.o
 .text          0x0000000000000000        0x0 build/stm32f0xx_it.o
 .data          0x0000000000000000        0x0 build/stm32f0xx_it.o
 .bss           0x0000000000000000        0x0 build/stm32f0xx_it.o
[...]
Memory Configuration

Name             Origin             Length             Attributes
RAM              0x0000000020000000 0x0000000000001800 xrw
FLASH            0x0000000008000000 0x0000000000008000 xr
*default*        0x0000000000000000 0xffffffffffffffff

Linker script and memory map

LOAD /opt/gcc-arm-none-eabi-8-2018-q4-major/bin/../lib/gcc/arm-none-eabi/8.2.1/thumb/v6-m/nofp/crti.o
LOAD /opt/gcc-arm-none-eabi-8-2018-q4-major/bin/../lib/gcc/arm-none-eabi/8.2.1/thumb/v6-m/nofp/crtbegin.o
LOAD /opt/gcc-arm-none-eabi-8-2018-q4-major/bin/../lib/gcc/arm-none-eabi/8.2.1/../../../../arm-none-eabi/lib/thumb/v6-m/nofp/crt0.o
LOAD build/main.o
LOAD build/stm32f0xx_it.o
LOAD build/stm32f0xx_hal_msp.o
LOAD build/stm32f0xx_hal_tim.o
LOAD build/stm32f0xx_hal_tim_ex.o
LOAD build/stm32f0xx_hal_uart.o
LOAD build/stm32f0xx_hal_uart_ex.o
LOAD build/stm32f0xx_hal_rcc.o
LOAD build/stm32f0xx_hal_rcc_ex.o
LOAD build/stm32f0xx_hal.o
LOAD build/stm32f0xx_hal_i2c.o
LOAD build/stm32f0xx_hal_i2c_ex.o
LOAD build/stm32f0xx_hal_gpio.o
LOAD build/stm32f0xx_hal_dma.o
LOAD build/stm32f0xx_hal_cortex.o
LOAD build/stm32f0xx_hal_pwr.o
LOAD build/stm32f0xx_hal_pwr_ex.o
LOAD build/stm32f0xx_hal_flash.o
LOAD build/stm32f0xx_hal_flash_ex.o
LOAD build/mb.o
LOAD build/porttimer.o
LOAD build/portserial.o
LOAD build/system_stm32f0xx.o
LOAD build/startup_stm32f070x6.o
LOAD /opt/gcc-arm-none-eabi-8-2018-q4-major/bin/../lib/gcc/arm-none-eabi/8.2.1/../../../../arm-none-eabi/lib/thumb/v6-m/nofp/libc_nano.a
LOAD /opt/gcc-arm-none-eabi-8-2018-q4-major/bin/../lib/gcc/arm-none-eabi/8.2.1/../../../../arm-none-eabi/lib/thumb/v6-m/nofp/libm.a
LOAD /opt/gcc-arm-none-eabi-8-2018-q4-major/bin/../lib/gcc/arm-none-eabi/8.2.1/../../../../arm-none-eabi/lib/thumb/v6-m/nofp/libnosys.a
START GROUP
LOAD /opt/gcc-arm-none-eabi-8-2018-q4-major/bin/../lib/gcc/arm-none-eabi/8.2.1/thumb/v6-m/nofp/libgcc.a
LOAD /opt/gcc-arm-none-eabi-8-2018-q4-major/bin/../lib/gcc/arm-none-eabi/8.2.1/../../../../arm-none-eabi/lib/thumb/v6-m/nofp/libc_nano.a
END GROUP
START GROUP
LOAD /opt/gcc-arm-none-eabi-8-2018-q4-major/bin/../lib/gcc/arm-none-eabi/8.2.1/thumb/v6-m/nofp/libgcc.a
LOAD /opt/gcc-arm-none-eabi-8-2018-q4-major/bin/../lib/gcc/arm-none-eabi/8.2.1/../../../../arm-none-eabi/lib/thumb/v6-m/nofp/libc_nano.a
END GROUP
LOAD /opt/gcc-arm-none-eabi-8-2018-q4-major/bin/../lib/gcc/arm-none-eabi/8.2.1/thumb/v6-m/nofp/crtend.o
LOAD /opt/gcc-arm-none-eabi-8-2018-q4-major/bin/../lib/gcc/arm-none-eabi/8.2.1/thumb/v6-m/nofp/crtn.o
                0x0000000020001800                _estack = 0x20001800
                0x0000000000000200                _Min_Heap_Size = 0x200
                0x0000000000000400                _Min_Stack_Size = 0x400

.isr_vector     0x0000000008000000       0xc0
                0x0000000008000000                . = ALIGN (0x4)
 *(.isr_vector)
 .isr_vector    0x0000000008000000       0xc0 build/startup_stm32f070x6.o
                0x0000000008000000                g_pfnVectors
                0x00000000080000c0                . = ALIGN (0x4)

.text           0x00000000080000c0     0x1974
                0x00000000080000c0                . = ALIGN (0x4)
 *(.text)
 .text          0x00000000080000c0       0x48 /opt/gcc-arm-none-eabi-8-2018-q4-major/bin/../lib/gcc/arm-none-eabi/8.2.1/thumb/v6-m/nofp/crtbegin.o
 .text          0x0000000008000108      0x114 /opt/gcc-arm-none-eabi-8-2018-q4-major/bin/../lib/gcc/arm-none-eabi/8.2.1/thumb/v6-m/nofp/libgcc.a(_udivsi3.o)
                0x0000000008000108                __udivsi3
                0x0000000008000108                __aeabi_uidiv
                0x0000000008000214                __aeabi_uidivmod
 .text          0x000000000800021c        0x4 /opt/gcc-arm-none-eabi-8-2018-q4-major/bin/../lib/gcc/arm-none-eabi/8.2.1/thumb/v6-m/nofp/libgcc.a(_dvmd_tls.o)
                0x000000000800021c                __aeabi_ldiv0
                0x000000000800021c                __aeabi_idiv0
 *(.text*)
 .text.MX_GPIO_Init
                0x0000000008000220       0x64 build/main.o
 .text.MX_USART1_UART_Init
                0x0000000008000284       0x30 build/main.o
 .text.MX_USART2_UART_Init
                0x00000000080002b4       0x34 build/main.o
 .text.MX_TIM14_Init
                0x00000000080002e8       0x24 build/main.o
 .text.SystemClock_Config
                0x000000000800030c       0x56 build/main.o
                0x000000000800030c                SystemClock_Config
 .text.main     0x0000000008000362       0x36 build/main.o
                0x0000000008000362                main
 .text.NMI_Handler
                0x0000000008000398        0x2 build/stm32f0xx_it.o
                0x0000000008000398                NMI_Handler
 .text.HardFault_Handler
                0x000000000800039a        0x2 build/stm32f0xx_it.o
                0x000000000800039a                HardFault_Handler
 .text.SVC_Handler
                0x000000000800039c        0x2 build/stm32f0xx_it.o
                0x000000000800039c                SVC_Handler
 .text.PendSV_Handler
                0x000000000800039e        0x2 build/stm32f0xx_it.o
                0x000000000800039e                PendSV_Handler
 .text.SysTick_Handler
                0x00000000080003a0        0x8 build/stm32f0xx_it.o
                0x00000000080003a0                SysTick_Handler
 .text.TIM14_IRQHandler
                0x00000000080003a8       0x10 build/stm32f0xx_it.o
                0x00000000080003a8                TIM14_IRQHandler
 .text.USART1_IRQHandler
                0x00000000080003b8       0x10 build/stm32f0xx_it.o
                0x00000000080003b8                USART1_IRQHandler
 .text.USART2_IRQHandler
                0x00000000080003c8       0x20 build/stm32f0xx_it.o
                0x00000000080003c8                USART2_IRQHandler
 .text.HAL_MspInit
                0x00000000080003e8       0x30 build/stm32f0xx_hal_msp.o
                0x00000000080003e8                HAL_MspInit
 .text.HAL_TIM_Base_MspInit
                0x0000000008000418       0x40 build/stm32f0xx_hal_msp.o
                0x0000000008000418                HAL_TIM_Base_MspInit
 .text.HAL_UART_MspInit
                0x0000000008000458       0xd0 build/stm32f0xx_hal_msp.o
                0x0000000008000458                HAL_UART_MspInit
 .text.HAL_TIM_Base_Start_IT
                0x0000000008000528       0x16 build/stm32f0xx_hal_tim.o
                0x0000000008000528                HAL_TIM_Base_Start_IT
 .text.HAL_TIM_PeriodElapsedCallback
                0x000000000800053e        0x2 build/stm32f0xx_hal_tim.o
                0x000000000800053e                HAL_TIM_PeriodElapsedCallback
 .text.HAL_TIM_OC_DelayElapsedCallback
                0x0000000008000540        0x2 build/stm32f0xx_hal_tim.o
                0x0000000008000540                HAL_TIM_OC_DelayElapsedCallback
 .text.HAL_TIM_IC_CaptureCallback
                0x0000000008000542        0x2 build/stm32f0xx_hal_tim.o
                0x0000000008000542                HAL_TIM_IC_CaptureCallback
 .text.HAL_TIM_PWM_PulseFinishedCallback
                0x0000000008000544        0x2 build/stm32f0xx_hal_tim.o
                0x0000000008000544                HAL_TIM_PWM_PulseFinishedCallback
 .text.HAL_TIM_TriggerCallback
                0x0000000008000546        0x2 build/stm32f0xx_hal_tim.o
                0x0000000008000546                HAL_TIM_TriggerCallback
 .text.HAL_TIM_IRQHandler
                0x0000000008000548      0x15a build/stm32f0xx_hal_tim.o
                0x0000000008000548                HAL_TIM_IRQHandler
 *fill*         0x00000000080006a2        0x2 
 .text.TIM_Base_SetConfig
                0x00000000080006a4       0x84 build/stm32f0xx_hal_tim.o
                0x00000000080006a4                TIM_Base_SetConfig
 .text.HAL_TIM_Base_Init
                0x0000000008000728       0x34 build/stm32f0xx_hal_tim.o
                0x0000000008000728                HAL_TIM_Base_Init
 .text.HAL_TIMEx_CommutationCallback
                0x000000000800075c        0x2 build/stm32f0xx_hal_tim_ex.o
                0x000000000800075c                HAL_TIMEx_CommutationCallback
 .text.HAL_TIMEx_BreakCallback
                0x000000000800075e        0x2 build/stm32f0xx_hal_tim_ex.o
                0x000000000800075e                HAL_TIMEx_BreakCallback
 .text.UART_EndRxTransfer
                0x0000000008000760       0x24 build/stm32f0xx_hal_uart.o
 .text.HAL_UART_TxCpltCallback
                0x0000000008000784        0x2 build/stm32f0xx_hal_uart.o
                0x0000000008000784                HAL_UART_TxCpltCallback
 .text.HAL_UART_RxCpltCallback
                0x0000000008000786        0x2 build/stm32f0xx_hal_uart.o
                0x0000000008000786                HAL_UART_RxCpltCallback
 .text.HAL_UART_ErrorCallback
                0x0000000008000788        0x2 build/stm32f0xx_hal_uart.o
                0x0000000008000788                HAL_UART_ErrorCallback
 .text.UART_DMAAbortOnError
                0x000000000800078a       0x14 build/stm32f0xx_hal_uart.o
 *fill*         0x000000000800079e        0x2 
 .text.UART_SetConfig
                0x00000000080007a0      0x1c4 build/stm32f0xx_hal_uart.o
                0x00000000080007a0                UART_SetConfig
 .text.UART_AdvFeatureConfig
                0x0000000008000964       0xe0 build/stm32f0xx_hal_uart.o
                0x0000000008000964                UART_AdvFeatureConfig
 .text.UART_CheckIdleState
                0x0000000008000a44       0x16 build/stm32f0xx_hal_uart.o
                0x0000000008000a44                UART_CheckIdleState
 *fill*         0x0000000008000a5a        0x2 
 .text.HAL_UART_Init
                0x0000000008000a5c       0x70 build/stm32f0xx_hal_uart.o
                0x0000000008000a5c                HAL_UART_Init
 .text.UART_Transmit_IT
                0x0000000008000acc       0x6c build/stm32f0xx_hal_uart.o
                0x0000000008000acc                UART_Transmit_IT
 .text.UART_EndTransmit_IT
                0x0000000008000b38       0x1a build/stm32f0xx_hal_uart.o
                0x0000000008000b38                UART_EndTransmit_IT
 *fill*         0x0000000008000b52        0x2 
 .text.UART_Receive_IT
                0x0000000008000b54       0x88 build/stm32f0xx_hal_uart.o
                0x0000000008000b54                UART_Receive_IT
 .text.HAL_UART_IRQHandler
                0x0000000008000bdc      0x128 build/stm32f0xx_hal_uart.o
                0x0000000008000bdc                HAL_UART_IRQHandler
 .text.HAL_RS485Ex_Init
                0x0000000008000d04       0x94 build/stm32f0xx_hal_uart_ex.o
                0x0000000008000d04                HAL_RS485Ex_Init
 .text.HAL_RCC_OscConfig
                0x0000000008000d98      0x46c build/stm32f0xx_hal_rcc.o
                0x0000000008000d98                HAL_RCC_OscConfig
 .text.HAL_RCC_GetSysClockFreq
                0x0000000008001204       0x74 build/stm32f0xx_hal_rcc.o
                0x0000000008001204                HAL_RCC_GetSysClockFreq
 .text.HAL_RCC_ClockConfig
                0x0000000008001278      0x158 build/stm32f0xx_hal_rcc.o
                0x0000000008001278                HAL_RCC_ClockConfig
 .text.HAL_RCC_GetHCLKFreq
                0x00000000080013d0        0xc build/stm32f0xx_hal_rcc.o
                0x00000000080013d0                HAL_RCC_GetHCLKFreq
 .text.HAL_RCC_GetPCLK1Freq
                0x00000000080013dc       0x20 build/stm32f0xx_hal_rcc.o
                0x00000000080013dc                HAL_RCC_GetPCLK1Freq
 .text.HAL_RCCEx_PeriphCLKConfig
                0x00000000080013fc      0x12c build/stm32f0xx_hal_rcc_ex.o
                0x00000000080013fc                HAL_RCCEx_PeriphCLKConfig
 .text.HAL_InitTick
                0x0000000008001528       0x24 build/stm32f0xx_hal.o
                0x0000000008001528                HAL_InitTick
 .text.HAL_Init
                0x000000000800154c       0x20 build/stm32f0xx_hal.o
                0x000000000800154c                HAL_Init
 .text.HAL_IncTick
                0x000000000800156c       0x10 build/stm32f0xx_hal.o
                0x000000000800156c                HAL_IncTick
 .text.HAL_GetTick
                0x000000000800157c        0xc build/stm32f0xx_hal.o
                0x000000000800157c                HAL_GetTick
 .text.HAL_GPIO_Init
                0x0000000008001588      0x18c build/stm32f0xx_hal_gpio.o
                0x0000000008001588                HAL_GPIO_Init
 .text.HAL_GPIO_WritePin
                0x0000000008001714        0xc build/stm32f0xx_hal_gpio.o
                0x0000000008001714                HAL_GPIO_WritePin
 .text.HAL_DMA_Abort_IT
                0x0000000008001720       0x4a build/stm32f0xx_hal_dma.o
                0x0000000008001720                HAL_DMA_Abort_IT
 *fill*         0x000000000800176a        0x2 
 .text.HAL_NVIC_SetPriority
                0x000000000800176c       0x64 build/stm32f0xx_hal_cortex.o
                0x000000000800176c                HAL_NVIC_SetPriority
 .text.HAL_NVIC_EnableIRQ
                0x00000000080017d0       0x14 build/stm32f0xx_hal_cortex.o
                0x00000000080017d0                HAL_NVIC_EnableIRQ
 .text.HAL_SYSTICK_Config
                0x00000000080017e4       0x38 build/stm32f0xx_hal_cortex.o
                0x00000000080017e4                HAL_SYSTICK_Config
 .text.xMBPortTimersInit
                0x000000000800181c       0x40 build/porttimer.o
                0x000000000800181c                xMBPortTimersInit
 .text.vMBPortTimersEnable
                0x000000000800185c       0x20 build/porttimer.o
                0x000000000800185c                vMBPortTimersEnable
 .text.UART_IRQ_Handler
                0x000000000800187c       0x5c build/portserial.o
                0x000000000800187c                UART_IRQ_Handler
 .text.SystemInit
                0x00000000080018d8       0x68 build/system_stm32f0xx.o
                0x00000000080018d8                SystemInit
 .text.Reset_Handler
                0x0000000008001940       0x80 build/startup_stm32f070x6.o
                0x0000000008001940                Reset_Handler
 .text.Default_Handler
                0x00000000080019c0        0x2 build/startup_stm32f070x6.o
                0x00000000080019c0                TIM1_CC_IRQHandler
                0x00000000080019c0                I2C1_IRQHandler
                0x00000000080019c0                SPI1_IRQHandler
                0x00000000080019c0                EXTI2_3_IRQHandler
                0x00000000080019c0                ADC1_IRQHandler
                0x00000000080019c0                TIM17_IRQHandler
                0x00000000080019c0                RTC_IRQHandler
                0x00000000080019c0                TIM16_IRQHandler
                0x00000000080019c0                TIM3_IRQHandler
                0x00000000080019c0                EXTI4_15_IRQHandler
                0x00000000080019c0                RCC_IRQHandler
                0x00000000080019c0                DMA1_Channel1_IRQHandler
                0x00000000080019c0                Default_Handler
                0x00000000080019c0                DMA1_Channel4_5_IRQHandler
                0x00000000080019c0                EXTI0_1_IRQHandler
                0x00000000080019c0                USB_IRQHandler
                0x00000000080019c0                WWDG_IRQHandler
                0x00000000080019c0                DMA1_Channel2_3_IRQHandler
                0x00000000080019c0                FLASH_IRQHandler
                0x00000000080019c0                TIM1_BRK_UP_TRG_COM_IRQHandler
 *fill*         0x00000000080019c2        0x2 
 .text.__libc_init_array
                0x00000000080019c4       0x48 /opt/gcc-arm-none-eabi-8-2018-q4-major/bin/../lib/gcc/arm-none-eabi/8.2.1/../../../../arm-none-eabi/lib/thumb/v6-m/nofp/libc_nano.a(lib_a-init.o)
                0x00000000080019c4                __libc_init_array
 .text.memset   0x0000000008001a0c       0x10 /opt/gcc-arm-none-eabi-8-2018-q4-major/bin/../lib/gcc/arm-none-eabi/8.2.1/../../../../arm-none-eabi/lib/thumb/v6-m/nofp/libc_nano.a(lib_a-memset.o)
                0x0000000008001a0c                memset
 *(.glue_7)
 .glue_7        0x0000000008001a1c        0x0 linker stubs
 *(.glue_7t)
 .glue_7t       0x0000000008001a1c        0x0 linker stubs
 *(.eh_frame)
 .eh_frame      0x0000000008001a1c        0x0 /opt/gcc-arm-none-eabi-8-2018-q4-major/bin/../lib/gcc/arm-none-eabi/8.2.1/thumb/v6-m/nofp/crtbegin.o
 *(.init)
 .init          0x0000000008001a1c        0x4 /opt/gcc-arm-none-eabi-8-2018-q4-major/bin/../lib/gcc/arm-none-eabi/8.2.1/thumb/v6-m/nofp/crti.o
                0x0000000008001a1c                _init
 .init          0x0000000008001a20        0x8 /opt/gcc-arm-none-eabi-8-2018-q4-major/bin/../lib/gcc/arm-none-eabi/8.2.1/thumb/v6-m/nofp/crtn.o
 *(.fini)
 .fini          0x0000000008001a28        0x4 /opt/gcc-arm-none-eabi-8-2018-q4-major/bin/../lib/gcc/arm-none-eabi/8.2.1/thumb/v6-m/nofp/crti.o
                0x0000000008001a28                _fini
 .fini          0x0000000008001a2c        0x8 /opt/gcc-arm-none-eabi-8-2018-q4-major/bin/../lib/gcc/arm-none-eabi/8.2.1/thumb/v6-m/nofp/crtn.o
                0x0000000008001a34                . = ALIGN (0x4)
                0x0000000008001a34                _etext = .

.vfp11_veneer   0x0000000008001a34        0x0
 .vfp11_veneer  0x0000000008001a34        0x0 linker stubs

.v4_bx          0x0000000008001a34        0x0
 .v4_bx         0x0000000008001a34        0x0 linker stubs

.iplt           0x0000000008001a34        0x0
 .iplt          0x0000000008001a34        0x0 /opt/gcc-arm-none-eabi-8-2018-q4-major/bin/../lib/gcc/arm-none-eabi/8.2.1/thumb/v6-m/nofp/crtbegin.o

.rodata         0x0000000008001a34       0x38
                0x0000000008001a34                . = ALIGN (0x4)
 *(.rodata)
 .rodata        0x0000000008001a34       0x20 build/stm32f0xx_hal_rcc.o
 *(.rodata*)
 .rodata.AHBPrescTable
                0x0000000008001a54       0x10 build/system_stm32f0xx.o
                0x0000000008001a54                AHBPrescTable
 .rodata.APBPrescTable
                0x0000000008001a64        0x8 build/system_stm32f0xx.o
                0x0000000008001a64                APBPrescTable
                0x0000000008001a6c                . = ALIGN (0x4)

.rel.dyn        0x0000000008001a6c        0x0
 .rel.iplt      0x0000000008001a6c        0x0 /opt/gcc-arm-none-eabi-8-2018-q4-major/bin/../lib/gcc/arm-none-eabi/8.2.1/thumb/v6-m/nofp/crtbegin.o

.ARM.extab
 *(.ARM.extab* .gnu.linkonce.armextab.*)

.ARM            0x0000000008001a6c        0x0
                0x0000000008001a6c                __exidx_start = .
 *(.ARM.exidx*)
                0x0000000008001a6c                __exidx_end = .

.preinit_array  0x0000000008001a6c        0x0
                0x0000000008001a6c                PROVIDE (__preinit_array_start = .)
 *(.preinit_array*)
                0x0000000008001a6c                PROVIDE (__preinit_array_end = .)

.init_array     0x0000000008001a6c        0x4
                0x0000000008001a6c                PROVIDE (__init_array_start = .)
 *(SORT_BY_NAME(.init_array.*))
 *(.init_array*)
 .init_array    0x0000000008001a6c        0x4 /opt/gcc-arm-none-eabi-8-2018-q4-major/bin/../lib/gcc/arm-none-eabi/8.2.1/thumb/v6-m/nofp/crtbegin.o
                0x0000000008001a70                PROVIDE (__init_array_end = .)

.fini_array     0x0000000008001a70        0x4
                [!provide]                        PROVIDE (__fini_array_start = .)
 *(SORT_BY_NAME(.fini_array.*))
 *(.fini_array*)
 .fini_array    0x0000000008001a70        0x4 /opt/gcc-arm-none-eabi-8-2018-q4-major/bin/../lib/gcc/arm-none-eabi/8.2.1/thumb/v6-m/nofp/crtbegin.o
                [!provide]                        PROVIDE (__fini_array_end = .)
                0x0000000008001a74                _sidata = LOADADDR (.data)

.data           0x0000000020000000        0x4 load address 0x0000000008001a74
                0x0000000020000000                . = ALIGN (0x4)
                0x0000000020000000                _sdata = .
 *(.data)
 *(.data*)
 .data.SystemCoreClock
                0x0000000020000000        0x4 build/system_stm32f0xx.o
                0x0000000020000000                SystemCoreClock
                0x0000000020000004                . = ALIGN (0x4)
                0x0000000020000004                _edata = .

.igot.plt       0x0000000020000004        0x0 load address 0x0000000008001a78
 .igot.plt      0x0000000020000004        0x0 /opt/gcc-arm-none-eabi-8-2018-q4-major/bin/../lib/gcc/arm-none-eabi/8.2.1/thumb/v6-m/nofp/crtbegin.o
                0x0000000020000004                . = ALIGN (0x4)

.bss            0x0000000020000004      0x20c load address 0x0000000008001a78
                0x0000000020000004                _sbss = .
                0x0000000020000004                __bss_start__ = _sbss
 *(.bss)
 .bss           0x0000000020000004       0x1c /opt/gcc-arm-none-eabi-8-2018-q4-major/bin/../lib/gcc/arm-none-eabi/8.2.1/thumb/v6-m/nofp/crtbegin.o
 *(.bss*)
 .bss.counter   0x0000000020000020        0x2 build/porttimer.o
 *fill*         0x0000000020000022        0x2 
 .bss.htim14    0x0000000020000024       0x40 build/porttimer.o
 .bss.timeout   0x0000000020000064        0x2 build/porttimer.o
 *fill*         0x0000000020000066        0x2 
 .bss.huart     0x0000000020000068       0x70 build/portserial.o
 *(COMMON)
 COMMON         0x00000000200000d8      0x120 build/main.o
                0x00000000200000d8                huart1
                0x0000000020000148                huart2
                0x00000000200001b8                htim14
 COMMON         0x00000000200001f8        0x4 build/stm32f0xx_hal.o
                0x00000000200001f8                uwTick
 COMMON         0x00000000200001fc       0x14 build/mb.o
                0x00000000200001fc                pxMBFrameCBTransmitterEmpty
                0x0000000020000200                pxMBPortCBTimerExpired
                0x0000000020000204                pxMBFrameCBByteReceived
                0x0000000020000208                pxMBFrameCBTransmitFSMCur
                0x000000002000020c                pxMBFrameCBReceiveFSMCur
                0x0000000020000210                . = ALIGN (0x4)
                0x0000000020000210                _ebss = .
                0x0000000020000210                __bss_end__ = _ebss

._user_heap_stack
                0x0000000020000210      0x600 load address 0x0000000008001a78
                0x0000000020000210                . = ALIGN (0x8)
                [!provide]                        PROVIDE (end = .)
                [!provide]                        PROVIDE (_end = .)
                0x0000000020000410                . = (. + _Min_Heap_Size)
 *fill*         0x0000000020000210      0x200 
                0x0000000020000810                . = (. + _Min_Stack_Size)
 *fill*         0x0000000020000410      0x400 
                0x0000000020000810                . = ALIGN (0x8)

/DISCARD/
 libc.a(*)
 libm.a(*)
 libgcc.a(*)

.ARM.attributes
                0x0000000000000000       0x28
 *(.ARM.attributes)
 .ARM.attributes
                0x0000000000000000       0x1e /opt/gcc-arm-none-eabi-8-2018-q4-major/bin/../lib/gcc/arm-none-eabi/8.2.1/thumb/v6-m/nofp/crti.o
 .ARM.attributes
                0x000000000000001e       0x2c /opt/gcc-arm-none-eabi-8-2018-q4-major/bin/../lib/gcc/arm-none-eabi/8.2.1/thumb/v6-m/nofp/crtbegin.o
 .ARM.attributes
                0x000000000000004a       0x2c build/main.o
 .ARM.attributes
                0x0000000000000076       0x2c build/stm32f0xx_it.o
 .ARM.attributes
                0x00000000000000a2       0x2c build/stm32f0xx_hal_msp.o
 .ARM.attributes
                0x00000000000000ce       0x2c build/stm32f0xx_hal_tim.o
 .ARM.attributes
                0x00000000000000fa       0x2c build/stm32f0xx_hal_tim_ex.o
 .ARM.attributes
                0x0000000000000126       0x2c build/stm32f0xx_hal_uart.o
 .ARM.attributes
                0x0000000000000152       0x2c build/stm32f0xx_hal_uart_ex.o
 .ARM.attributes
                0x000000000000017e       0x2c build/stm32f0xx_hal_rcc.o
 .ARM.attributes
                0x00000000000001aa       0x2c build/stm32f0xx_hal_rcc_ex.o
 .ARM.attributes
                0x00000000000001d6       0x2c build/stm32f0xx_hal.o
 .ARM.attributes
                0x0000000000000202       0x2c build/stm32f0xx_hal_gpio.o
 .ARM.attributes
                0x000000000000022e       0x2c build/stm32f0xx_hal_dma.o
 .ARM.attributes
                0x000000000000025a       0x2c build/stm32f0xx_hal_cortex.o
 .ARM.attributes
                0x0000000000000286       0x2c build/mb.o
 .ARM.attributes
                0x00000000000002b2       0x2c build/porttimer.o
 .ARM.attributes
                0x00000000000002de       0x2c build/portserial.o
 .ARM.attributes
                0x000000000000030a       0x2c build/system_stm32f0xx.o
 .ARM.attributes
                0x0000000000000336       0x21 build/startup_stm32f070x6.o
 .ARM.attributes
                0x0000000000000357       0x2c /opt/gcc-arm-none-eabi-8-2018-q4-major/bin/../lib/gcc/arm-none-eabi/8.2.1/../../../../arm-none-eabi/lib/thumb/v6-m/nofp/libc_nano.a(lib_a-init.o)
 .ARM.attributes
                0x0000000000000383       0x2c /opt/gcc-arm-none-eabi-8-2018-q4-major/bin/../lib/gcc/arm-none-eabi/8.2.1/../../../../arm-none-eabi/lib/thumb/v6-m/nofp/libc_nano.a(lib_a-memset.o)
 .ARM.attributes
                0x00000000000003af       0x1e /opt/gcc-arm-none-eabi-8-2018-q4-major/bin/../lib/gcc/arm-none-eabi/8.2.1/thumb/v6-m/nofp/libgcc.a(_udivsi3.o)
 .ARM.attributes
                0x00000000000003cd       0x1e /opt/gcc-arm-none-eabi-8-2018-q4-major/bin/../lib/gcc/arm-none-eabi/8.2.1/thumb/v6-m/nofp/libgcc.a(_dvmd_tls.o)
 .ARM.attributes
                0x00000000000003eb       0x1e /opt/gcc-arm-none-eabi-8-2018-q4-major/bin/../lib/gcc/arm-none-eabi/8.2.1/thumb/v6-m/nofp/crtn.o
OUTPUT(build/ust.elf elf32-littlearm)

.debug_info     0x0000000000000000    0x19063
 .debug_info    0x0000000000000000     0x1c63 build/main.o
 .debug_info    0x0000000000001c63     0x14cb build/stm32f0xx_it.o
 .debug_info    0x000000000000312e     0x1988 build/stm32f0xx_hal_msp.o
 .debug_info    0x0000000000004ab6     0x4050 build/stm32f0xx_hal_tim.o
 .debug_info    0x0000000000008b06     0x1f51 build/stm32f0xx_hal_tim_ex.o
 .debug_info    0x000000000000aa57     0x25a2 build/stm32f0xx_hal_uart.o
 .debug_info    0x000000000000cff9     0x1225 build/stm32f0xx_hal_uart_ex.o
 .debug_info    0x000000000000e21e     0x1407 build/stm32f0xx_hal_rcc.o
 .debug_info    0x000000000000f625      0xe46 build/stm32f0xx_hal_rcc_ex.o
 .debug_info    0x000000000001046b     0x10a6 build/stm32f0xx_hal.o
 .debug_info    0x0000000000011511     0x10bf build/stm32f0xx_hal_gpio.o
 .debug_info    0x00000000000125d0     0x12f8 build/stm32f0xx_hal_dma.o
 .debug_info    0x00000000000138c8     0x127b build/stm32f0xx_hal_cortex.o
 .debug_info    0x0000000000014b43     0x119d build/mb.o
 .debug_info    0x0000000000015ce0     0x12d5 build/porttimer.o
 .debug_info    0x0000000000016fb5     0x145d build/portserial.o
 .debug_info    0x0000000000018412      0xc2f build/system_stm32f0xx.o
 .debug_info    0x0000000000019041       0x22 build/startup_stm32f070x6.o

.debug_abbrev   0x0000000000000000     0x31ef
 .debug_abbrev  0x0000000000000000      0x31f build/main.o
 .debug_abbrev  0x000000000000031f      0x25e build/stm32f0xx_it.o
 .debug_abbrev  0x000000000000057d      0x298 build/stm32f0xx_hal_msp.o
 .debug_abbrev  0x0000000000000815      0x360 build/stm32f0xx_hal_tim.o
 .debug_abbrev  0x0000000000000b75      0x346 build/stm32f0xx_hal_tim_ex.o
 .debug_abbrev  0x0000000000000ebb      0x328 build/stm32f0xx_hal_uart.o
 .debug_abbrev  0x00000000000011e3      0x279 build/stm32f0xx_hal_uart_ex.o
 .debug_abbrev  0x000000000000145c      0x32a build/stm32f0xx_hal_rcc.o
 .debug_abbrev  0x0000000000001786      0x2cd build/stm32f0xx_hal_rcc_ex.o
 .debug_abbrev  0x0000000000001a53      0x320 build/stm32f0xx_hal.o
 .debug_abbrev  0x0000000000001d73      0x30a build/stm32f0xx_hal_gpio.o
 .debug_abbrev  0x000000000000207d      0x316 build/stm32f0xx_hal_dma.o
 .debug_abbrev  0x0000000000002393      0x395 build/stm32f0xx_hal_cortex.o
 .debug_abbrev  0x0000000000002728      0x336 build/mb.o
 .debug_abbrev  0x0000000000002a5e      0x29d build/porttimer.o
 .debug_abbrev  0x0000000000002cfb      0x2c8 build/portserial.o
 .debug_abbrev  0x0000000000002fc3      0x21a build/system_stm32f0xx.o
 .debug_abbrev  0x00000000000031dd       0x12 build/startup_stm32f070x6.o

.debug_loc      0x0000000000000000     0xb102
 .debug_loc     0x0000000000000000       0xd9 build/main.o
 .debug_loc     0x00000000000000d9       0x80 build/stm32f0xx_it.o
 .debug_loc     0x0000000000000159      0x1da build/stm32f0xx_hal_msp.o
 .debug_loc     0x0000000000000333     0x4a44 build/stm32f0xx_hal_tim.o
 .debug_loc     0x0000000000004d77     0x173c build/stm32f0xx_hal_tim_ex.o
 .debug_loc     0x00000000000064b3     0x1e89 build/stm32f0xx_hal_uart.o
 .debug_loc     0x000000000000833c      0x261 build/stm32f0xx_hal_uart_ex.o
 .debug_loc     0x000000000000859d      0x6ac build/stm32f0xx_hal_rcc.o
 .debug_loc     0x0000000000008c49      0x63d build/stm32f0xx_hal_rcc_ex.o
 .debug_loc     0x0000000000009286      0x118 build/stm32f0xx_hal.o
 .debug_loc     0x000000000000939e      0x418 build/stm32f0xx_hal_gpio.o
 .debug_loc     0x00000000000097b6      0xa8d build/stm32f0xx_hal_dma.o
 .debug_loc     0x000000000000a243      0x449 build/stm32f0xx_hal_cortex.o
 .debug_loc     0x000000000000a68c      0x484 build/mb.o
 .debug_loc     0x000000000000ab10       0xc5 build/porttimer.o
 .debug_loc     0x000000000000abd5      0x3c3 build/portserial.o
 .debug_loc     0x000000000000af98      0x16a build/system_stm32f0xx.o

.debug_aranges  0x0000000000000000      0xb88
 .debug_aranges
                0x0000000000000000       0x50 build/main.o
 .debug_aranges
                0x0000000000000050       0x58 build/stm32f0xx_it.o
 .debug_aranges
                0x00000000000000a8       0x40 build/stm32f0xx_hal_msp.o
 .debug_aranges
                0x00000000000000e8      0x378 build/stm32f0xx_hal_tim.o
 .debug_aranges
                0x0000000000000460      0x140 build/stm32f0xx_hal_tim_ex.o
 .debug_aranges
                0x00000000000005a0      0x1d8 build/stm32f0xx_hal_uart.o
 .debug_aranges
                0x0000000000000778       0x28 build/stm32f0xx_hal_uart_ex.o
 .debug_aranges
                0x00000000000007a0       0x80 build/stm32f0xx_hal_rcc.o
 .debug_aranges
                0x0000000000000820       0x30 build/stm32f0xx_hal_rcc_ex.o
 .debug_aranges
                0x0000000000000850       0xb8 build/stm32f0xx_hal.o
 .debug_aranges
                0x0000000000000908       0x58 build/stm32f0xx_hal_gpio.o
 .debug_aranges
                0x0000000000000960       0x88 build/stm32f0xx_hal_dma.o
 .debug_aranges
                0x00000000000009e8       0x78 build/stm32f0xx_hal_cortex.o
 .debug_aranges
                0x0000000000000a60       0x48 build/mb.o
 .debug_aranges
                0x0000000000000aa8       0x40 build/porttimer.o
 .debug_aranges
                0x0000000000000ae8       0x50 build/portserial.o
 .debug_aranges
                0x0000000000000b38       0x28 build/system_stm32f0xx.o
 .debug_aranges
                0x0000000000000b60       0x28 build/startup_stm32f070x6.o

.debug_ranges   0x0000000000000000      0xae8
 .debug_ranges  0x0000000000000000       0x40 build/main.o
 .debug_ranges  0x0000000000000040       0x48 build/stm32f0xx_it.o
 .debug_ranges  0x0000000000000088       0x30 build/stm32f0xx_hal_msp.o
 .debug_ranges  0x00000000000000b8      0x368 build/stm32f0xx_hal_tim.o
 .debug_ranges  0x0000000000000420      0x130 build/stm32f0xx_hal_tim_ex.o
 .debug_ranges  0x0000000000000550      0x1c8 build/stm32f0xx_hal_uart.o
 .debug_ranges  0x0000000000000718       0x18 build/stm32f0xx_hal_uart_ex.o
 .debug_ranges  0x0000000000000730       0x88 build/stm32f0xx_hal_rcc.o
 .debug_ranges  0x00000000000007b8       0x38 build/stm32f0xx_hal_rcc_ex.o
 .debug_ranges  0x00000000000007f0       0xa8 build/stm32f0xx_hal.o
 .debug_ranges  0x0000000000000898       0x48 build/stm32f0xx_hal_gpio.o
 .debug_ranges  0x00000000000008e0       0x78 build/stm32f0xx_hal_dma.o
 .debug_ranges  0x0000000000000958       0xb0 build/stm32f0xx_hal_cortex.o
 .debug_ranges  0x0000000000000a08       0x38 build/mb.o
 .debug_ranges  0x0000000000000a40       0x30 build/porttimer.o
 .debug_ranges  0x0000000000000a70       0x40 build/portserial.o
 .debug_ranges  0x0000000000000ab0       0x18 build/system_stm32f0xx.o
 .debug_ranges  0x0000000000000ac8       0x20 build/startup_stm32f070x6.o

.debug_line     0x0000000000000000     0xa51a
 .debug_line    0x0000000000000000      0x536 build/main.o
 .debug_line    0x0000000000000536      0x311 build/stm32f0xx_it.o
 .debug_line    0x0000000000000847      0x3d3 build/stm32f0xx_hal_msp.o
 .debug_line    0x0000000000000c1a     0x2fcf build/stm32f0xx_hal_tim.o
 .debug_line    0x0000000000003be9      0xfe0 build/stm32f0xx_hal_tim_ex.o
 .debug_line    0x0000000000004bc9     0x1bbf build/stm32f0xx_hal_uart.o
 .debug_line    0x0000000000006788      0x2f9 build/stm32f0xx_hal_uart_ex.o
 .debug_line    0x0000000000006a81      0xabe build/stm32f0xx_hal_rcc.o
 .debug_line    0x000000000000753f      0x5a6 build/stm32f0xx_hal_rcc_ex.o
 .debug_line    0x0000000000007ae5      0x4a5 build/stm32f0xx_hal.o
 .debug_line    0x0000000000007f8a      0x590 build/stm32f0xx_hal_gpio.o
 .debug_line    0x000000000000851a      0x9c6 build/stm32f0xx_hal_dma.o
 .debug_line    0x0000000000008ee0      0x516 build/stm32f0xx_hal_cortex.o
 .debug_line    0x00000000000093f6      0x5d7 build/mb.o
 .debug_line    0x00000000000099cd      0x356 build/porttimer.o
 .debug_line    0x0000000000009d23      0x4a7 build/portserial.o
 .debug_line    0x000000000000a1ca      0x2c6 build/system_stm32f0xx.o
 .debug_line    0x000000000000a490       0x8a build/startup_stm32f070x6.o

.debug_str      0x0000000000000000     0x3a60
 .debug_str     0x0000000000000000     0x10bd build/main.o
                                       0x11af (size before relaxing)
 .debug_str     0x00000000000010bd       0xed build/stm32f0xx_it.o
                                        0xcba (size before relaxing)
 .debug_str     0x00000000000011aa       0xa8 build/stm32f0xx_hal_msp.o
                                        0xee9 (size before relaxing)
 .debug_str     0x0000000000001252      0xd78 build/stm32f0xx_hal_tim.o
                                       0x1788 (size before relaxing)
 .debug_str     0x0000000000001fca      0x50a build/stm32f0xx_hal_tim_ex.o
                                        0xffa (size before relaxing)
 .debug_str     0x00000000000024d4      0x615 build/stm32f0xx_hal_uart.o
                                       0x115b (size before relaxing)
 .debug_str     0x0000000000002ae9       0x8c build/stm32f0xx_hal_uart_ex.o
                                        0xb28 (size before relaxing)
 .debug_str     0x0000000000002b75      0x1aa build/stm32f0xx_hal_rcc.o
                                        0x9e6 (size before relaxing)
 .debug_str     0x0000000000002d1f       0xb3 build/stm32f0xx_hal_rcc_ex.o
                                        0x7de (size before relaxing)
 .debug_str     0x0000000000002dd2      0x1af build/stm32f0xx_hal.o
                                        0x9c0 (size before relaxing)
 .debug_str     0x0000000000002f81      0x10e build/stm32f0xx_hal_gpio.o
                                        0x80d (size before relaxing)
 .debug_str     0x000000000000308f      0x214 build/stm32f0xx_hal_dma.o
                                        0xa1c (size before relaxing)
 .debug_str     0x00000000000032a3      0x1ba build/stm32f0xx_hal_cortex.o
                                        0x9c8 (size before relaxing)
 .debug_str     0x000000000000345d      0x460 build/mb.o
                                        0xa6d (size before relaxing)
 .debug_str     0x00000000000038bd       0x79 build/porttimer.o
                                        0xb29 (size before relaxing)
 .debug_str     0x0000000000003936       0xcd build/portserial.o
                                        0xc1e (size before relaxing)
 .debug_str     0x0000000000003a03       0x38 build/system_stm32f0xx.o
                                        0x633 (size before relaxing)
 .debug_str     0x0000000000003a3b       0x25 build/startup_stm32f070x6.o
                                         0x3d (size before relaxing)

.comment        0x0000000000000000       0x75
 .comment       0x0000000000000000       0x75 build/main.o
                                         0x76 (size before relaxing)
 .comment       0x0000000000000075       0x76 build/stm32f0xx_it.o
 .comment       0x0000000000000075       0x76 build/stm32f0xx_hal_msp.o
 .comment       0x0000000000000075       0x76 build/stm32f0xx_hal_tim.o
 .comment       0x0000000000000075       0x76 build/stm32f0xx_hal_tim_ex.o
 .comment       0x0000000000000075       0x76 build/stm32f0xx_hal_uart.o
 .comment       0x0000000000000075       0x76 build/stm32f0xx_hal_uart_ex.o
 .comment       0x0000000000000075       0x76 build/stm32f0xx_hal_rcc.o
 .comment       0x0000000000000075       0x76 build/stm32f0xx_hal_rcc_ex.o
 .comment       0x0000000000000075       0x76 build/stm32f0xx_hal.o
 .comment       0x0000000000000075       0x76 build/stm32f0xx_hal_gpio.o
 .comment       0x0000000000000075       0x76 build/stm32f0xx_hal_dma.o
 .comment       0x0000000000000075       0x76 build/stm32f0xx_hal_cortex.o
 .comment       0x0000000000000075       0x76 build/mb.o
 .comment       0x0000000000000075       0x76 build/porttimer.o
 .comment       0x0000000000000075       0x76 build/portserial.o
 .comment       0x0000000000000075       0x76 build/system_stm32f0xx.o

.debug_frame    0x0000000000000000     0x2030
 .debug_frame   0x0000000000000000       0xcc build/main.o
 .debug_frame   0x00000000000000cc       0xc0 build/stm32f0xx_it.o
 .debug_frame   0x000000000000018c       0x94 build/stm32f0xx_hal_msp.o
 .debug_frame   0x0000000000000220      0xae8 build/stm32f0xx_hal_tim.o
 .debug_frame   0x0000000000000d08      0x3f8 build/stm32f0xx_hal_tim_ex.o
 .debug_frame   0x0000000000001100      0x584 build/stm32f0xx_hal_uart.o
 .debug_frame   0x0000000000001684       0x58 build/stm32f0xx_hal_uart_ex.o
 .debug_frame   0x00000000000016dc      0x14c build/stm32f0xx_hal_rcc.o
 .debug_frame   0x0000000000001828       0x60 build/stm32f0xx_hal_rcc_ex.o
 .debug_frame   0x0000000000001888      0x184 build/stm32f0xx_hal.o
 .debug_frame   0x0000000000001a0c       0xdc build/stm32f0xx_hal_gpio.o
 .debug_frame   0x0000000000001ae8      0x198 build/stm32f0xx_hal_dma.o
 .debug_frame   0x0000000000001c80       0xec build/stm32f0xx_hal_cortex.o
 .debug_frame   0x0000000000001d6c       0xbc build/mb.o
 .debug_frame   0x0000000000001e28       0xa0 build/porttimer.o
 .debug_frame   0x0000000000001ec8       0xc0 build/portserial.o
 .debug_frame   0x0000000000001f88       0x3c build/system_stm32f0xx.o
 .debug_frame   0x0000000000001fc4       0x2c /opt/gcc-arm-none-eabi-8-2018-q4-major/bin/../lib/gcc/arm-none-eabi/8.2.1/../../../../arm-none-eabi/lib/thumb/v6-m/nofp/libc_nano.a(lib_a-init.o)
 .debug_frame   0x0000000000001ff0       0x20 /opt/gcc-arm-none-eabi-8-2018-q4-major/bin/../lib/gcc/arm-none-eabi/8.2.1/../../../../arm-none-eabi/lib/thumb/v6-m/nofp/libc_nano.a(lib_a-memset.o)
 .debug_frame   0x0000000000002010       0x20 /opt/gcc-arm-none-eabi-8-2018-q4-major/bin/../lib/gcc/arm-none-eabi/8.2.1/thumb/v6-m/nofp/libgcc.a(_udivsi3.o)

Cross Reference Table

Symbol                                            File
ADC1_IRQHandler                                   build/startup_stm32f070x6.o
AHBPrescTable                                     build/system_stm32f0xx.o
                                                  build/stm32f0xx_hal_rcc.o
APBPrescTable                                     build/system_stm32f0xx.o
                                                  build/stm32f0xx_hal_rcc.o
DMA1_Channel1_IRQHandler                          build/startup_stm32f070x6.o
DMA1_Channel2_3_IRQHandler                        build/startup_stm32f070x6.o
DMA1_Channel4_5_IRQHandler                        build/startup_stm32f070x6.o
Default_Handler                                   build/startup_stm32f070x6.o
EXTI0_1_IRQHandler                                build/startup_stm32f070x6.o
EXTI2_3_IRQHandler                                build/startup_stm32f070x6.o
EXTI4_15_IRQHandler                               build/startup_stm32f070x6.o
Error_Handler                                     build/main.o
FLASH_IRQHandler                                  build/startup_stm32f070x6.o
FLASH_PageErase                                   build/stm32f0xx_hal_flash_ex.o
                                                  build/stm32f0xx_hal_flash.o
FLASH_WaitForLastOperation                        build/stm32f0xx_hal_flash.o
                                                  build/stm32f0xx_hal_flash_ex.o
HAL_DBGMCU_DisableDBGStandbyMode                  build/stm32f0xx_hal.o
HAL_DBGMCU_DisableDBGStopMode                     build/stm32f0xx_hal.o
HAL_DBGMCU_EnableDBGStandbyMode                   build/stm32f0xx_hal.o
HAL_DBGMCU_EnableDBGStopMode                      build/stm32f0xx_hal.o
HAL_DMA_Abort                                     build/stm32f0xx_hal_dma.o
                                                  build/stm32f0xx_hal_uart.o
                                                  build/stm32f0xx_hal_tim.o
HAL_DMA_Abort_IT                                  build/stm32f0xx_hal_dma.o
                                                  build/stm32f0xx_hal_i2c.o
                                                  build/stm32f0xx_hal_uart.o
HAL_DMA_DeInit                                    build/stm32f0xx_hal_dma.o
HAL_DMA_GetError                                  build/stm32f0xx_hal_dma.o
HAL_DMA_GetState                                  build/stm32f0xx_hal_dma.o
HAL_DMA_IRQHandler                                build/stm32f0xx_hal_dma.o
HAL_DMA_Init                                      build/stm32f0xx_hal_dma.o
HAL_DMA_PollForTransfer                           build/stm32f0xx_hal_dma.o
HAL_DMA_RegisterCallback                          build/stm32f0xx_hal_dma.o
HAL_DMA_Start                                     build/stm32f0xx_hal_dma.o
HAL_DMA_Start_IT                                  build/stm32f0xx_hal_dma.o
                                                  build/stm32f0xx_hal_i2c.o
                                                  build/stm32f0xx_hal_uart.o
                                                  build/stm32f0xx_hal_tim_ex.o
                                                  build/stm32f0xx_hal_tim.o
HAL_DMA_UnRegisterCallback                        build/stm32f0xx_hal_dma.o
HAL_DeInit                                        build/stm32f0xx_hal.o
HAL_Delay                                         build/stm32f0xx_hal.o
HAL_FLASHEx_Erase                                 build/stm32f0xx_hal_flash_ex.o
HAL_FLASHEx_Erase_IT                              build/stm32f0xx_hal_flash_ex.o
HAL_FLASHEx_OBErase                               build/stm32f0xx_hal_flash_ex.o
HAL_FLASHEx_OBGetConfig                           build/stm32f0xx_hal_flash_ex.o
HAL_FLASHEx_OBGetUserData                         build/stm32f0xx_hal_flash_ex.o
HAL_FLASHEx_OBProgram                             build/stm32f0xx_hal_flash_ex.o
HAL_FLASH_EndOfOperationCallback                  build/stm32f0xx_hal_flash.o
HAL_FLASH_GetError                                build/stm32f0xx_hal_flash.o
HAL_FLASH_IRQHandler                              build/stm32f0xx_hal_flash.o
HAL_FLASH_Lock                                    build/stm32f0xx_hal_flash.o
HAL_FLASH_OB_Launch                               build/stm32f0xx_hal_flash.o
HAL_FLASH_OB_Lock                                 build/stm32f0xx_hal_flash.o
HAL_FLASH_OB_Unlock                               build/stm32f0xx_hal_flash.o
HAL_FLASH_OperationErrorCallback                  build/stm32f0xx_hal_flash.o
HAL_FLASH_Program                                 build/stm32f0xx_hal_flash.o
HAL_FLASH_Program_IT                              build/stm32f0xx_hal_flash.o
HAL_FLASH_Unlock                                  build/stm32f0xx_hal_flash.o
HAL_GPIO_DeInit                                   build/stm32f0xx_hal_gpio.o
                                                  build/stm32f0xx_hal_msp.o
HAL_GPIO_EXTI_Callback                            build/stm32f0xx_hal_gpio.o
HAL_GPIO_EXTI_IRQHandler                          build/stm32f0xx_hal_gpio.o
HAL_GPIO_Init                                     build/stm32f0xx_hal_gpio.o
                                                  build/stm32f0xx_hal_rcc.o
                                                  build/stm32f0xx_hal_msp.o
                                                  build/main.o
HAL_GPIO_LockPin                                  build/stm32f0xx_hal_gpio.o
HAL_GPIO_ReadPin                                  build/stm32f0xx_hal_gpio.o
HAL_GPIO_TogglePin                                build/stm32f0xx_hal_gpio.o
HAL_GPIO_WritePin                                 build/stm32f0xx_hal_gpio.o
                                                  build/portserial.o
                                                  build/porttimer.o
                                                  build/main.o
HAL_GetDEVID                                      build/stm32f0xx_hal.o
HAL_GetHalVersion                                 build/stm32f0xx_hal.o
HAL_GetREVID                                      build/stm32f0xx_hal.o
HAL_GetTick                                       build/stm32f0xx_hal.o
                                                  build/stm32f0xx_hal_flash.o
                                                  build/stm32f0xx_hal_dma.o
                                                  build/stm32f0xx_hal_i2c.o
                                                  build/stm32f0xx_hal_rcc_ex.o
                                                  build/stm32f0xx_hal_rcc.o
                                                  build/stm32f0xx_hal_uart.o
HAL_GetUIDw0                                      build/stm32f0xx_hal.o
HAL_GetUIDw1                                      build/stm32f0xx_hal.o
HAL_GetUIDw2                                      build/stm32f0xx_hal.o
HAL_HalfDuplex_EnableReceiver                     build/stm32f0xx_hal_uart.o
HAL_HalfDuplex_EnableTransmitter                  build/stm32f0xx_hal_uart.o
HAL_HalfDuplex_Init                               build/stm32f0xx_hal_uart.o
HAL_I2CEx_ConfigAnalogFilter                      build/stm32f0xx_hal_i2c_ex.o
HAL_I2CEx_ConfigDigitalFilter                     build/stm32f0xx_hal_i2c_ex.o
HAL_I2CEx_DisableFastModePlus                     build/stm32f0xx_hal_i2c_ex.o
HAL_I2CEx_EnableFastModePlus                      build/stm32f0xx_hal_i2c_ex.o
HAL_I2C_AbortCpltCallback                         build/stm32f0xx_hal_i2c.o
HAL_I2C_AddrCallback                              build/stm32f0xx_hal_i2c.o
HAL_I2C_DeInit                                    build/stm32f0xx_hal_i2c.o
HAL_I2C_DisableListen_IT                          build/stm32f0xx_hal_i2c.o
HAL_I2C_ER_IRQHandler                             build/stm32f0xx_hal_i2c.o
HAL_I2C_EV_IRQHandler                             build/stm32f0xx_hal_i2c.o
HAL_I2C_EnableListen_IT                           build/stm32f0xx_hal_i2c.o
HAL_I2C_ErrorCallback                             build/stm32f0xx_hal_i2c.o
HAL_I2C_GetError                                  build/stm32f0xx_hal_i2c.o
HAL_I2C_GetMode                                   build/stm32f0xx_hal_i2c.o
HAL_I2C_GetState                                  build/stm32f0xx_hal_i2c.o
HAL_I2C_Init                                      build/stm32f0xx_hal_i2c.o
HAL_I2C_IsDeviceReady                             build/stm32f0xx_hal_i2c.o
HAL_I2C_ListenCpltCallback                        build/stm32f0xx_hal_i2c.o
HAL_I2C_MasterRxCpltCallback                      build/stm32f0xx_hal_i2c.o
HAL_I2C_MasterTxCpltCallback                      build/stm32f0xx_hal_i2c.o
HAL_I2C_Master_Abort_IT                           build/stm32f0xx_hal_i2c.o
HAL_I2C_Master_Receive                            build/stm32f0xx_hal_i2c.o
HAL_I2C_Master_Receive_DMA                        build/stm32f0xx_hal_i2c.o
HAL_I2C_Master_Receive_IT                         build/stm32f0xx_hal_i2c.o
HAL_I2C_Master_Sequential_Receive_IT              build/stm32f0xx_hal_i2c.o
HAL_I2C_Master_Sequential_Transmit_IT             build/stm32f0xx_hal_i2c.o
HAL_I2C_Master_Transmit                           build/stm32f0xx_hal_i2c.o
HAL_I2C_Master_Transmit_DMA                       build/stm32f0xx_hal_i2c.o
HAL_I2C_Master_Transmit_IT                        build/stm32f0xx_hal_i2c.o
HAL_I2C_MemRxCpltCallback                         build/stm32f0xx_hal_i2c.o
HAL_I2C_MemTxCpltCallback                         build/stm32f0xx_hal_i2c.o
HAL_I2C_Mem_Read                                  build/stm32f0xx_hal_i2c.o
HAL_I2C_Mem_Read_DMA                              build/stm32f0xx_hal_i2c.o
HAL_I2C_Mem_Read_IT                               build/stm32f0xx_hal_i2c.o
HAL_I2C_Mem_Write                                 build/stm32f0xx_hal_i2c.o
HAL_I2C_Mem_Write_DMA                             build/stm32f0xx_hal_i2c.o
HAL_I2C_Mem_Write_IT                              build/stm32f0xx_hal_i2c.o
HAL_I2C_MspDeInit                                 build/stm32f0xx_hal_i2c.o
HAL_I2C_MspInit                                   build/stm32f0xx_hal_i2c.o
HAL_I2C_SlaveRxCpltCallback                       build/stm32f0xx_hal_i2c.o
HAL_I2C_SlaveTxCpltCallback                       build/stm32f0xx_hal_i2c.o
HAL_I2C_Slave_Receive                             build/stm32f0xx_hal_i2c.o
HAL_I2C_Slave_Receive_DMA                         build/stm32f0xx_hal_i2c.o
HAL_I2C_Slave_Receive_IT                          build/stm32f0xx_hal_i2c.o
HAL_I2C_Slave_Sequential_Receive_IT               build/stm32f0xx_hal_i2c.o
HAL_I2C_Slave_Sequential_Transmit_IT              build/stm32f0xx_hal_i2c.o
HAL_I2C_Slave_Transmit                            build/stm32f0xx_hal_i2c.o
HAL_I2C_Slave_Transmit_DMA                        build/stm32f0xx_hal_i2c.o
HAL_I2C_Slave_Transmit_IT                         build/stm32f0xx_hal_i2c.o
HAL_IncTick                                       build/stm32f0xx_hal.o
                                                  build/stm32f0xx_it.o
HAL_Init                                          build/stm32f0xx_hal.o
                                                  build/main.o
HAL_InitTick                                      build/stm32f0xx_hal.o
                                                  build/stm32f0xx_hal_rcc.o
HAL_MspDeInit                                     build/stm32f0xx_hal.o
HAL_MspInit                                       build/stm32f0xx_hal_msp.o
HAL_MultiProcessorEx_AddressLength_Set            build/stm32f0xx_hal_uart_ex.o
HAL_MultiProcessor_DisableMuteMode                build/stm32f0xx_hal_uart.o
HAL_MultiProcessor_EnableMuteMode                 build/stm32f0xx_hal_uart.o
HAL_MultiProcessor_EnterMuteMode                  build/stm32f0xx_hal_uart.o
HAL_MultiProcessor_Init                           build/stm32f0xx_hal_uart.o
HAL_NVIC_ClearPendingIRQ                          build/stm32f0xx_hal_cortex.o
HAL_NVIC_DisableIRQ                               build/stm32f0xx_hal_cortex.o
                                                  build/stm32f0xx_hal_msp.o
HAL_NVIC_EnableIRQ                                build/stm32f0xx_hal_cortex.o
                                                  build/stm32f0xx_hal_msp.o
                                                  build/main.o
HAL_NVIC_GetPendingIRQ                            build/stm32f0xx_hal_cortex.o
HAL_NVIC_GetPriority                              build/stm32f0xx_hal_cortex.o
HAL_NVIC_SetPendingIRQ                            build/stm32f0xx_hal_cortex.o
HAL_NVIC_SetPriority                              build/stm32f0xx_hal_cortex.o
                                                  build/stm32f0xx_hal.o
                                                  build/stm32f0xx_hal_msp.o
                                                  build/main.o
HAL_NVIC_SystemReset                              build/stm32f0xx_hal_cortex.o
HAL_PWR_DeInit                                    build/stm32f0xx_hal_pwr.o
HAL_PWR_DisableBkUpAccess                         build/stm32f0xx_hal_pwr.o
HAL_PWR_DisableSEVOnPend                          build/stm32f0xx_hal_pwr.o
HAL_PWR_DisableSleepOnExit                        build/stm32f0xx_hal_pwr.o
HAL_PWR_DisableWakeUpPin                          build/stm32f0xx_hal_pwr.o
HAL_PWR_EnableBkUpAccess                          build/stm32f0xx_hal_pwr.o
HAL_PWR_EnableSEVOnPend                           build/stm32f0xx_hal_pwr.o
HAL_PWR_EnableSleepOnExit                         build/stm32f0xx_hal_pwr.o
HAL_PWR_EnableWakeUpPin                           build/stm32f0xx_hal_pwr.o
HAL_PWR_EnterSLEEPMode                            build/stm32f0xx_hal_pwr.o
HAL_PWR_EnterSTANDBYMode                          build/stm32f0xx_hal_pwr.o
HAL_PWR_EnterSTOPMode                             build/stm32f0xx_hal_pwr.o
HAL_RCCEx_GetPeriphCLKConfig                      build/stm32f0xx_hal_rcc_ex.o
HAL_RCCEx_GetPeriphCLKFreq                        build/stm32f0xx_hal_rcc_ex.o
HAL_RCCEx_PeriphCLKConfig                         build/stm32f0xx_hal_rcc_ex.o
                                                  build/main.o
HAL_RCC_CSSCallback                               build/stm32f0xx_hal_rcc.o
HAL_RCC_ClockConfig                               build/stm32f0xx_hal_rcc.o
                                                  build/main.o
HAL_RCC_DeInit                                    build/stm32f0xx_hal_rcc.o
HAL_RCC_DisableCSS                                build/stm32f0xx_hal_rcc.o
HAL_RCC_EnableCSS                                 build/stm32f0xx_hal_rcc.o
HAL_RCC_GetClockConfig                            build/stm32f0xx_hal_rcc.o
HAL_RCC_GetHCLKFreq                               build/stm32f0xx_hal_rcc.o
                                                  build/stm32f0xx_hal.o
HAL_RCC_GetOscConfig                              build/stm32f0xx_hal_rcc.o
HAL_RCC_GetPCLK1Freq                              build/stm32f0xx_hal_rcc.o
                                                  build/porttimer.o
                                                  build/stm32f0xx_hal_rcc_ex.o
                                                  build/stm32f0xx_hal_uart.o
HAL_RCC_GetSysClockFreq                           build/stm32f0xx_hal_rcc.o
                                                  build/stm32f0xx_hal_rcc_ex.o
                                                  build/stm32f0xx_hal_uart.o
HAL_RCC_MCOConfig                                 build/stm32f0xx_hal_rcc.o
HAL_RCC_NMI_IRQHandler                            build/stm32f0xx_hal_rcc.o
HAL_RCC_OscConfig                                 build/stm32f0xx_hal_rcc.o
                                                  build/main.o
HAL_RS485Ex_Init                                  build/stm32f0xx_hal_uart_ex.o
                                                  build/portserial.o
                                                  build/main.o
HAL_ResumeTick                                    build/stm32f0xx_hal.o
HAL_SYSTICK_CLKSourceConfig                       build/stm32f0xx_hal_cortex.o
HAL_SYSTICK_Callback                              build/stm32f0xx_hal_cortex.o
HAL_SYSTICK_Config                                build/stm32f0xx_hal_cortex.o
                                                  build/stm32f0xx_hal.o
HAL_SYSTICK_IRQHandler                            build/stm32f0xx_hal_cortex.o
HAL_SuspendTick                                   build/stm32f0xx_hal.o
HAL_TIMEx_BreakCallback                           build/stm32f0xx_hal_tim_ex.o
                                                  build/stm32f0xx_hal_tim.o
HAL_TIMEx_CommutationCallback                     build/stm32f0xx_hal_tim_ex.o
                                                  build/stm32f0xx_hal_tim.o
HAL_TIMEx_ConfigBreakDeadTime                     build/stm32f0xx_hal_tim_ex.o
HAL_TIMEx_ConfigCommutationEvent                  build/stm32f0xx_hal_tim_ex.o
HAL_TIMEx_ConfigCommutationEvent_DMA              build/stm32f0xx_hal_tim_ex.o
HAL_TIMEx_ConfigCommutationEvent_IT               build/stm32f0xx_hal_tim_ex.o
HAL_TIMEx_HallSensor_DeInit                       build/stm32f0xx_hal_tim_ex.o
HAL_TIMEx_HallSensor_GetState                     build/stm32f0xx_hal_tim_ex.o
HAL_TIMEx_HallSensor_Init                         build/stm32f0xx_hal_tim_ex.o
HAL_TIMEx_HallSensor_MspDeInit                    build/stm32f0xx_hal_tim_ex.o
HAL_TIMEx_HallSensor_MspInit                      build/stm32f0xx_hal_tim_ex.o
HAL_TIMEx_HallSensor_Start                        build/stm32f0xx_hal_tim_ex.o
HAL_TIMEx_HallSensor_Start_DMA                    build/stm32f0xx_hal_tim_ex.o
HAL_TIMEx_HallSensor_Start_IT                     build/stm32f0xx_hal_tim_ex.o
HAL_TIMEx_HallSensor_Stop                         build/stm32f0xx_hal_tim_ex.o
HAL_TIMEx_HallSensor_Stop_DMA                     build/stm32f0xx_hal_tim_ex.o
HAL_TIMEx_HallSensor_Stop_IT                      build/stm32f0xx_hal_tim_ex.o
HAL_TIMEx_MasterConfigSynchronization             build/stm32f0xx_hal_tim_ex.o
HAL_TIMEx_OCN_Start                               build/stm32f0xx_hal_tim_ex.o
HAL_TIMEx_OCN_Start_DMA                           build/stm32f0xx_hal_tim_ex.o
HAL_TIMEx_OCN_Start_IT                            build/stm32f0xx_hal_tim_ex.o
HAL_TIMEx_OCN_Stop                                build/stm32f0xx_hal_tim_ex.o
HAL_TIMEx_OCN_Stop_DMA                            build/stm32f0xx_hal_tim_ex.o
HAL_TIMEx_OCN_Stop_IT                             build/stm32f0xx_hal_tim_ex.o
HAL_TIMEx_OnePulseN_Start                         build/stm32f0xx_hal_tim_ex.o
HAL_TIMEx_OnePulseN_Start_IT                      build/stm32f0xx_hal_tim_ex.o
HAL_TIMEx_OnePulseN_Stop                          build/stm32f0xx_hal_tim_ex.o
HAL_TIMEx_OnePulseN_Stop_IT                       build/stm32f0xx_hal_tim_ex.o
HAL_TIMEx_PWMN_Start                              build/stm32f0xx_hal_tim_ex.o
HAL_TIMEx_PWMN_Start_DMA                          build/stm32f0xx_hal_tim_ex.o
HAL_TIMEx_PWMN_Start_IT                           build/stm32f0xx_hal_tim_ex.o
HAL_TIMEx_PWMN_Stop                               build/stm32f0xx_hal_tim_ex.o
HAL_TIMEx_PWMN_Stop_DMA                           build/stm32f0xx_hal_tim_ex.o
HAL_TIMEx_PWMN_Stop_IT                            build/stm32f0xx_hal_tim_ex.o
HAL_TIMEx_RemapConfig                             build/stm32f0xx_hal_tim_ex.o
HAL_TIM_Base_DeInit                               build/stm32f0xx_hal_tim.o
HAL_TIM_Base_GetState                             build/stm32f0xx_hal_tim.o
HAL_TIM_Base_Init                                 build/stm32f0xx_hal_tim.o
                                                  build/porttimer.o
                                                  build/main.o
HAL_TIM_Base_MspDeInit                            build/stm32f0xx_hal_msp.o
HAL_TIM_Base_MspInit                              build/stm32f0xx_hal_msp.o
HAL_TIM_Base_Start                                build/stm32f0xx_hal_tim.o
HAL_TIM_Base_Start_DMA                            build/stm32f0xx_hal_tim.o
HAL_TIM_Base_Start_IT                             build/stm32f0xx_hal_tim.o
                                                  build/porttimer.o
HAL_TIM_Base_Stop                                 build/stm32f0xx_hal_tim.o
HAL_TIM_Base_Stop_DMA                             build/stm32f0xx_hal_tim.o
HAL_TIM_Base_Stop_IT                              build/stm32f0xx_hal_tim.o
                                                  build/porttimer.o
HAL_TIM_ConfigClockSource                         build/stm32f0xx_hal_tim.o
HAL_TIM_ConfigOCrefClear                          build/stm32f0xx_hal_tim.o
HAL_TIM_ConfigTI1Input                            build/stm32f0xx_hal_tim.o
HAL_TIM_DMABurst_MultiReadStart                   build/stm32f0xx_hal_tim.o
HAL_TIM_DMABurst_MultiWriteStart                  build/stm32f0xx_hal_tim.o
HAL_TIM_DMABurst_ReadStart                        build/stm32f0xx_hal_tim.o
HAL_TIM_DMABurst_ReadStop                         build/stm32f0xx_hal_tim.o
HAL_TIM_DMABurst_WriteStart                       build/stm32f0xx_hal_tim.o
HAL_TIM_DMABurst_WriteStop                        build/stm32f0xx_hal_tim.o
HAL_TIM_Encoder_DeInit                            build/stm32f0xx_hal_tim.o
HAL_TIM_Encoder_GetState                          build/stm32f0xx_hal_tim.o
HAL_TIM_Encoder_Init                              build/stm32f0xx_hal_tim.o
HAL_TIM_Encoder_MspDeInit                         build/stm32f0xx_hal_tim.o
HAL_TIM_Encoder_MspInit                           build/stm32f0xx_hal_tim.o
HAL_TIM_Encoder_Start                             build/stm32f0xx_hal_tim.o
HAL_TIM_Encoder_Start_DMA                         build/stm32f0xx_hal_tim.o
HAL_TIM_Encoder_Start_IT                          build/stm32f0xx_hal_tim.o
HAL_TIM_Encoder_Stop                              build/stm32f0xx_hal_tim.o
HAL_TIM_Encoder_Stop_DMA                          build/stm32f0xx_hal_tim.o
HAL_TIM_Encoder_Stop_IT                           build/stm32f0xx_hal_tim.o
HAL_TIM_ErrorCallback                             build/stm32f0xx_hal_tim.o
HAL_TIM_GenerateEvent                             build/stm32f0xx_hal_tim.o
HAL_TIM_IC_CaptureCallback                        build/stm32f0xx_hal_tim.o
HAL_TIM_IC_ConfigChannel                          build/stm32f0xx_hal_tim.o
HAL_TIM_IC_DeInit                                 build/stm32f0xx_hal_tim.o
HAL_TIM_IC_GetState                               build/stm32f0xx_hal_tim.o
HAL_TIM_IC_Init                                   build/stm32f0xx_hal_tim.o
HAL_TIM_IC_MspDeInit                              build/stm32f0xx_hal_tim.o
HAL_TIM_IC_MspInit                                build/stm32f0xx_hal_tim.o
HAL_TIM_IC_Start                                  build/stm32f0xx_hal_tim.o
HAL_TIM_IC_Start_DMA                              build/stm32f0xx_hal_tim.o
HAL_TIM_IC_Start_IT                               build/stm32f0xx_hal_tim.o
HAL_TIM_IC_Stop                                   build/stm32f0xx_hal_tim.o
HAL_TIM_IC_Stop_DMA                               build/stm32f0xx_hal_tim.o
HAL_TIM_IC_Stop_IT                                build/stm32f0xx_hal_tim.o
HAL_TIM_IRQHandler                                build/stm32f0xx_hal_tim.o
                                                  build/stm32f0xx_it.o
HAL_TIM_OC_ConfigChannel                          build/stm32f0xx_hal_tim.o
HAL_TIM_OC_DeInit                                 build/stm32f0xx_hal_tim.o
HAL_TIM_OC_DelayElapsedCallback                   build/stm32f0xx_hal_tim.o
HAL_TIM_OC_GetState                               build/stm32f0xx_hal_tim.o
HAL_TIM_OC_Init                                   build/stm32f0xx_hal_tim.o
HAL_TIM_OC_MspDeInit                              build/stm32f0xx_hal_tim.o
HAL_TIM_OC_MspInit                                build/stm32f0xx_hal_tim.o
HAL_TIM_OC_Start                                  build/stm32f0xx_hal_tim.o
HAL_TIM_OC_Start_DMA                              build/stm32f0xx_hal_tim.o
HAL_TIM_OC_Start_IT                               build/stm32f0xx_hal_tim.o
HAL_TIM_OC_Stop                                   build/stm32f0xx_hal_tim.o
HAL_TIM_OC_Stop_DMA                               build/stm32f0xx_hal_tim.o
HAL_TIM_OC_Stop_IT                                build/stm32f0xx_hal_tim.o
HAL_TIM_OnePulse_ConfigChannel                    build/stm32f0xx_hal_tim.o
HAL_TIM_OnePulse_DeInit                           build/stm32f0xx_hal_tim.o
HAL_TIM_OnePulse_GetState                         build/stm32f0xx_hal_tim.o
HAL_TIM_OnePulse_Init                             build/stm32f0xx_hal_tim.o
HAL_TIM_OnePulse_MspDeInit                        build/stm32f0xx_hal_tim.o
HAL_TIM_OnePulse_MspInit                          build/stm32f0xx_hal_tim.o
HAL_TIM_OnePulse_Start                            build/stm32f0xx_hal_tim.o
HAL_TIM_OnePulse_Start_IT                         build/stm32f0xx_hal_tim.o
HAL_TIM_OnePulse_Stop                             build/stm32f0xx_hal_tim.o
HAL_TIM_OnePulse_Stop_IT                          build/stm32f0xx_hal_tim.o
HAL_TIM_PWM_ConfigChannel                         build/stm32f0xx_hal_tim.o
HAL_TIM_PWM_DeInit                                build/stm32f0xx_hal_tim.o
HAL_TIM_PWM_GetState                              build/stm32f0xx_hal_tim.o
HAL_TIM_PWM_Init                                  build/stm32f0xx_hal_tim.o
HAL_TIM_PWM_MspDeInit                             build/stm32f0xx_hal_tim.o
HAL_TIM_PWM_MspInit                               build/stm32f0xx_hal_tim.o
HAL_TIM_PWM_PulseFinishedCallback                 build/stm32f0xx_hal_tim.o
HAL_TIM_PWM_Start                                 build/stm32f0xx_hal_tim.o
HAL_TIM_PWM_Start_DMA                             build/stm32f0xx_hal_tim.o
HAL_TIM_PWM_Start_IT                              build/stm32f0xx_hal_tim.o
HAL_TIM_PWM_Stop                                  build/stm32f0xx_hal_tim.o
HAL_TIM_PWM_Stop_DMA                              build/stm32f0xx_hal_tim.o
HAL_TIM_PWM_Stop_IT                               build/stm32f0xx_hal_tim.o
HAL_TIM_PeriodElapsedCallback                     build/stm32f0xx_hal_tim.o
HAL_TIM_ReadCapturedValue                         build/stm32f0xx_hal_tim.o
HAL_TIM_SlaveConfigSynchronization                build/stm32f0xx_hal_tim.o
HAL_TIM_SlaveConfigSynchronization_IT             build/stm32f0xx_hal_tim.o
HAL_TIM_TriggerCallback                           build/stm32f0xx_hal_tim.o
HAL_UART_Abort                                    build/stm32f0xx_hal_uart.o
HAL_UART_AbortCpltCallback                        build/stm32f0xx_hal_uart.o
HAL_UART_AbortReceive                             build/stm32f0xx_hal_uart.o
HAL_UART_AbortReceiveCpltCallback                 build/stm32f0xx_hal_uart.o
HAL_UART_AbortReceive_IT                          build/stm32f0xx_hal_uart.o
HAL_UART_AbortTransmit                            build/stm32f0xx_hal_uart.o
HAL_UART_AbortTransmitCpltCallback                build/stm32f0xx_hal_uart.o
HAL_UART_AbortTransmit_IT                         build/stm32f0xx_hal_uart.o
HAL_UART_Abort_IT                                 build/stm32f0xx_hal_uart.o
HAL_UART_DMAPause                                 build/stm32f0xx_hal_uart.o
HAL_UART_DMAResume                                build/stm32f0xx_hal_uart.o
HAL_UART_DMAStop                                  build/stm32f0xx_hal_uart.o
HAL_UART_DeInit                                   build/stm32f0xx_hal_uart.o
HAL_UART_ErrorCallback                            build/stm32f0xx_hal_uart.o
HAL_UART_GetError                                 build/stm32f0xx_hal_uart.o
HAL_UART_GetState                                 build/stm32f0xx_hal_uart.o
HAL_UART_IRQHandler                               build/stm32f0xx_hal_uart.o
                                                  build/stm32f0xx_it.o
HAL_UART_Init                                     build/stm32f0xx_hal_uart.o
                                                  build/main.o
HAL_UART_MspDeInit                                build/stm32f0xx_hal_msp.o
HAL_UART_MspInit                                  build/stm32f0xx_hal_msp.o
                                                  build/stm32f0xx_hal_uart_ex.o
HAL_UART_Receive                                  build/stm32f0xx_hal_uart.o
HAL_UART_Receive_DMA                              build/stm32f0xx_hal_uart.o
HAL_UART_Receive_IT                               build/stm32f0xx_hal_uart.o
HAL_UART_RxCpltCallback                           build/stm32f0xx_hal_uart.o
HAL_UART_RxHalfCpltCallback                       build/stm32f0xx_hal_uart.o
HAL_UART_Transmit                                 build/stm32f0xx_hal_uart.o
HAL_UART_Transmit_DMA                             build/stm32f0xx_hal_uart.o
HAL_UART_Transmit_IT                              build/stm32f0xx_hal_uart.o
HAL_UART_TxCpltCallback                           build/stm32f0xx_hal_uart.o
HAL_UART_TxHalfCpltCallback                       build/stm32f0xx_hal_uart.o
HardFault_Handler                                 build/stm32f0xx_it.o
I2C1_IRQHandler                                   build/startup_stm32f070x6.o
NMI_Handler                                       build/stm32f0xx_it.o
PendSV_Handler                                    build/stm32f0xx_it.o
RCC_IRQHandler                                    build/startup_stm32f070x6.o
RTC_IRQHandler                                    build/startup_stm32f070x6.o
Reset_Handler                                     build/startup_stm32f070x6.o
SPI1_IRQHandler                                   build/startup_stm32f070x6.o
SVC_Handler                                       build/stm32f0xx_it.o
SysTick_Handler                                   build/stm32f0xx_it.o
SystemClock_Config                                build/main.o
SystemCoreClock                                   build/system_stm32f0xx.o
                                                  build/stm32f0xx_hal_rcc.o
SystemCoreClockUpdate                             build/system_stm32f0xx.o
SystemInit                                        build/system_stm32f0xx.o
                                                  build/startup_stm32f070x6.o
TIM14_IRQHandler                                  build/stm32f0xx_it.o
TIM16_IRQHandler                                  build/startup_stm32f070x6.o
TIM17_IRQHandler                                  build/startup_stm32f070x6.o
TIM1_BRK_UP_TRG_COM_IRQHandler                    build/startup_stm32f070x6.o
TIM1_CC_IRQHandler                                build/startup_stm32f070x6.o
TIM3_IRQHandler                                   build/startup_stm32f070x6.o
TIM6_DAC1_IRQHandler                              build/porttimer.o
TIMEx_DMACommutationCplt                          build/stm32f0xx_hal_tim_ex.o
                                                  build/stm32f0xx_hal_tim.o
TIM_Base_SetConfig                                build/stm32f0xx_hal_tim.o
                                                  build/stm32f0xx_hal_tim_ex.o
TIM_CCxChannelCmd                                 build/stm32f0xx_hal_tim.o
                                                  build/stm32f0xx_hal_tim_ex.o
TIM_DMACaptureCplt                                build/stm32f0xx_hal_tim.o
                                                  build/stm32f0xx_hal_tim_ex.o
TIM_DMADelayPulseCplt                             build/stm32f0xx_hal_tim.o
                                                  build/stm32f0xx_hal_tim_ex.o
TIM_DMAError                                      build/stm32f0xx_hal_tim.o
                                                  build/stm32f0xx_hal_tim_ex.o
TIM_ETR_SetConfig                                 build/stm32f0xx_hal_tim.o
TIM_OC2_SetConfig                                 build/stm32f0xx_hal_tim.o
                                                  build/stm32f0xx_hal_tim_ex.o
TIM_TI1_SetConfig                                 build/stm32f0xx_hal_tim.o
                                                  build/stm32f0xx_hal_tim_ex.o
UART_AdvFeatureConfig                             build/stm32f0xx_hal_uart.o
                                                  build/stm32f0xx_hal_uart_ex.o
UART_CheckIdleState                               build/stm32f0xx_hal_uart.o
                                                  build/stm32f0xx_hal_uart_ex.o
UART_EndTransmit_IT                               build/stm32f0xx_hal_uart.o
UART_IRQ_Handler                                  build/portserial.o
                                                  build/stm32f0xx_it.o
UART_Receive_IT                                   build/stm32f0xx_hal_uart.o
UART_SetConfig                                    build/stm32f0xx_hal_uart.o
                                                  build/stm32f0xx_hal_uart_ex.o
UART_Transmit_IT                                  build/stm32f0xx_hal_uart.o
UART_WaitOnFlagUntilTimeout                       build/stm32f0xx_hal_uart.o
USART1_IRQHandler                                 build/stm32f0xx_it.o
USART2_IRQHandler                                 build/stm32f0xx_it.o
USB_IRQHandler                                    build/startup_stm32f070x6.o
WWDG_IRQHandler                                   build/startup_stm32f070x6.o
__aeabi_idiv0                                     /opt/gcc-arm-none-eabi-8-2018-q4-major/bin/../lib/gcc/arm-none-eabi/8.2.1/thumb/v6-m/nofp/libgcc.a(_dvmd_tls.o)
                                                  /opt/gcc-arm-none-eabi-8-2018-q4-major/bin/../lib/gcc/arm-none-eabi/8.2.1/thumb/v6-m/nofp/libgcc.a(_udivsi3.o)
__aeabi_ldiv0                                     /opt/gcc-arm-none-eabi-8-2018-q4-major/bin/../lib/gcc/arm-none-eabi/8.2.1/thumb/v6-m/nofp/libgcc.a(_dvmd_tls.o)
__aeabi_uidiv                                     /opt/gcc-arm-none-eabi-8-2018-q4-major/bin/../lib/gcc/arm-none-eabi/8.2.1/thumb/v6-m/nofp/libgcc.a(_udivsi3.o)
                                                  build/system_stm32f0xx.o
                                                  build/porttimer.o
                                                  build/stm32f0xx_hal_dma.o
                                                  build/stm32f0xx_hal.o
                                                  build/stm32f0xx_hal_rcc_ex.o
                                                  build/stm32f0xx_hal_rcc.o
                                                  build/stm32f0xx_hal_uart.o
__aeabi_uidivmod                                  /opt/gcc-arm-none-eabi-8-2018-q4-major/bin/../lib/gcc/arm-none-eabi/8.2.1/thumb/v6-m/nofp/libgcc.a(_udivsi3.o)
__bss_end__                                       /opt/gcc-arm-none-eabi-8-2018-q4-major/bin/../lib/gcc/arm-none-eabi/8.2.1/../../../../arm-none-eabi/lib/thumb/v6-m/nofp/crt0.o
__bss_start__                                     /opt/gcc-arm-none-eabi-8-2018-q4-major/bin/../lib/gcc/arm-none-eabi/8.2.1/../../../../arm-none-eabi/lib/thumb/v6-m/nofp/crt0.o
__call_exitprocs                                  /opt/gcc-arm-none-eabi-8-2018-q4-major/bin/../lib/gcc/arm-none-eabi/8.2.1/../../../../arm-none-eabi/lib/thumb/v6-m/nofp/libc_nano.a(lib_a-exit.o)
__deregister_frame_info                           /opt/gcc-arm-none-eabi-8-2018-q4-major/bin/../lib/gcc/arm-none-eabi/8.2.1/thumb/v6-m/nofp/crtbegin.o
__dso_handle                                      /opt/gcc-arm-none-eabi-8-2018-q4-major/bin/../lib/gcc/arm-none-eabi/8.2.1/thumb/v6-m/nofp/crtbegin.o
__init_array_end                                  /opt/gcc-arm-none-eabi-8-2018-q4-major/bin/../lib/gcc/arm-none-eabi/8.2.1/../../../../arm-none-eabi/lib/thumb/v6-m/nofp/libc_nano.a(lib_a-init.o)
__init_array_start                                /opt/gcc-arm-none-eabi-8-2018-q4-major/bin/../lib/gcc/arm-none-eabi/8.2.1/../../../../arm-none-eabi/lib/thumb/v6-m/nofp/libc_nano.a(lib_a-init.o)
__libc_fini_array                                 /opt/gcc-arm-none-eabi-8-2018-q4-major/bin/../lib/gcc/arm-none-eabi/8.2.1/../../../../arm-none-eabi/lib/thumb/v6-m/nofp/crt0.o
__libc_init_array                                 /opt/gcc-arm-none-eabi-8-2018-q4-major/bin/../lib/gcc/arm-none-eabi/8.2.1/../../../../arm-none-eabi/lib/thumb/v6-m/nofp/libc_nano.a(lib_a-init.o)
                                                  build/startup_stm32f070x6.o
                                                  /opt/gcc-arm-none-eabi-8-2018-q4-major/bin/../lib/gcc/arm-none-eabi/8.2.1/../../../../arm-none-eabi/lib/thumb/v6-m/nofp/crt0.o
__preinit_array_end                               /opt/gcc-arm-none-eabi-8-2018-q4-major/bin/../lib/gcc/arm-none-eabi/8.2.1/../../../../arm-none-eabi/lib/thumb/v6-m/nofp/libc_nano.a(lib_a-init.o)
__preinit_array_start                             /opt/gcc-arm-none-eabi-8-2018-q4-major/bin/../lib/gcc/arm-none-eabi/8.2.1/../../../../arm-none-eabi/lib/thumb/v6-m/nofp/libc_nano.a(lib_a-init.o)
__register_frame_info                             /opt/gcc-arm-none-eabi-8-2018-q4-major/bin/../lib/gcc/arm-none-eabi/8.2.1/thumb/v6-m/nofp/crtbegin.o
__sf_fake_stderr                                  /opt/gcc-arm-none-eabi-8-2018-q4-major/bin/../lib/gcc/arm-none-eabi/8.2.1/../../../../arm-none-eabi/lib/thumb/v6-m/nofp/libc_nano.a(lib_a-impure.o)
__sf_fake_stdin                                   /opt/gcc-arm-none-eabi-8-2018-q4-major/bin/../lib/gcc/arm-none-eabi/8.2.1/../../../../arm-none-eabi/lib/thumb/v6-m/nofp/libc_nano.a(lib_a-impure.o)
__sf_fake_stdout                                  /opt/gcc-arm-none-eabi-8-2018-q4-major/bin/../lib/gcc/arm-none-eabi/8.2.1/../../../../arm-none-eabi/lib/thumb/v6-m/nofp/libc_nano.a(lib_a-impure.o)
__stack                                           /opt/gcc-arm-none-eabi-8-2018-q4-major/bin/../lib/gcc/arm-none-eabi/8.2.1/../../../../arm-none-eabi/lib/thumb/v6-m/nofp/crt0.o
__udivsi3                                         /opt/gcc-arm-none-eabi-8-2018-q4-major/bin/../lib/gcc/arm-none-eabi/8.2.1/thumb/v6-m/nofp/libgcc.a(_udivsi3.o)
_ebss                                             build/startup_stm32f070x6.o
_edata                                            build/startup_stm32f070x6.o
_estack                                           build/startup_stm32f070x6.o
_exit                                             /opt/gcc-arm-none-eabi-8-2018-q4-major/bin/../lib/gcc/arm-none-eabi/8.2.1/../../../../arm-none-eabi/lib/thumb/v6-m/nofp/libnosys.a(_exit.o)
                                                  /opt/gcc-arm-none-eabi-8-2018-q4-major/bin/../lib/gcc/arm-none-eabi/8.2.1/../../../../arm-none-eabi/lib/thumb/v6-m/nofp/libc_nano.a(lib_a-exit.o)
_fini                                             /opt/gcc-arm-none-eabi-8-2018-q4-major/bin/../lib/gcc/arm-none-eabi/8.2.1/thumb/v6-m/nofp/crti.o
_global_impure_ptr                                /opt/gcc-arm-none-eabi-8-2018-q4-major/bin/../lib/gcc/arm-none-eabi/8.2.1/../../../../arm-none-eabi/lib/thumb/v6-m/nofp/libc_nano.a(lib_a-impure.o)
                                                  /opt/gcc-arm-none-eabi-8-2018-q4-major/bin/../lib/gcc/arm-none-eabi/8.2.1/../../../../arm-none-eabi/lib/thumb/v6-m/nofp/libc_nano.a(lib_a-exit.o)
_impure_ptr                                       /opt/gcc-arm-none-eabi-8-2018-q4-major/bin/../lib/gcc/arm-none-eabi/8.2.1/../../../../arm-none-eabi/lib/thumb/v6-m/nofp/libc_nano.a(lib_a-impure.o)
_init                                             /opt/gcc-arm-none-eabi-8-2018-q4-major/bin/../lib/gcc/arm-none-eabi/8.2.1/thumb/v6-m/nofp/crti.o
                                                  /opt/gcc-arm-none-eabi-8-2018-q4-major/bin/../lib/gcc/arm-none-eabi/8.2.1/../../../../arm-none-eabi/lib/thumb/v6-m/nofp/libc_nano.a(lib_a-init.o)
_mainCRTStartup                                   /opt/gcc-arm-none-eabi-8-2018-q4-major/bin/../lib/gcc/arm-none-eabi/8.2.1/../../../../arm-none-eabi/lib/thumb/v6-m/nofp/crt0.o
_sbss                                             build/startup_stm32f070x6.o
_sdata                                            build/startup_stm32f070x6.o
_sidata                                           build/startup_stm32f070x6.o
_start                                            /opt/gcc-arm-none-eabi-8-2018-q4-major/bin/../lib/gcc/arm-none-eabi/8.2.1/../../../../arm-none-eabi/lib/thumb/v6-m/nofp/crt0.o
atexit                                            /opt/gcc-arm-none-eabi-8-2018-q4-major/bin/../lib/gcc/arm-none-eabi/8.2.1/../../../../arm-none-eabi/lib/thumb/v6-m/nofp/crt0.o
eMBClose                                          build/mb.o
eMBDisable                                        build/mb.o
eMBEnable                                         build/mb.o
eMBFuncReadCoils                                  build/mb.o
eMBFuncReadDiscreteInputs                         build/mb.o
eMBFuncReadHoldingRegister                        build/mb.o
eMBFuncReadInputRegister                          build/mb.o
eMBFuncReadWriteMultipleHoldingRegister           build/mb.o
eMBFuncReportSlaveID                              build/mb.o
eMBFuncWriteCoil                                  build/mb.o
eMBFuncWriteHoldingRegister                       build/mb.o
eMBFuncWriteMultipleCoils                         build/mb.o
eMBFuncWriteMultipleHoldingRegister               build/mb.o
eMBInit                                           build/mb.o
eMBPoll                                           build/mb.o
eMBRTUInit                                        build/mb.o
eMBRTUReceive                                     build/mb.o
eMBRTUSend                                        build/mb.o
eMBRTUStart                                       build/mb.o
eMBRTUStop                                        build/mb.o
eMBRegisterCB                                     build/mb.o
exit                                              /opt/gcc-arm-none-eabi-8-2018-q4-major/bin/../lib/gcc/arm-none-eabi/8.2.1/../../../../arm-none-eabi/lib/thumb/v6-m/nofp/libc_nano.a(lib_a-exit.o)
                                                  /opt/gcc-arm-none-eabi-8-2018-q4-major/bin/../lib/gcc/arm-none-eabi/8.2.1/../../../../arm-none-eabi/lib/thumb/v6-m/nofp/crt0.o
g_pfnVectors                                      build/startup_stm32f070x6.o
hardware_init_hook                                /opt/gcc-arm-none-eabi-8-2018-q4-major/bin/../lib/gcc/arm-none-eabi/8.2.1/../../../../arm-none-eabi/lib/thumb/v6-m/nofp/crt0.o
htim14                                            build/main.o
                                                  build/stm32f0xx_it.o
huart1                                            build/main.o
                                                  build/stm32f0xx_it.o
huart2                                            build/main.o
                                                  build/stm32f0xx_it.o
main                                              build/main.o
                                                  build/startup_stm32f070x6.o
                                                  /opt/gcc-arm-none-eabi-8-2018-q4-major/bin/../lib/gcc/arm-none-eabi/8.2.1/../../../../arm-none-eabi/lib/thumb/v6-m/nofp/crt0.o
memset                                            /opt/gcc-arm-none-eabi-8-2018-q4-major/bin/../lib/gcc/arm-none-eabi/8.2.1/../../../../arm-none-eabi/lib/thumb/v6-m/nofp/libc_nano.a(lib_a-memset.o)
                                                  build/stm32f0xx_hal_msp.o
                                                  build/main.o
                                                  /opt/gcc-arm-none-eabi-8-2018-q4-major/bin/../lib/gcc/arm-none-eabi/8.2.1/../../../../arm-none-eabi/lib/thumb/v6-m/nofp/crt0.o
pFlash                                            build/stm32f0xx_hal_flash.o
                                                  build/stm32f0xx_hal_flash_ex.o
prvvUARTRxISR                                     build/portserial.o
prvvUARTTxReadyISR                                build/portserial.o
pxMBFrameCBByteReceived                           build/mb.o
                                                  build/portserial.o
pxMBFrameCBReceiveFSMCur                          build/mb.o
pxMBFrameCBTransmitFSMCur                         build/mb.o
pxMBFrameCBTransmitterEmpty                       build/mb.o
                                                  build/portserial.o
pxMBPortCBTimerExpired                            build/mb.o
                                                  build/porttimer.o
software_init_hook                                /opt/gcc-arm-none-eabi-8-2018-q4-major/bin/../lib/gcc/arm-none-eabi/8.2.1/../../../../arm-none-eabi/lib/thumb/v6-m/nofp/crt0.o
uwTick                                            build/stm32f0xx_hal.o
vMBPortSerialEnable                               build/portserial.o
vMBPortTimersDisable                              build/porttimer.o
vMBPortTimersEnable                               build/porttimer.o
                                                  build/main.o
xMBPortEventGet                                   build/mb.o
xMBPortEventInit                                  build/mb.o
xMBPortEventPost                                  build/mb.o
xMBPortSerialGetByte                              build/portserial.o
xMBPortSerialInit                                 build/portserial.o
xMBPortSerialPutByte                              build/portserial.o
xMBPortTimersInit                                 build/porttimer.o
                                                  build/main.o
xMBRTUReceiveFSM                                  build/mb.o
xMBRTUTimerT35Expired                             build/mb.o
xMBRTUTransmitFSM                                 build/mb.o
